Compiling lib/main.dart for the Web...                          
Wasm dry run findings:
Found incompatibilities with WebAssembly.

package:flutter_secure_storage_web/flutter_secure_storage_web.dart 5:1 - dart:html unsupported (0)
package:flutter_secure_storage_web/flutter_secure_storage_web.dart 6:1 - dart:js_util unsupported (15)
package:flutter_secure_storage_web/src/subtle.dart 21:1 - dart:html unsupported (0)
package:flutter_secure_storage_web/src/subtle.dart 22:1 - dart:js_util unsupported (15)
package:flutter_secure_storage_web/src/subtle.dart 26:1 - package:js/js.dart unsupported (14)

Consider addressing these issues to enable wasm builds. See docs for more info: https://docs.flutter.dev/platform-integration/web/wasm

Use --no-wasm-dry-run to disable these warnings.
Target dart2js failed: ProcessException: Process exited abnormally with exit code 1:
lib/core/themes/app_typography.dart:356:21:
Error: A method declaration needs an explicit list of parameters.
  static TextStyle? displayLarge => lightTextTheme.displayLarge;
                    ^^^^^^^^^^^^
lib/core/themes/app_typography.dart:358:21:
Error: A method declaration needs an explicit list of parameters.
  static TextStyle? displayMedium => lightTextTheme.displayMedium;
                    ^^^^^^^^^^^^^
lib/core/themes/app_typography.dart:360:21:
Error: A method declaration needs an explicit list of parameters.
  static TextStyle? displaySmall => lightTextTheme.displaySmall;
                    ^^^^^^^^^^^^
lib/core/themes/app_typography.dart:363:21:
Error: A method declaration needs an explicit list of parameters.
  static TextStyle? headlineLarge => lightTextTheme.headlineLarge;
                    ^^^^^^^^^^^^^
lib/core/themes/app_typography.dart:365:21:
Error: A method declaration needs an explicit list of parameters.
  static TextStyle? headlineMedium => lightTextTheme.headlineMedium;
                    ^^^^^^^^^^^^^^
lib/core/themes/app_typography.dart:367:21:
Error: A method declaration needs an explicit list of parameters.
  static TextStyle? headlineSmall => lightTextTheme.headlineSmall;
                    ^^^^^^^^^^^^^
lib/core/themes/app_typography.dart:370:21:
Error: A method declaration needs an explicit list of parameters.
  static TextStyle? titleLarge => lightTextTheme.titleLarge;
                    ^^^^^^^^^^
lib/core/themes/app_typography.dart:372:21:
Error: A method declaration needs an explicit list of parameters.
  static TextStyle? titleMedium => lightTextTheme.titleMedium;
                    ^^^^^^^^^^^
lib/core/themes/app_typography.dart:374:21:
Error: A method declaration needs an explicit list of parameters.
  static TextStyle? titleSmall => lightTextTheme.titleSmall;
                    ^^^^^^^^^^
lib/core/themes/app_typography.dart:377:21:
Error: A method declaration needs an explicit list of parameters.
  static TextStyle? bodyLarge => lightTextTheme.bodyLarge;
                    ^^^^^^^^^
lib/core/themes/app_typography.dart:379:21:
Error: A method declaration needs an explicit list of parameters.
  static TextStyle? bodyMedium => lightTextTheme.bodyMedium;
                    ^^^^^^^^^^
lib/core/themes/app_typography.dart:381:21:
Error: A method declaration needs an explicit list of parameters.
  static TextStyle? bodySmall => lightTextTheme.bodySmall;
                    ^^^^^^^^^
lib/core/themes/app_typography.dart:384:21:
Error: A method declaration needs an explicit list of parameters.
  static TextStyle? labelLarge => lightTextTheme.labelLarge;
                    ^^^^^^^^^^
lib/core/themes/app_typography.dart:386:21:
Error: A method declaration needs an explicit list of parameters.
  static TextStyle? labelMedium => lightTextTheme.labelMedium;
                    ^^^^^^^^^^^
lib/core/themes/app_typography.dart:388:21:
Error: A method declaration needs an explicit list of parameters.
  static TextStyle? labelSmall => lightTextTheme.labelSmall;
                    ^^^^^^^^^^
lib/features/teacher_workspace/domain/usecases/add_comment_usecase.dart:39:17:
Error: Type 'CommentEntity' not found.
  Future<Result<CommentEntity>> call(AddCommentParams params) async {
                ^^^^^^^^^^^^^
lib/features/teacher_workspace/domain/usecases/get_comments_usecase.dart:36:22:
Error: Type 'CommentEntity' not found.
  Future<Result<List<CommentEntity>>> call(GetCommentsParams params) async {
                     ^^^^^^^^^^^^^
lib/features/teacher_workspace/domain/usecases/get_enhanced_dashboard_usecase.dart:32:17:
Error: Type 'EnhancedDashboardEntity' not found.
  Future<Result<EnhancedDashboardEntity>> call(
                ^^^^^^^^^^^^^^^^^^^^^^^
lib/features/parent_portal/domain/usecases/get_parent_insights_usecase.dart:34:22:
Error: Type 'ParentInsightEntity' not found.
  Future<Result<List<ParentInsightEntity>>> call(
                     ^^^^^^^^^^^^^^^^^^^
lib/features/parent_portal/domain/usecases/get_message_threads_usecase.dart:35:22:
Error: Type 'MessageThreadEntity' not found.
  Future<Result<List<MessageThreadEntity>>> call(
                     ^^^^^^^^^^^^^^^^^^^
lib/features/parent_portal/domain/usecases/download_report_usecase.dart:41:17:
Error: Type 'ReportDownloadEntity' not found.
  Future<Result<ReportDownloadEntity>> call(DownloadReportParams params) async {
                ^^^^^^^^^^^^^^^^^^^^
lib/features/parent_portal/domain/usecases/record_engagement_usecase.dart:38:17:
Error: Type 'EngagementRecordEntity' not found.
  Future<Result<EngagementRecordEntity>> call(
                ^^^^^^^^^^^^^^^^^^^^^^
lib/features/billing/domain/usecases/manage_referrals_usecase.dart:18:9:
Error: Type 'ReferrerType' not found.
  final ReferrerType referrerType;
        ^^^^^^^^^^^^
lib/features/billing/domain/usecases/manage_referrals_usecase.dart:54:9:
Error: Type 'RefereeType' not found.
  final RefereeType refereeType;
        ^^^^^^^^^^^
lib/features/billing/domain/usecases/manage_referrals_usecase.dart:61:17:
Error: Type 'ReferralEntity' not found.
  Future<Result<ReferralEntity>> call(ApplyReferralCodeParams params) async {
                ^^^^^^^^^^^^^^
lib/features/billing/domain/usecases/manage_referrals_usecase.dart:99:33:
Error: Type 'ReferralEntity' not found.
  Future<Result<PaginatedResult<ReferralEntity>>> call(
                                ^^^^^^^^^^^^^^
lib/features/billing/domain/usecases/manage_referrals_usecase.dart:99:17:
Error: Type 'PaginatedResult' not found.
  Future<Result<PaginatedResult<ReferralEntity>>> call(
                ^^^^^^^^^^^^^^^
lib/features/billing/domain/usecases/get_revenue_analytics_usecase.dart:26:17:
Error: Type 'RevenueDataEntity' not found.
  Future<Result<RevenueDataEntity>> call(GetRevenueDataParams params) async {
                ^^^^^^^^^^^^^^^^^
lib/features/billing/domain/usecases/get_revenue_analytics_usecase.dart:52:17:
Error: Type 'BillingDashboardSummaryEntity' not found.
  Future<Result<BillingDashboardSummaryEntity>> call() async {
                ^^^^^^^^^^^^^^^^^^^^^^^^^^^^^
lib/features/billing/domain/usecases/manage_billing_notifications_usecase.dart:28:17:
Error: Type 'PaginatedResult' not found.
  Future<Result<PaginatedResult<BillingNotificationEntity>>> call(
                ^^^^^^^^^^^^^^^
lib/features/billing/presentation/providers/referral_provider.dart:32:14:
Error: Type 'ReferralEntity' not found.
  final List<ReferralEntity> referralTracking;
             ^^^^^^^^^^^^^^
lib/features/billing/presentation/providers/referral_provider.dart:55:10:
Error: Type 'ReferralEntity' not found.
    List<ReferralEntity>? referralTracking,
         ^^^^^^^^^^^^^^
lib/features/billing/presentation/providers/revenue_provider.dart:31:9:
Error: Type 'BillingDashboardSummaryEntity' not found.
  final BillingDashboardSummaryEntity? dashboardSummary;
        ^^^^^^^^^^^^^^^^^^^^^^^^^^^^^
lib/features/billing/presentation/providers/revenue_provider.dart:46:5:
Error: Type 'BillingDashboardSummaryEntity' not found.
    BillingDashboardSummaryEntity? dashboardSummary,
    ^^^^^^^^^^^^^^^^^^^^^^^^^^^^^
lib/features/auth/presentation/pages/register_page.dart:423:39:
Error: Type 'TextInputFormatter' not found.
class _UpperCaseTextFormatter extends TextInputFormatter {
                                      ^^^^^^^^^^^^^^^^^^
lib/features/billing/presentation/pages/referral_program_page.dart:281:51:
Error: Type 'ReferralEntity' not found.
  Widget _buildReferralTile(BuildContext context, ReferralEntity referral) {
                                                  ^^^^^^^^^^^^^^
lib/features/ccms/presentation/pages/content_editor_page.dart:39:3:
Error: Type 'SourceType' not found.
  SourceType _sourceType = SourceType.original;
  ^^^^^^^^^^
lib/features/ccms/presentation/pages/content_import_page.dart:338:26:
Error: Type 'ContentImportEntry' not found.
  void _showImportDetail(ContentImportEntry importEntry) {
                         ^^^^^^^^^^^^^^^^^^
lib/features/ccms/presentation/pages/answer_repository_page.dart:266:30:
Error: Type 'AnswerEntry' not found.
  void _showEditAnswerDialog(AnswerEntry entry) {
                             ^^^^^^^^^^^
lib/features/ccms/presentation/pages/security_center_page.dart:82:23:
Error: Type 'EnterpriseState' not found.
  Widget _buildMfaTab(EnterpriseState state, ColorScheme cs, TextTheme tt) {
                      ^^^^^^^^^^^^^^^
lib/features/ccms/presentation/pages/security_center_page.dart:215:27:
Error: Type 'EnterpriseState' not found.
  Widget _buildApiKeysTab(EnterpriseState state, ColorScheme cs, TextTheme tt) {
                          ^^^^^^^^^^^^^^^
lib/features/ccms/presentation/pages/security_center_page.dart:308:7:
Error: Type 'EnterpriseState' not found.
      EnterpriseState state, ColorScheme cs, TextTheme tt) {
      ^^^^^^^^^^^^^^^
lib/features/ccms/presentation/pages/security_center_page.dart:379:7:
Error: Type 'EnterpriseState' not found.
      EnterpriseState state, ColorScheme cs, TextTheme tt) {
      ^^^^^^^^^^^^^^^
lib/features/ccms/presentation/pages/security_center_page.dart:453:7:
Error: Type 'EnterpriseState' not found.
      EnterpriseState state, ColorScheme cs, TextTheme tt) {
      ^^^^^^^^^^^^^^^
lib/features/super_admin/presentation/pages/platform_analytics_page.dart:69:9:
Error: Type 'GetSchoolGrowthUseCase' not found.
  final GetSchoolGrowthUseCase _schoolGrowthUseCase;
        ^^^^^^^^^^^^^^^^^^^^^^
lib/features/super_admin/presentation/pages/platform_analytics_page.dart:70:9:
Error: Type 'GetUserGrowthUseCase' not found.
  final GetUserGrowthUseCase _userGrowthUseCase;
        ^^^^^^^^^^^^^^^^^^^^
lib/features/super_admin/presentation/pages/platform_analytics_page.dart:71:9:
Error: Type 'GetFeatureUsageUseCase' not found.
  final GetFeatureUsageUseCase _featureUsageUseCase;
        ^^^^^^^^^^^^^^^^^^^^^^
lib/features/super_admin/presentation/pages/platform_analytics_page.dart:72:9:
Error: Type 'GetRetentionMetricsUseCase' not found.
  final GetRetentionMetricsUseCase _retentionUseCase;
        ^^^^^^^^^^^^^^^^^^^^^^^^^^
lib/features/super_admin/presentation/pages/platform_analytics_page.dart:59:14:
Error: Type 'GetSchoolGrowthUseCase' not found.
    required GetSchoolGrowthUseCase schoolGrowthUseCase,
             ^^^^^^^^^^^^^^^^^^^^^^
lib/features/super_admin/presentation/pages/platform_analytics_page.dart:60:14:
Error: Type 'GetUserGrowthUseCase' not found.
    required GetUserGrowthUseCase userGrowthUseCase,
             ^^^^^^^^^^^^^^^^^^^^
lib/features/super_admin/presentation/pages/platform_analytics_page.dart:61:14:
Error: Type 'GetFeatureUsageUseCase' not found.
    required GetFeatureUsageUseCase featureUsageUseCase,
             ^^^^^^^^^^^^^^^^^^^^^^
lib/features/super_admin/presentation/pages/platform_analytics_page.dart:62:14:
Error: Type 'GetRetentionMetricsUseCase' not found.
    required GetRetentionMetricsUseCase retentionUseCase,
             ^^^^^^^^^^^^^^^^^^^^^^^^^^
lib/features/super_admin/presentation/pages/platform_analytics_page.dart:117:15:
Error: Type 'Failure' not found.
  String _map(Failure f) => f.when(
              ^^^^^^^
lib/features/cbt_engine/domain/entities/exam_template_entities.dart:571:9:
Error: Type 'SubmissionType' not found.
  final SubmissionType submissionType;
        ^^^^^^^^^^^^^^
lib/features/cbt_engine/domain/entities/exam_template_entities.dart:589:5:
Error: Type 'SubmissionType' not found.
    SubmissionType? submissionType,
    ^^^^^^^^^^^^^^
lib/features/marketing/presentation/providers/marketing_provider.dart:47:26:
Error: Type 'Failure' not found.
  String _extractMessage(Failure failure) => failure.when(
                         ^^^^^^^
lib/features/edu_os/domain/entities/edu_os_entities.dart:39:3:
Error: Type 'Color' not found.
  Color get displayColor {
  ^^^^^
lib/features/edu_os/presentation/providers/edu_os_provider.dart:57:26:
Error: Type 'Failure' not found.
  String _extractMessage(Failure failure) => failure.when(
                         ^^^^^^^
lib/features/analytics_dashboard/presentation/providers/analytics_dashboard_provider.dart:62:26:
Error: Type 'Failure' not found.
  String _extractMessage(Failure failure) => failure.when(
                         ^^^^^^^
lib/features/student_portal/presentation/providers/ai_tutor_provider.dart:422:33:
Error: Undefined name 'getConversationsUseCaseProvider'.
    getConversations: ref.watch(getConversationsUseCaseProvider),
                                ^^^^^^^^^^^^^^^^^^^^^^^^^^^^^^^
lib/features/student_portal/presentation/providers/ai_tutor_provider.dart:423:38:
Error: Undefined name 'getConversationDetailUseCaseProvider'.
    getConversationDetail: ref.watch(getConversationDetailUseCaseProvider),
                                     ^^^^^^^^^^^^^^^^^^^^^^^^^^^^^^^^^^^^
lib/features/student_portal/presentation/providers/ai_tutor_provider.dart:424:35:
Error: Undefined name 'createConversationUseCaseProvider'.
    createConversation: ref.watch(createConversationUseCaseProvider),
                                  ^^^^^^^^^^^^^^^^^^^^^^^^^^^^^^^^^
lib/features/student_portal/presentation/providers/ai_tutor_provider.dart:425:28:
Error: Undefined name 'sendMessageUseCaseProvider'.
    sendMessage: ref.watch(sendMessageUseCaseProvider),
                           ^^^^^^^^^^^^^^^^^^^^^^^^^^
lib/features/student_portal/presentation/providers/ai_tutor_provider.dart:426:35:
Error: Undefined name 'deleteConversationUseCaseProvider'.
    deleteConversation: ref.watch(deleteConversationUseCaseProvider),
                                  ^^^^^^^^^^^^^^^^^^^^^^^^^^^^^^^^^
lib/features/student_portal/presentation/providers/assignment_provider.dart:362:31:
Error: Undefined name 'getSubmissionsUseCaseProvider'.
    getSubmissions: ref.watch(getSubmissionsUseCaseProvider),
                              ^^^^^^^^^^^^^^^^^^^^^^^^^^^^^
lib/features/student_portal/presentation/providers/assignment_provider.dart:363:36:
Error: Undefined name 'getSubmissionDetailUseCaseProvider'.
    getSubmissionDetail: ref.watch(getSubmissionDetailUseCaseProvider),
                                   ^^^^^^^^^^^^^^^^^^^^^^^^^^^^^^^^^^
lib/features/student_portal/presentation/providers/assignment_provider.dart:364:33:
Error: Undefined name 'createSubmissionUseCaseProvider'.
    createSubmission: ref.watch(createSubmissionUseCaseProvider),
                                ^^^^^^^^^^^^^^^^^^^^^^^^^^^^^^^
lib/features/student_portal/presentation/providers/assignment_provider.dart:365:33:
Error: Undefined name 'submitAssignmentUseCaseProvider'.
    submitAssignment: ref.watch(submitAssignmentUseCaseProvider),
                                ^^^^^^^^^^^^^^^^^^^^^^^^^^^^^^^
lib/features/student_portal/presentation/providers/assignment_provider.dart:367:19:
Error: Undefined name 'getAssignedAssignmentsUseCaseProvider'.
        ref.watch(getAssignedAssignmentsUseCaseProvider),
                  ^^^^^^^^^^^^^^^^^^^^^^^^^^^^^^^^^^^^^
lib/features/student_portal/presentation/providers/document_chat_provider.dart:380:31:
Error: Undefined name 'uploadDocumentUseCaseProvider'.
    uploadDocument: ref.watch(uploadDocumentUseCaseProvider),
                              ^^^^^^^^^^^^^^^^^^^^^^^^^^^^^
lib/features/student_portal/presentation/providers/document_chat_provider.dart:381:29:
Error: Undefined name 'getDocumentsUseCaseProvider'.
    getDocuments: ref.watch(getDocumentsUseCaseProvider),
                            ^^^^^^^^^^^^^^^^^^^^^^^^^^^
lib/features/student_portal/presentation/providers/document_chat_provider.dart:382:36:
Error: Undefined name 'sendDocumentMessageUseCaseProvider'.
    sendDocumentMessage: ref.watch(sendDocumentMessageUseCaseProvider),
                                   ^^^^^^^^^^^^^^^^^^^^^^^^^^^^^^^^^^
lib/features/student_portal/presentation/providers/document_chat_provider.dart:384:25:
Error: Undefined name 'studentSchoolIdProvider'.
    schoolId: ref.watch(studentSchoolIdProvider),
                        ^^^^^^^^^^^^^^^^^^^^^^^
lib/features/student_portal/presentation/providers/flashcard_provider.dart:679:34:
Error: Undefined name 'getFlashcardDecksUseCaseProvider'.
    getFlashcardDecks: ref.watch(getFlashcardDecksUseCaseProvider),
                                 ^^^^^^^^^^^^^^^^^^^^^^^^^^^^^^^^
lib/features/student_portal/presentation/providers/flashcard_provider.dart:680:36:
Error: Undefined name 'createFlashcardDeckUseCaseProvider'.
    createFlashcardDeck: ref.watch(createFlashcardDeckUseCaseProvider),
                                   ^^^^^^^^^^^^^^^^^^^^^^^^^^^^^^^^^^
lib/features/student_portal/presentation/providers/flashcard_provider.dart:681:30:
Error: Undefined name 'getFlashcardsUseCaseProvider'.
    getFlashcards: ref.watch(getFlashcardsUseCaseProvider),
                             ^^^^^^^^^^^^^^^^^^^^^^^^^^^^
lib/features/student_portal/presentation/providers/flashcard_provider.dart:682:32:
Error: Undefined name 'createFlashcardUseCaseProvider'.
    createFlashcard: ref.watch(createFlashcardUseCaseProvider),
                               ^^^^^^^^^^^^^^^^^^^^^^^^^^^^^^
lib/features/student_portal/presentation/providers/flashcard_provider.dart:683:30:
Error: Undefined name 'rateFlashcardUseCaseProvider'.
    rateFlashcard: ref.watch(rateFlashcardUseCaseProvider),
                             ^^^^^^^^^^^^^^^^^^^^^^^^^^^^
lib/features/student_portal/presentation/providers/flashcard_provider.dart:684:35:
Error: Undefined name 'generateFlashcardsUseCaseProvider'.
    generateFlashcards: ref.watch(generateFlashcardsUseCaseProvider),
                                  ^^^^^^^^^^^^^^^^^^^^^^^^^^^^^^^^^
lib/features/student_portal/presentation/providers/flashcard_provider.dart:685:36:
Error: Undefined name 'deleteFlashcardDeckUseCaseProvider'.
    deleteFlashcardDeck: ref.watch(deleteFlashcardDeckUseCaseProvider),
                                   ^^^^^^^^^^^^^^^^^^^^^^^^^^^^^^^^^^
lib/features/student_portal/presentation/providers/flashcard_provider.dart:687:25:
Error: Undefined name 'studentSchoolIdProvider'.
    schoolId: ref.watch(studentSchoolIdProvider),
                        ^^^^^^^^^^^^^^^^^^^^^^^
lib/features/student_portal/presentation/providers/goals_provider.dart:296:25:
Error: Undefined name 'getGoalsUseCaseProvider'.
    getGoals: ref.watch(getGoalsUseCaseProvider),
                        ^^^^^^^^^^^^^^^^^^^^^^^
lib/features/student_portal/presentation/providers/goals_provider.dart:297:27:
Error: Undefined name 'createGoalUseCaseProvider'.
    createGoal: ref.watch(createGoalUseCaseProvider),
                          ^^^^^^^^^^^^^^^^^^^^^^^^^
lib/features/student_portal/presentation/providers/goals_provider.dart:298:27:
Error: Undefined name 'updateGoalUseCaseProvider'.
    updateGoal: ref.watch(updateGoalUseCaseProvider),
                          ^^^^^^^^^^^^^^^^^^^^^^^^^
lib/features/student_portal/presentation/providers/goals_provider.dart:300:25:
Error: Undefined name 'studentSchoolIdProvider'.
    schoolId: ref.watch(studentSchoolIdProvider),
                        ^^^^^^^^^^^^^^^^^^^^^^^
lib/features/student_portal/presentation/providers/practice_provider.dart:544:38:
Error: Undefined name 'createPracticeSessionUseCaseProvider'.
    createPracticeSession: ref.watch(createPracticeSessionUseCaseProvider),
                                     ^^^^^^^^^^^^^^^^^^^^^^^^^^^^^^^^^^^^
lib/features/student_portal/presentation/providers/practice_provider.dart:545:36:
Error: Undefined name 'getPracticeSessionsUseCaseProvider'.
    getPracticeSessions: ref.watch(getPracticeSessionsUseCaseProvider),
                                   ^^^^^^^^^^^^^^^^^^^^^^^^^^^^^^^^^^
lib/features/student_portal/presentation/providers/practice_provider.dart:547:19:
Error: Undefined name 'getPracticeSessionDetailUseCaseProvider'.
        ref.watch(getPracticeSessionDetailUseCaseProvider),
                  ^^^^^^^^^^^^^^^^^^^^^^^^^^^^^^^^^^^^^^^
lib/features/student_portal/presentation/providers/practice_provider.dart:548:37:
Error: Undefined name 'submitPracticeAnswerUseCaseProvider'.
    submitPracticeAnswer: ref.watch(submitPracticeAnswerUseCaseProvider),
                                    ^^^^^^^^^^^^^^^^^^^^^^^^^^^^^^^^^^^
lib/features/student_portal/presentation/providers/practice_provider.dart:550:19:
Error: Undefined name 'completePracticeSessionUseCaseProvider'.
        ref.watch(completePracticeSessionUseCaseProvider),
                  ^^^^^^^^^^^^^^^^^^^^^^^^^^^^^^^^^^^^^^
lib/features/student_portal/presentation/providers/progress_provider.dart:302:28:
Error: Undefined name 'getProgressUseCaseProvider'.
    getProgress: ref.watch(getProgressUseCaseProvider),
                           ^^^^^^^^^^^^^^^^^^^^^^^^^^
lib/features/student_portal/presentation/providers/progress_provider.dart:303:34:
Error: Undefined name 'getLatestProgressUseCaseProvider'.
    getLatestProgress: ref.watch(getLatestProgressUseCaseProvider),
                                 ^^^^^^^^^^^^^^^^^^^^^^^^^^^^^^^^
lib/features/student_portal/presentation/providers/progress_provider.dart:304:27:
Error: Undefined name 'studentPortalRepositoryProvider'.
    repository: ref.watch(studentPortalRepositoryProvider),
                          ^^^^^^^^^^^^^^^^^^^^^^^^^^^^^^^
lib/features/student_portal/presentation/providers/resource_provider.dart:344:20:
Error: Undefined name 'userSchoolIdProvider'.
  return ref.watch(userSchoolIdProvider);
                   ^^^^^^^^^^^^^^^^^^^^
lib/features/student_portal/presentation/providers/resource_provider.dart:351:29:
Error: Undefined name 'studentGetResourcesUseCaseProvider'.
    getResources: ref.watch(studentGetResourcesUseCaseProvider),
                            ^^^^^^^^^^^^^^^^^^^^^^^^^^^^^^^^^^
lib/features/student_portal/presentation/providers/resource_provider.dart:352:34:
Error: Undefined name 'getResourceDetailUseCaseProvider'.
    getResourceDetail: ref.watch(getResourceDetailUseCaseProvider),
                                 ^^^^^^^^^^^^^^^^^^^^^^^^^^^^^^^^
lib/features/student_portal/presentation/providers/resource_provider.dart:353:34:
Error: Undefined name 'logResourceAccessUseCaseProvider'.
    logResourceAccess: ref.watch(logResourceAccessUseCaseProvider),
                                 ^^^^^^^^^^^^^^^^^^^^^^^^^^^^^^^^
lib/features/student_portal/presentation/providers/student_dashboard_provider.dart:251:36:
Error: Undefined name 'getDashboardStatsUseCaseProvider'.
      getDashboardStats: ref.watch(getDashboardStatsUseCaseProvider),
                                   ^^^^^^^^^^^^^^^^^^^^^^^^^^^^^^^^
lib/features/student_portal/presentation/providers/student_dashboard_provider.dart:252:35:
Error: Undefined name 'getConversationsUseCaseProvider'.
      getConversations: ref.watch(getConversationsUseCaseProvider),
                                  ^^^^^^^^^^^^^^^^^^^^^^^^^^^^^^^
lib/features/student_portal/presentation/providers/student_dashboard_provider.dart:253:35:
Error: Undefined name 'getNotificationsUseCaseProvider'.
      getNotifications: ref.watch(getNotificationsUseCaseProvider),
                                  ^^^^^^^^^^^^^^^^^^^^^^^^^^^^^^^
lib/features/student_portal/presentation/providers/student_dashboard_provider.dart:254:33:
Error: Undefined name 'getSubmissionsUseCaseProvider'.
      getSubmissions: ref.watch(getSubmissionsUseCaseProvider),
                                ^^^^^^^^^^^^^^^^^^^^^^^^^^^^^
lib/features/student_portal/presentation/providers/student_dashboard_provider.dart:255:38:
Error: Undefined name 'getPracticeSessionsUseCaseProvider'.
      getPracticeSessions: ref.watch(getPracticeSessionsUseCaseProvider),
                                     ^^^^^^^^^^^^^^^^^^^^^^^^^^^^^^^^^^
lib/features/student_portal/presentation/providers/student_notification_provider.dart:302:33:
Error: Undefined name 'getNotificationsUseCaseProvider'.
    getNotifications: ref.watch(getNotificationsUseCaseProvider),
                                ^^^^^^^^^^^^^^^^^^^^^^^^^^^^^^^
lib/features/student_portal/presentation/providers/student_notification_provider.dart:303:37:
Error: Undefined name 'markNotificationReadUseCaseProvider'.
    markNotificationRead: ref.watch(markNotificationReadUseCaseProvider),
                                    ^^^^^^^^^^^^^^^^^^^^^^^^^^^^^^^^^^^
lib/features/student_portal/presentation/providers/student_notification_provider.dart:305:19:
Error: Undefined name 'markAllNotificationsReadUseCaseProvider'.
        ref.watch(markAllNotificationsReadUseCaseProvider),
                  ^^^^^^^^^^^^^^^^^^^^^^^^^^^^^^^^^^^^^^^
lib/features/student_portal/presentation/providers/study_planner_provider.dart:486:30:
Error: Undefined name 'getStudyPlansUseCaseProvider'.
    getStudyPlans: ref.watch(getStudyPlansUseCaseProvider),
                             ^^^^^^^^^^^^^^^^^^^^^^^^^^^^
lib/features/student_portal/presentation/providers/study_planner_provider.dart:487:32:
Error: Undefined name 'createStudyPlanUseCaseProvider'.
    createStudyPlan: ref.watch(createStudyPlanUseCaseProvider),
                               ^^^^^^^^^^^^^^^^^^^^^^^^^^^^^^
lib/features/student_portal/presentation/providers/study_planner_provider.dart:488:32:
Error: Undefined name 'updateStudyTaskUseCaseProvider'.
    updateStudyTask: ref.watch(updateStudyTaskUseCaseProvider),
                               ^^^^^^^^^^^^^^^^^^^^^^^^^^^^^^
lib/features/student_portal/presentation/providers/study_planner_provider.dart:489:33:
Error: Undefined name 'suggestStudyPlanUseCaseProvider'.
    suggestStudyPlan: ref.watch(suggestStudyPlanUseCaseProvider),
                                ^^^^^^^^^^^^^^^^^^^^^^^^^^^^^^^
lib/features/student_portal/presentation/providers/study_planner_provider.dart:490:32:
Error: Undefined name 'deleteStudyPlanUseCaseProvider'.
    deleteStudyPlan: ref.watch(deleteStudyPlanUseCaseProvider),
                               ^^^^^^^^^^^^^^^^^^^^^^^^^^^^^^
lib/features/student_portal/presentation/providers/study_planner_provider.dart:492:25:
Error: Undefined name 'studentSchoolIdProvider'.
    schoolId: ref.watch(studentSchoolIdProvider),
                        ^^^^^^^^^^^^^^^^^^^^^^^
lib/features/parent_portal/presentation/providers/parent_messaging_provider.dart:263:41:
Error: Undefined name 'sendParentMessageUseCaseProvider'.
    sendParentMessageUseCase: ref.watch(sendParentMessageUseCaseProvider),
                                        ^^^^^^^^^^^^^^^^^^^^^^^^^^^^^^^^
lib/features/parent_portal/presentation/providers/parent_messaging_provider.dart:264:41:
Error: Undefined name 'getParentMessagesUseCaseProvider'.
    getParentMessagesUseCase: ref.watch(getParentMessagesUseCaseProvider),
                                        ^^^^^^^^^^^^^^^^^^^^^^^^^^^^^^^^
lib/features/parent_portal/presentation/providers/parent_messaging_provider.dart:265:40:
Error: Undefined name 'getMessageThreadsUseCaseProvider'.
    getParentThreadsUseCase: ref.watch(getMessageThreadsUseCaseProvider),
                                       ^^^^^^^^^^^^^^^^^^^^^^^^^^^^^^^^
lib/features/parent_portal/presentation/providers/parent_messaging_provider.dart:266:39:
Error: Undefined name 'markMessageReadUseCaseProvider'.
    markMessageReadUseCase: ref.watch(markMessageReadUseCaseProvider),
                                      ^^^^^^^^^^^^^^^^^^^^^^^^^^^^^^
lib/features/parent_portal/presentation/providers/parent_notification_provider.dart:232:19:
Error: Undefined name 'getParentNotificationsUseCaseProvider'.
        ref.watch(getParentNotificationsUseCaseProvider),
                  ^^^^^^^^^^^^^^^^^^^^^^^^^^^^^^^^^^^^^
lib/features/parent_portal/presentation/providers/parent_notification_provider.dart:234:19:
Error: Undefined name 'markNotificationReadUseCaseProvider'.
        ref.watch(markNotificationReadUseCaseProvider),
                  ^^^^^^^^^^^^^^^^^^^^^^^^^^^^^^^^^^^
lib/features/parent_portal/presentation/providers/parent_calendar_provider.dart:172:41:
Error: Undefined name 'getParentCalendarUseCaseProvider'.
    getParentCalendarUseCase: ref.watch(getParentCalendarUseCaseProvider),
                                        ^^^^^^^^^^^^^^^^^^^^^^^^^^^^^^^^
lib/features/parent_portal/presentation/providers/parent_assistant_provider.dart:182:42:
Error: Undefined name 'askParentAssistantUseCaseProvider'.
    askParentAssistantUseCase: ref.watch(askParentAssistantUseCaseProvider),
                                         ^^^^^^^^^^^^^^^^^^^^^^^^^^^^^^^^^
lib/features/parent_portal/presentation/providers/parent_insights_provider.dart:176:41:
Error: Undefined name 'getParentInsightsUseCaseProvider'.
    getParentInsightsUseCase: ref.watch(getParentInsightsUseCaseProvider),
                                        ^^^^^^^^^^^^^^^^^^^^^^^^^^^^^^^^
lib/features/parent_portal/presentation/providers/parent_insights_provider.dart:177:38:
Error: Undefined name 'dismissInsightUseCaseProvider'.
    dismissInsightUseCase: ref.watch(dismissInsightUseCaseProvider),
                                     ^^^^^^^^^^^^^^^^^^^^^^^^^^^^^
lib/features/parent_portal/presentation/providers/parent_reports_provider.dart:167:38:
Error: Undefined name 'downloadReportUseCaseProvider'.
    downloadReportUseCase: ref.watch(downloadReportUseCaseProvider),
                                     ^^^^^^^^^^^^^^^^^^^^^^^^^^^^^
lib/features/parent_portal/presentation/providers/parent_engagement_provider.dart:175:19:
Error: Undefined name 'getEngagementAnalyticsUseCaseProvider'.
        ref.watch(getEngagementAnalyticsUseCaseProvider),
                  ^^^^^^^^^^^^^^^^^^^^^^^^^^^^^^^^^^^^^
lib/features/marketplace/presentation/providers/marketplace_provider.dart:508:35:
Error: Undefined name 'getProductsUseCaseProvider'.
    getProductsUseCase: ref.watch(getProductsUseCaseProvider),
                                  ^^^^^^^^^^^^^^^^^^^^^^^^^^
lib/features/marketplace/presentation/providers/marketplace_provider.dart:509:43:
Error: Undefined name 'getFeaturedProductsUseCaseProvider'.
    getFeaturedProductsUseCase: ref.watch(getFeaturedProductsUseCaseProvider),
                                          ^^^^^^^^^^^^^^^^^^^^^^^^^^^^^^^^^^
lib/features/marketplace/presentation/providers/marketplace_provider.dart:510:43:
Error: Undefined name 'getTrendingProductsUseCaseProvider'.
    getTrendingProductsUseCase: ref.watch(getTrendingProductsUseCaseProvider),
                                          ^^^^^^^^^^^^^^^^^^^^^^^^^^^^^^^^^^
lib/features/marketplace/presentation/providers/marketplace_provider.dart:511:42:
Error: Undefined name 'getRecommendationsUseCaseProvider'.
    getRecommendationsUseCase: ref.watch(getRecommendationsUseCaseProvider),
                                         ^^^^^^^^^^^^^^^^^^^^^^^^^^^^^^^^^
lib/features/marketplace/presentation/providers/marketplace_provider.dart:512:37:
Error: Undefined name 'getCategoriesUseCaseProvider'.
    getCategoriesUseCase: ref.watch(getCategoriesUseCaseProvider),
                                    ^^^^^^^^^^^^^^^^^^^^^^^^^^^^
lib/features/marketplace/presentation/providers/cart_provider.dart:390:31:
Error: Undefined name 'getCartUseCaseProvider'.
    getCartUseCase: ref.watch(getCartUseCaseProvider),
                              ^^^^^^^^^^^^^^^^^^^^^^
lib/features/marketplace/presentation/providers/cart_provider.dart:391:33:
Error: Undefined name 'addToCartUseCaseProvider'.
    addToCartUseCase: ref.watch(addToCartUseCaseProvider),
                                ^^^^^^^^^^^^^^^^^^^^^^^^
lib/features/marketplace/presentation/providers/cart_provider.dart:392:38:
Error: Undefined name 'updateCartItemUseCaseProvider'.
    updateCartItemUseCase: ref.watch(updateCartItemUseCaseProvider),
                                     ^^^^^^^^^^^^^^^^^^^^^^^^^^^^^
lib/features/marketplace/presentation/providers/cart_provider.dart:393:38:
Error: Undefined name 'removeFromCartUseCaseProvider'.
    removeFromCartUseCase: ref.watch(removeFromCartUseCaseProvider),
                                     ^^^^^^^^^^^^^^^^^^^^^^^^^^^^^
lib/features/marketplace/presentation/providers/cart_provider.dart:394:33:
Error: Undefined name 'clearCartUseCaseProvider'.
    clearCartUseCase: ref.watch(clearCartUseCaseProvider),
                                ^^^^^^^^^^^^^^^^^^^^^^^^
lib/features/marketplace/presentation/providers/cart_provider.dart:395:41:
Error: Undefined name 'validatePromoCodeUseCaseProvider'.
    validatePromoCodeUseCase: ref.watch(validatePromoCodeUseCaseProvider),
                                        ^^^^^^^^^^^^^^^^^^^^^^^^^^^^^^^^
lib/features/marketplace/presentation/providers/order_provider.dart:304:35:
Error: Undefined name 'createOrderUseCaseProvider'.
    createOrderUseCase: ref.watch(createOrderUseCaseProvider),
                                  ^^^^^^^^^^^^^^^^^^^^^^^^^^
lib/features/marketplace/presentation/providers/order_provider.dart:305:37:
Error: Undefined name 'getUserOrdersUseCaseProvider'.
    getUserOrdersUseCase: ref.watch(getUserOrdersUseCaseProvider),
                                    ^^^^^^^^^^^^^^^^^^^^^^^^^^^^
lib/features/marketplace/presentation/providers/order_provider.dart:306:32:
Error: Undefined name 'getOrderUseCaseProvider'.
    getOrderUseCase: ref.watch(getOrderUseCaseProvider),
                               ^^^^^^^^^^^^^^^^^^^^^^^
lib/features/marketplace/presentation/providers/order_provider.dart:307:37:
Error: Undefined name 'verifyPaymentUseCaseProvider'.
    verifyPaymentUseCase: ref.watch(verifyPaymentUseCaseProvider),
                                    ^^^^^^^^^^^^^^^^^^^^^^^^^^^^
lib/features/marketplace/presentation/providers/order_provider.dart:308:41:
Error: Undefined name 'updateOrderStatusUseCaseProvider'.
    updateOrderStatusUseCase: ref.watch(updateOrderStatusUseCaseProvider),
                                        ^^^^^^^^^^^^^^^^^^^^^^^^^^^^^^^^
lib/features/marketplace/presentation/providers/purchase_provider.dart:214:40:
Error: Undefined name 'getUserPurchasesUseCaseProvider'.
    getUserPurchasesUseCase: ref.watch(getUserPurchasesUseCaseProvider),
                                       ^^^^^^^^^^^^^^^^^^^^^^^^^^^^^^^
lib/features/marketplace/presentation/providers/purchase_provider.dart:215:38:
Error: Undefined name 'verifyPurchaseUseCaseProvider'.
    verifyPurchaseUseCase: ref.watch(verifyPurchaseUseCaseProvider),
                                     ^^^^^^^^^^^^^^^^^^^^^^^^^^^^^
lib/features/marketplace/presentation/providers/purchase_provider.dart:216:38:
Error: Undefined name 'recordDownloadUseCaseProvider'.
    recordDownloadUseCase: ref.watch(recordDownloadUseCaseProvider),
                                     ^^^^^^^^^^^^^^^^^^^^^^^^^^^^^
lib/features/marketplace/presentation/providers/quality_check_provider.dart:236:39:
Error: Undefined name 'runQualityCheckUseCaseProvider'.
    runQualityCheckUseCase: ref.watch(runQualityCheckUseCaseProvider),
                                      ^^^^^^^^^^^^^^^^^^^^^^^^^^^^^^
lib/features/marketplace/presentation/providers/quality_check_provider.dart:237:39:
Error: Undefined name 'getQualityCheckUseCaseProvider'.
    getQualityCheckUseCase: ref.watch(getQualityCheckUseCaseProvider),
                                      ^^^^^^^^^^^^^^^^^^^^^^^^^^^^^^
lib/features/marketplace/presentation/providers/marketplace_notification_provider.dart:214:40:
Error: Undefined name 'getNotificationsUseCaseProvider'.
    getNotificationsUseCase: ref.watch(getNotificationsUseCaseProvider),
                                       ^^^^^^^^^^^^^^^^^^^^^^^^^^^^^^^
lib/features/marketplace/presentation/providers/marketplace_notification_provider.dart:216:19:
Error: Undefined name 'markNotificationReadUseCaseProvider'.
        ref.watch(markNotificationReadUseCaseProvider),
                  ^^^^^^^^^^^^^^^^^^^^^^^^^^^^^^^^^^^
lib/features/marketplace/presentation/providers/commission_provider.dart:242:42:
Error: Undefined name 'getCommissionRatesUseCaseProvider'.
    getCommissionRatesUseCase: ref.watch(getCommissionRatesUseCaseProvider),
                                         ^^^^^^^^^^^^^^^^^^^^^^^^^^^^^^^^^
lib/features/marketplace/presentation/providers/commission_provider.dart:244:19:
Error: Undefined name 'upsertCommissionRateUseCaseProvider'.
        ref.watch(upsertCommissionRateUseCaseProvider),
                  ^^^^^^^^^^^^^^^^^^^^^^^^^^^^^^^^^^^
lib/features/marketplace/presentation/providers/commission_provider.dart:246:19:
Error: Undefined name 'getCommissionRecordsUseCaseProvider'.
        ref.watch(getCommissionRecordsUseCaseProvider),
                  ^^^^^^^^^^^^^^^^^^^^^^^^^^^^^^^^^^^
lib/features/teacher_workspace/presentation/providers/assignment_provider.dart:396:38:
Error: Undefined name 'getAssignmentsUseCaseProvider'.
    getAssignmentsUseCase: ref.watch(getAssignmentsUseCaseProvider),
                                     ^^^^^^^^^^^^^^^^^^^^^^^^^^^^^
lib/features/teacher_workspace/presentation/providers/assignment_provider.dart:397:40:
Error: Undefined name 'createAssignmentUseCaseProvider'.
    createAssignmentUseCase: ref.watch(createAssignmentUseCaseProvider),
                                       ^^^^^^^^^^^^^^^^^^^^^^^^^^^^^^^
lib/features/teacher_workspace/presentation/providers/assignment_provider.dart:398:42:
Error: Undefined name 'generateAssignmentUseCaseProvider'.
    generateAssignmentUseCase: ref.watch(generateAssignmentUseCaseProvider),
                                         ^^^^^^^^^^^^^^^^^^^^^^^^^^^^^^^^^
lib/features/teacher_workspace/presentation/providers/assignment_provider.dart:399:41:
Error: Undefined name 'publishAssignmentUseCaseProvider'.
    publishAssignmentUseCase: ref.watch(publishAssignmentUseCaseProvider),
                                        ^^^^^^^^^^^^^^^^^^^^^^^^^^^^^^^^
lib/features/teacher_workspace/presentation/providers/calendar_planner_provider.dart:319:35:
Error: Undefined name 'getEventsUseCaseProvider'.
      getEventsUseCase: ref.watch(getEventsUseCaseProvider),
                                  ^^^^^^^^^^^^^^^^^^^^^^^^
lib/features/teacher_workspace/presentation/providers/calendar_planner_provider.dart:320:37:
Error: Undefined name 'createEventUseCaseProvider'.
      createEventUseCase: ref.watch(createEventUseCaseProvider),
                                    ^^^^^^^^^^^^^^^^^^^^^^^^^^
lib/features/teacher_workspace/presentation/providers/calendar_planner_provider.dart:321:41:
Error: Undefined name 'suggestScheduleUseCaseProvider'.
      suggestScheduleUseCase: ref.watch(suggestScheduleUseCaseProvider),
                                        ^^^^^^^^^^^^^^^^^^^^^^^^^^^^^^
lib/features/teacher_workspace/presentation/providers/content_assistant_provider.dart:280:21:
Error: Undefined name 'aiContentAssistantUseCaseProvider'.
          ref.watch(aiContentAssistantUseCaseProvider),
                    ^^^^^^^^^^^^^^^^^^^^^^^^^^^^^^^^^
lib/features/teacher_workspace/presentation/providers/content_assistant_provider.dart:282:21:
Error: Undefined name 'getContentHistoryUseCaseProvider'.
          ref.watch(getContentHistoryUseCaseProvider),
                    ^^^^^^^^^^^^^^^^^^^^^^^^^^^^^^^^
lib/features/teacher_workspace/presentation/providers/generate_questions_provider.dart:204:21:
Error: Undefined name 'generateQuestionsFromContentUseCaseProvider'.
          ref.watch(generateQuestionsFromContentUseCaseProvider),
                    ^^^^^^^^^^^^^^^^^^^^^^^^^^^^^^^^^^^^^^^^^^^
lib/features/teacher_workspace/presentation/providers/lesson_plan_provider.dart:513:38:
Error: Undefined name 'getLessonPlansUseCaseProvider'.
    getLessonPlansUseCase: ref.watch(getLessonPlansUseCaseProvider),
                                     ^^^^^^^^^^^^^^^^^^^^^^^^^^^^^
lib/features/teacher_workspace/presentation/providers/lesson_plan_provider.dart:514:40:
Error: Undefined name 'createLessonPlanUseCaseProvider'.
    createLessonPlanUseCase: ref.watch(createLessonPlanUseCaseProvider),
                                       ^^^^^^^^^^^^^^^^^^^^^^^^^^^^^^^
lib/features/teacher_workspace/presentation/providers/lesson_plan_provider.dart:515:40:
Error: Undefined name 'updateLessonPlanUseCaseProvider'.
    updateLessonPlanUseCase: ref.watch(updateLessonPlanUseCaseProvider),
                                       ^^^^^^^^^^^^^^^^^^^^^^^^^^^^^^^
lib/features/teacher_workspace/presentation/providers/lesson_plan_provider.dart:516:40:
Error: Undefined name 'deleteLessonPlanUseCaseProvider'.
    deleteLessonPlanUseCase: ref.watch(deleteLessonPlanUseCaseProvider),
                                       ^^^^^^^^^^^^^^^^^^^^^^^^^^^^^^^
lib/features/teacher_workspace/presentation/providers/lesson_plan_provider.dart:517:42:
Error: Undefined name 'generateLessonPlanUseCaseProvider'.
    generateLessonPlanUseCase: ref.watch(generateLessonPlanUseCaseProvider),
                                         ^^^^^^^^^^^^^^^^^^^^^^^^^^^^^^^^^
lib/features/teacher_workspace/presentation/providers/report_comment_provider.dart:343:43:
Error: Undefined name 'createReportCommentUseCaseProvider'.
    createReportCommentUseCase: ref.watch(createReportCommentUseCaseProvider),
                                          ^^^^^^^^^^^^^^^^^^^^^^^^^^^^^^^^^^
lib/features/teacher_workspace/presentation/providers/report_comment_provider.dart:345:19:
Error: Undefined name 'generateReportCommentsUseCaseProvider'.
        ref.watch(generateReportCommentsUseCaseProvider),
                  ^^^^^^^^^^^^^^^^^^^^^^^^^^^^^^^^^^^^^
lib/features/teacher_workspace/presentation/providers/resource_library_provider.dart:311:38:
Error: Undefined name 'getResourcesUseCaseProvider'.
      getResourcesUseCase: ref.watch(getResourcesUseCaseProvider),
                                     ^^^^^^^^^^^^^^^^^^^^^^^^^^^
lib/features/teacher_workspace/presentation/providers/resource_library_provider.dart:312:40:
Error: Undefined name 'toggleFavoriteUseCaseProvider'.
      toggleFavoriteUseCase: ref.watch(toggleFavoriteUseCaseProvider),
                                       ^^^^^^^^^^^^^^^^^^^^^^^^^^^^^
lib/features/teacher_workspace/presentation/providers/scheme_of_work_provider.dart:335:40:
Error: Undefined name 'getSchemesOfWorkUseCaseProvider'.
    getSchemesOfWorkUseCase: ref.watch(getSchemesOfWorkUseCaseProvider),
                                       ^^^^^^^^^^^^^^^^^^^^^^^^^^^^^^^
lib/features/teacher_workspace/presentation/providers/scheme_of_work_provider.dart:336:42:
Error: Undefined name 'createSchemeOfWorkUseCaseProvider'.
    createSchemeOfWorkUseCase: ref.watch(createSchemeOfWorkUseCaseProvider),
                                         ^^^^^^^^^^^^^^^^^^^^^^^^^^^^^^^^^
lib/features/teacher_workspace/presentation/providers/scheme_of_work_provider.dart:337:44:
Error: Undefined name 'generateSchemeOfWorkUseCaseProvider'.
    generateSchemeOfWorkUseCase: ref.watch(generateSchemeOfWorkUseCaseProvider),
                                           ^^^^^^^^^^^^^^^^^^^^^^^^^^^^^^^^^^^
lib/features/teacher_workspace/presentation/providers/teaching_resource_provider.dart:406:38:
Error: Undefined name 'getResourcesUseCaseProvider'.
      getResourcesUseCase: ref.watch(getResourcesUseCaseProvider),
                                     ^^^^^^^^^^^^^^^^^^^^^^^^^^^
lib/features/teacher_workspace/presentation/providers/teaching_resource_provider.dart:407:40:
Error: Undefined name 'createResourceUseCaseProvider'.
      createResourceUseCase: ref.watch(createResourceUseCaseProvider),
                                       ^^^^^^^^^^^^^^^^^^^^^^^^^^^^^
lib/features/teacher_workspace/presentation/providers/teaching_resource_provider.dart:408:42:
Error: Undefined name 'generateResourceUseCaseProvider'.
      generateResourceUseCase: ref.watch(generateResourceUseCaseProvider),
                                         ^^^^^^^^^^^^^^^^^^^^^^^^^^^^^^^
lib/features/teacher_workspace/presentation/providers/teaching_resource_provider.dart:409:40:
Error: Undefined name 'toggleFavoriteUseCaseProvider'.
      toggleFavoriteUseCase: ref.watch(toggleFavoriteUseCaseProvider),
                                       ^^^^^^^^^^^^^^^^^^^^^^^^^^^^^
lib/features/teacher_workspace/presentation/providers/worksheet_provider.dart:385:37:
Error: Undefined name 'getWorksheetsUseCaseProvider'.
    getWorksheetsUseCase: ref.watch(getWorksheetsUseCaseProvider),
                                    ^^^^^^^^^^^^^^^^^^^^^^^^^^^^
lib/features/teacher_workspace/presentation/providers/worksheet_provider.dart:386:39:
Error: Undefined name 'createWorksheetUseCaseProvider'.
    createWorksheetUseCase: ref.watch(createWorksheetUseCaseProvider),
                                      ^^^^^^^^^^^^^^^^^^^^^^^^^^^^^^
lib/features/teacher_workspace/presentation/providers/worksheet_provider.dart:387:41:
Error: Undefined name 'generateWorksheetUseCaseProvider'.
    generateWorksheetUseCase: ref.watch(generateWorksheetUseCaseProvider),
                                        ^^^^^^^^^^^^^^^^^^^^^^^^^^^^^^^^
lib/features/teacher_workspace/presentation/providers/worksheet_provider.dart:388:39:
Error: Undefined name 'exportWorksheetUseCaseProvider'.
    exportWorksheetUseCase: ref.watch(exportWorksheetUseCaseProvider),
                                      ^^^^^^^^^^^^^^^^^^^^^^^^^^^^^^
lib/features/teacher_workspace/presentation/providers/workspace_dashboard_provider.dart:163:21:
Error: Undefined name 'getWorkspaceDashboardUseCaseProvider'.
          ref.watch(getWorkspaceDashboardUseCaseProvider),
                    ^^^^^^^^^^^^^^^^^^^^^^^^^^^^^^^^^^^^
lib/features/teacher_workspace/presentation/providers/task_provider.dart:352:32:
Error: Undefined name 'getTasksUseCaseProvider'.
    getTasksUseCase: ref.watch(getTasksUseCaseProvider),
                               ^^^^^^^^^^^^^^^^^^^^^^^
lib/features/teacher_workspace/presentation/providers/task_provider.dart:353:34:
Error: Undefined name 'createTaskUseCaseProvider'.
    createTaskUseCase: ref.watch(createTaskUseCaseProvider),
                                 ^^^^^^^^^^^^^^^^^^^^^^^^^
lib/features/teacher_workspace/presentation/providers/task_provider.dart:354:34:
Error: Undefined name 'updateTaskUseCaseProvider'.
    updateTaskUseCase: ref.watch(updateTaskUseCaseProvider),
                                 ^^^^^^^^^^^^^^^^^^^^^^^^^
lib/features/teacher_workspace/presentation/providers/task_provider.dart:355:34:
Error: Undefined name 'deleteTaskUseCaseProvider'.
    deleteTaskUseCase: ref.watch(deleteTaskUseCaseProvider),
                                 ^^^^^^^^^^^^^^^^^^^^^^^^^
lib/features/teacher_workspace/presentation/providers/rubric_provider.dart:271:34:
Error: Undefined name 'getRubricsUseCaseProvider'.
    getRubricsUseCase: ref.watch(getRubricsUseCaseProvider),
                                 ^^^^^^^^^^^^^^^^^^^^^^^^^
lib/features/teacher_workspace/presentation/providers/rubric_provider.dart:272:36:
Error: Undefined name 'createRubricUseCaseProvider'.
    createRubricUseCase: ref.watch(createRubricUseCaseProvider),
                                   ^^^^^^^^^^^^^^^^^^^^^^^^^^^
lib/features/teacher_workspace/presentation/providers/rubric_provider.dart:273:38:
Error: Undefined name 'generateRubricUseCaseProvider'.
    generateRubricUseCase: ref.watch(generateRubricUseCaseProvider),
                                     ^^^^^^^^^^^^^^^^^^^^^^^^^^^^^
lib/features/teacher_workspace/presentation/providers/oral_question_provider.dart:274:40:
Error: Undefined name 'getOralQuestionsUseCaseProvider'.
    getOralQuestionsUseCase: ref.watch(getOralQuestionsUseCaseProvider),
                                       ^^^^^^^^^^^^^^^^^^^^^^^^^^^^^^^
lib/features/teacher_workspace/presentation/providers/oral_question_provider.dart:275:43:
Error: Undefined name 'createOralQuestionsUseCaseProvider'.
    createOralQuestionsUseCase: ref.watch(createOralQuestionsUseCaseProvider),
                                          ^^^^^^^^^^^^^^^^^^^^^^^^^^^^^^^^^^
lib/features/teacher_workspace/presentation/providers/oral_question_provider.dart:277:19:
Error: Undefined name 'generateOralQuestionsUseCaseProvider'.
        ref.watch(generateOralQuestionsUseCaseProvider),
                  ^^^^^^^^^^^^^^^^^^^^^^^^^^^^^^^^^^^^
lib/features/teacher_workspace/presentation/providers/practical_assessment_provider.dart:288:19:
Error: Undefined name 'getPracticalAssessmentsUseCaseProvider'.
        ref.watch(getPracticalAssessmentsUseCaseProvider),
                  ^^^^^^^^^^^^^^^^^^^^^^^^^^^^^^^^^^^^^^
lib/features/teacher_workspace/presentation/providers/practical_assessment_provider.dart:290:19:
Error: Undefined name 'createPracticalAssessmentUseCaseProvider'.
        ref.watch(createPracticalAssessmentUseCaseProvider),
                  ^^^^^^^^^^^^^^^^^^^^^^^^^^^^^^^^^^^^^^^^
lib/features/teacher_workspace/presentation/providers/practical_assessment_provider.dart:292:19:
Error: Undefined name 'generatePracticalAssessmentUseCaseProvider'.
        ref.watch(generatePracticalAssessmentUseCaseProvider),
                  ^^^^^^^^^^^^^^^^^^^^^^^^^^^^^^^^^^^^^^^^^^
lib/features/teacher_workspace/presentation/providers/collaboration_provider.dart:323:37:
Error: Undefined name 'shareResourceUseCaseProvider'.
    shareResourceUseCase: ref.watch(shareResourceUseCaseProvider),
                                    ^^^^^^^^^^^^^^^^^^^^^^^^^^^^
lib/features/teacher_workspace/presentation/providers/collaboration_provider.dart:324:34:
Error: Undefined name 'addCommentUseCaseProvider'.
    addCommentUseCase: ref.watch(addCommentUseCaseProvider),
                                 ^^^^^^^^^^^^^^^^^^^^^^^^^
lib/features/teacher_workspace/presentation/providers/collaboration_provider.dart:325:35:
Error: Undefined name 'getCommentsUseCaseProvider'.
    getCommentsUseCase: ref.watch(getCommentsUseCaseProvider),
                                  ^^^^^^^^^^^^^^^^^^^^^^^^^^
lib/features/teacher_workspace/presentation/providers/enhanced_dashboard_provider.dart:137:19:
Error: Undefined name 'getEnhancedDashboardUseCaseProvider'.
        ref.watch(getEnhancedDashboardUseCaseProvider),
                  ^^^^^^^^^^^^^^^^^^^^^^^^^^^^^^^^^^^
lib/features/communication/presentation/providers/conversation_provider.dart:356:40:
Error: Undefined name 'getConversationsUseCaseProvider'.
    getConversationsUseCase: ref.watch(getConversationsUseCaseProvider),
                                       ^^^^^^^^^^^^^^^^^^^^^^^^^^^^^^^
lib/features/communication/presentation/providers/conversation_provider.dart:357:42:
Error: Undefined name 'createConversationUseCaseProvider'.
    createConversationUseCase: ref.watch(createConversationUseCaseProvider),
                                         ^^^^^^^^^^^^^^^^^^^^^^^^^^^^^^^^^
lib/features/communication/presentation/providers/conversation_provider.dart:358:40:
Error: Undefined name 'muteConversationUseCaseProvider'.
    muteConversationUseCase: ref.watch(muteConversationUseCaseProvider),
                                       ^^^^^^^^^^^^^^^^^^^^^^^^^^^^^^^
lib/features/communication/presentation/providers/conversation_provider.dart:359:43:
Error: Undefined name 'archiveConversationUseCaseProvider'.
    archiveConversationUseCase: ref.watch(archiveConversationUseCaseProvider),
                                          ^^^^^^^^^^^^^^^^^^^^^^^^^^^^^^^^^^
lib/features/communication/presentation/providers/message_provider.dart:449:35:
Error: Undefined name 'getMessagesUseCaseProvider'.
    getMessagesUseCase: ref.watch(getMessagesUseCaseProvider),
                                  ^^^^^^^^^^^^^^^^^^^^^^^^^^
lib/features/communication/presentation/providers/message_provider.dart:450:35:
Error: Undefined name 'sendMessageUseCaseProvider'.
    sendMessageUseCase: ref.watch(sendMessageUseCaseProvider),
                                  ^^^^^^^^^^^^^^^^^^^^^^^^^^
lib/features/communication/presentation/providers/message_provider.dart:451:35:
Error: Undefined name 'editMessageUseCaseProvider'.
    editMessageUseCase: ref.watch(editMessageUseCaseProvider),
                                  ^^^^^^^^^^^^^^^^^^^^^^^^^^
lib/features/communication/presentation/providers/message_provider.dart:452:37:
Error: Undefined name 'deleteMessageUseCaseProvider'.
    deleteMessageUseCase: ref.watch(deleteMessageUseCaseProvider),
                                    ^^^^^^^^^^^^^^^^^^^^^^^^^^^^
lib/features/communication/presentation/providers/message_provider.dart:453:34:
Error: Undefined name 'pinMessageUseCaseProvider'.
    pinMessageUseCase: ref.watch(pinMessageUseCaseProvider),
                                 ^^^^^^^^^^^^^^^^^^^^^^^^^
lib/features/communication/presentation/providers/message_provider.dart:454:34:
Error: Undefined name 'markAsReadUseCaseProvider'.
    markAsReadUseCase: ref.watch(markAsReadUseCaseProvider),
                                 ^^^^^^^^^^^^^^^^^^^^^^^^^
lib/features/communication/presentation/providers/message_provider.dart:455:35:
Error: Undefined name 'addReactionUseCaseProvider'.
    addReactionUseCase: ref.watch(addReactionUseCaseProvider),
                                  ^^^^^^^^^^^^^^^^^^^^^^^^^^
lib/features/communication/presentation/providers/announcement_provider.dart:301:40:
Error: Undefined name 'getAnnouncementsUseCaseProvider'.
    getAnnouncementsUseCase: ref.watch(getAnnouncementsUseCaseProvider),
                                       ^^^^^^^^^^^^^^^^^^^^^^^^^^^^^^^
lib/features/communication/presentation/providers/announcement_provider.dart:302:42:
Error: Undefined name 'createAnnouncementUseCaseProvider'.
    createAnnouncementUseCase: ref.watch(createAnnouncementUseCaseProvider),
                                         ^^^^^^^^^^^^^^^^^^^^^^^^^^^^^^^^^
lib/features/communication/presentation/providers/announcement_provider.dart:304:19:
Error: Undefined name 'acknowledgeAnnouncementUseCaseProvider'.
        ref.watch(acknowledgeAnnouncementUseCaseProvider),
                  ^^^^^^^^^^^^^^^^^^^^^^^^^^^^^^^^^^^^^^
lib/features/communication/presentation/providers/notification_provider.dart:281:40:
Error: Undefined name 'getNotificationsUseCaseProvider'.
    getNotificationsUseCase: ref.watch(getNotificationsUseCaseProvider),
                                       ^^^^^^^^^^^^^^^^^^^^^^^^^^^^^^^
lib/features/communication/presentation/providers/notification_provider.dart:283:19:
Error: Undefined name 'markNotificationReadUseCaseProvider'.
        ref.watch(markNotificationReadUseCaseProvider),
                  ^^^^^^^^^^^^^^^^^^^^^^^^^^^^^^^^^^^
lib/features/communication/presentation/providers/notification_provider.dart:285:19:
Error: Undefined name 'markAllNotificationsReadUseCaseProvider'.
        ref.watch(markAllNotificationsReadUseCaseProvider),
                  ^^^^^^^^^^^^^^^^^^^^^^^^^^^^^^^^^^^^^^^
lib/features/communication/presentation/providers/notification_provider.dart:287:19:
Error: Undefined name 'getNotificationPreferencesUseCaseProvider'.
        ref.watch(getNotificationPreferencesUseCaseProvider),
                  ^^^^^^^^^^^^^^^^^^^^^^^^^^^^^^^^^^^^^^^^^
lib/features/communication/presentation/providers/notification_provider.dart:289:19:
Error: Undefined name 'updateNotificationPreferencesUseCaseProvider'.
        ref.watch(updateNotificationPreferencesUseCaseProvider),
                  ^^^^^^^^^^^^^^^^^^^^^^^^^^^^^^^^^^^^^^^^^^^^
lib/features/communication/presentation/providers/forum_provider.dart:363:33:
Error: Undefined name 'getForumsUseCaseProvider'.
    getForumsUseCase: ref.watch(getForumsUseCaseProvider),
                                ^^^^^^^^^^^^^^^^^^^^^^^^
lib/features/communication/presentation/providers/forum_provider.dart:364:35:
Error: Undefined name 'createForumUseCaseProvider'.
    createForumUseCase: ref.watch(createForumUseCaseProvider),
                                  ^^^^^^^^^^^^^^^^^^^^^^^^^^
lib/features/communication/presentation/providers/forum_provider.dart:365:37:
Error: Undefined name 'getForumPostsUseCaseProvider'.
    getForumPostsUseCase: ref.watch(getForumPostsUseCaseProvider),
                                    ^^^^^^^^^^^^^^^^^^^^^^^^^^^^
lib/features/communication/presentation/providers/forum_provider.dart:366:39:
Error: Undefined name 'createForumPostUseCaseProvider'.
    createForumPostUseCase: ref.watch(createForumPostUseCaseProvider),
                                      ^^^^^^^^^^^^^^^^^^^^^^^^^^^^^^
lib/features/communication/presentation/providers/forum_provider.dart:367:42:
Error: Undefined name 'createForumCommentUseCaseProvider'.
    createForumCommentUseCase: ref.watch(createForumCommentUseCaseProvider),
                                         ^^^^^^^^^^^^^^^^^^^^^^^^^^^^^^^^^
lib/features/communication/presentation/providers/calendar_provider.dart:287:41:
Error: Undefined name 'getCalendarEventsUseCaseProvider'.
    getCalendarEventsUseCase: ref.watch(getCalendarEventsUseCaseProvider),
                                        ^^^^^^^^^^^^^^^^^^^^^^^^^^^^^^^^
lib/features/communication/presentation/providers/calendar_provider.dart:288:43:
Error: Undefined name 'createCalendarEventUseCaseProvider'.
    createCalendarEventUseCase: ref.watch(createCalendarEventUseCaseProvider),
                                          ^^^^^^^^^^^^^^^^^^^^^^^^^^^^^^^^^^
lib/features/communication/presentation/providers/calendar_provider.dart:289:35:
Error: Undefined name 'rsvpToEventUseCaseProvider'.
    rsvpToEventUseCase: ref.watch(rsvpToEventUseCaseProvider),
                                  ^^^^^^^^^^^^^^^^^^^^^^^^^^
lib/features/communication/presentation/providers/ai_assistant_provider.dart:402:19:
Error: Undefined name 'aiDraftAnnouncementUseCaseProvider'.
        ref.watch(aiDraftAnnouncementUseCaseProvider),
                  ^^^^^^^^^^^^^^^^^^^^^^^^^^^^^^^^^^
lib/features/communication/presentation/providers/ai_assistant_provider.dart:403:40:
Error: Undefined name 'aiRewriteMessageUseCaseProvider'.
    aiRewriteMessageUseCase: ref.watch(aiRewriteMessageUseCaseProvider),
                                       ^^^^^^^^^^^^^^^^^^^^^^^^^^^^^^^
lib/features/communication/presentation/providers/ai_assistant_provider.dart:405:19:
Error: Undefined name 'aiSummarizeConversationUseCaseProvider'.
        ref.watch(aiSummarizeConversationUseCaseProvider),
                  ^^^^^^^^^^^^^^^^^^^^^^^^^^^^^^^^^^^^^^
lib/features/communication/presentation/providers/ai_assistant_provider.dart:406:42:
Error: Undefined name 'aiTranslateMessageUseCaseProvider'.
    aiTranslateMessageUseCase: ref.watch(aiTranslateMessageUseCaseProvider),
                                         ^^^^^^^^^^^^^^^^^^^^^^^^^^^^^^^^^
lib/features/communication/presentation/providers/ai_assistant_provider.dart:407:38:
Error: Undefined name 'aiSuggestReplyUseCaseProvider'.
    aiSuggestReplyUseCase: ref.watch(aiSuggestReplyUseCaseProvider),
                                     ^^^^^^^^^^^^^^^^^^^^^^^^^^^^^
lib/features/communication/presentation/providers/ai_assistant_provider.dart:408:40:
Error: Undefined name 'aiCorrectGrammarUseCaseProvider'.
    aiCorrectGrammarUseCase: ref.watch(aiCorrectGrammarUseCaseProvider),
                                       ^^^^^^^^^^^^^^^^^^^^^^^^^^^^^^^
lib/features/communication/presentation/providers/ai_assistant_provider.dart:409:36:
Error: Undefined name 'aiAdjustToneUseCaseProvider'.
    aiAdjustToneUseCase: ref.watch(aiAdjustToneUseCaseProvider),
                                   ^^^^^^^^^^^^^^^^^^^^^^^^^^^
lib/features/communication/presentation/providers/knowledge_assistant_provider.dart:272:42:
Error: Undefined name 'askSchoolKnowledgeUseCaseProvider'.
    askSchoolKnowledgeUseCase: ref.watch(askSchoolKnowledgeUseCaseProvider),
                                         ^^^^^^^^^^^^^^^^^^^^^^^^^^^^^^^^^
lib/features/communication/presentation/providers/knowledge_assistant_provider.dart:274:19:
Error: Undefined name 'getKnowledgeDocumentsUseCaseProvider'.
        ref.watch(getKnowledgeDocumentsUseCaseProvider),
                  ^^^^^^^^^^^^^^^^^^^^^^^^^^^^^^^^^^^^
lib/features/communication/presentation/providers/knowledge_assistant_provider.dart:276:19:
Error: Undefined name 'uploadKnowledgeDocumentUseCaseProvider'.
        ref.watch(uploadKnowledgeDocumentUseCaseProvider),
                  ^^^^^^^^^^^^^^^^^^^^^^^^^^^^^^^^^^^^^^
lib/features/communication/presentation/providers/communication_dashboard_provider.dart:132:19:
Error: Undefined name 'getCommunicationDashboardUseCaseProvider'.
        ref.watch(getCommunicationDashboardUseCaseProvider),
                  ^^^^^^^^^^^^^^^^^^^^^^^^^^^^^^^^^^^^^^^^
lib/features/communication/presentation/providers/moderation_provider.dart:237:37:
Error: Undefined name 'reportMessageUseCaseProvider'.
    reportMessageUseCase: ref.watch(reportMessageUseCaseProvider),
                                    ^^^^^^^^^^^^^^^^^^^^^^^^^^^^
lib/features/communication/presentation/providers/moderation_provider.dart:238:40:
Error: Undefined name 'muteConversationUseCaseProvider'.
    muteConversationUseCase: ref.watch(muteConversationUseCaseProvider),
                                       ^^^^^^^^^^^^^^^^^^^^^^^^^^^^^^^
lib/features/communication/presentation/providers/moderation_provider.dart:239:43:
Error: Undefined name 'archiveConversationUseCaseProvider'.
    archiveConversationUseCase: ref.watch(archiveConversationUseCaseProvider),
                                          ^^^^^^^^^^^^^^^^^^^^^^^^^^^^^^^^^^
lib/features/communication/presentation/providers/moderation_provider.dart:240:36:
Error: Undefined name 'getAuditLogsUseCaseProvider'.
    getAuditLogsUseCase: ref.watch(getAuditLogsUseCaseProvider),
                                   ^^^^^^^^^^^^^^^^^^^^^^^^^^^
lib/features/billing/presentation/providers/subscription_provider.dart:511:44:
Error: Undefined name 'getSubscriptionPlansUseCaseProvider'.
    getSubscriptionPlansUseCase: ref.watch(getSubscriptionPlansUseCaseProvider),
                                           ^^^^^^^^^^^^^^^^^^^^^^^^^^^^^^^^^^^
lib/features/billing/presentation/providers/subscription_provider.dart:513:19:
Error: Undefined name 'getCurrentSubscriptionUseCaseProvider'.
        ref.watch(getCurrentSubscriptionUseCaseProvider),
                  ^^^^^^^^^^^^^^^^^^^^^^^^^^^^^^^^^^^^^
lib/features/billing/presentation/providers/subscription_provider.dart:514:42:
Error: Undefined name 'createSubscriptionUseCaseProvider'.
    createSubscriptionUseCase: ref.watch(createSubscriptionUseCaseProvider),
                                         ^^^^^^^^^^^^^^^^^^^^^^^^^^^^^^^^^
lib/features/billing/presentation/providers/subscription_provider.dart:515:43:
Error: Undefined name 'upgradeSubscriptionUseCaseProvider'.
    upgradeSubscriptionUseCase: ref.watch(upgradeSubscriptionUseCaseProvider),
                                          ^^^^^^^^^^^^^^^^^^^^^^^^^^^^^^^^^^
lib/features/billing/presentation/providers/subscription_provider.dart:517:19:
Error: Undefined name 'downgradeSubscriptionUseCaseProvider'.
        ref.watch(downgradeSubscriptionUseCaseProvider),
                  ^^^^^^^^^^^^^^^^^^^^^^^^^^^^^^^^^^^^
lib/features/billing/presentation/providers/subscription_provider.dart:518:42:
Error: Undefined name 'cancelSubscriptionUseCaseProvider'.
    cancelSubscriptionUseCase: ref.watch(cancelSubscriptionUseCaseProvider),
                                         ^^^^^^^^^^^^^^^^^^^^^^^^^^^^^^^^^
lib/features/billing/presentation/providers/subscription_provider.dart:519:41:
Error: Undefined name 'renewSubscriptionUseCaseProvider'.
    renewSubscriptionUseCase: ref.watch(renewSubscriptionUseCaseProvider),
                                        ^^^^^^^^^^^^^^^^^^^^^^^^^^^^^^^^
lib/features/billing/presentation/providers/subscription_provider.dart:520:41:
Error: Undefined name 'pauseSubscriptionUseCaseProvider'.
    pauseSubscriptionUseCase: ref.watch(pauseSubscriptionUseCaseProvider),
                                        ^^^^^^^^^^^^^^^^^^^^^^^^^^^^^^^^
lib/features/billing/presentation/providers/subscription_provider.dart:521:42:
Error: Undefined name 'resumeSubscriptionUseCaseProvider'.
    resumeSubscriptionUseCase: ref.watch(resumeSubscriptionUseCaseProvider),
                                         ^^^^^^^^^^^^^^^^^^^^^^^^^^^^^^^^^
lib/features/billing/presentation/providers/payment_provider.dart:287:41:
Error: Undefined name 'initializePaymentUseCaseProvider'.
    initializePaymentUseCase: ref.watch(initializePaymentUseCaseProvider),
                                        ^^^^^^^^^^^^^^^^^^^^^^^^^^^^^^^^
lib/features/billing/presentation/providers/payment_provider.dart:288:37:
Error: Undefined name 'verifyPaymentUseCaseProvider'.
    verifyPaymentUseCase: ref.watch(verifyPaymentUseCaseProvider),
                                    ^^^^^^^^^^^^^^^^^^^^^^^^^^^^
lib/features/billing/presentation/providers/payment_provider.dart:289:39:
Error: Undefined name 'getTransactionsUseCaseProvider'.
    getTransactionsUseCase: ref.watch(getTransactionsUseCaseProvider),
                                      ^^^^^^^^^^^^^^^^^^^^^^^^^^^^^^
lib/features/billing/presentation/providers/payment_provider.dart:290:37:
Error: Undefined name 'requestRefundUseCaseProvider'.
    requestRefundUseCase: ref.watch(requestRefundUseCaseProvider),
                                    ^^^^^^^^^^^^^^^^^^^^^^^^^^^^
lib/features/billing/presentation/providers/ai_credits_provider.dart:337:40:
Error: Undefined name 'getCreditBalanceUseCaseProvider'.
    getCreditBalanceUseCase: ref.watch(getCreditBalanceUseCaseProvider),
                                       ^^^^^^^^^^^^^^^^^^^^^^^^^^^^^^^
lib/features/billing/presentation/providers/ai_credits_provider.dart:339:19:
Error: Undefined name 'getCreditTransactionsUseCaseProvider'.
        ref.watch(getCreditTransactionsUseCaseProvider),
                  ^^^^^^^^^^^^^^^^^^^^^^^^^^^^^^^^^^^^
lib/features/billing/presentation/providers/ai_credits_provider.dart:340:38:
Error: Undefined name 'consumeCreditsUseCaseProvider'.
    consumeCreditsUseCase: ref.watch(consumeCreditsUseCaseProvider),
                                     ^^^^^^^^^^^^^^^^^^^^^^^^^^^^^
lib/features/billing/presentation/providers/ai_credits_provider.dart:341:39:
Error: Undefined name 'purchaseCreditsUseCaseProvider'.
    purchaseCreditsUseCase: ref.watch(purchaseCreditsUseCaseProvider),
                                      ^^^^^^^^^^^^^^^^^^^^^^^^^^^^^^
lib/features/billing/presentation/providers/ai_credits_provider.dart:342:38:
Error: Undefined name 'getCreditPacksUseCaseProvider'.
    getCreditPacksUseCase: ref.watch(getCreditPacksUseCaseProvider),
                                     ^^^^^^^^^^^^^^^^^^^^^^^^^^^^^
lib/features/billing/presentation/providers/coupon_provider.dart:314:38:
Error: Undefined name 'validateCouponUseCaseProvider'.
    validateCouponUseCase: ref.watch(validateCouponUseCaseProvider),
                                     ^^^^^^^^^^^^^^^^^^^^^^^^^^^^^
lib/features/billing/presentation/providers/coupon_provider.dart:315:36:
Error: Undefined name 'redeemCouponUseCaseProvider'.
    redeemCouponUseCase: ref.watch(redeemCouponUseCaseProvider),
                                   ^^^^^^^^^^^^^^^^^^^^^^^^^^^
lib/features/billing/presentation/providers/coupon_provider.dart:316:34:
Error: Undefined name 'getCouponsUseCaseProvider'.
    getCouponsUseCase: ref.watch(getCouponsUseCaseProvider),
                                 ^^^^^^^^^^^^^^^^^^^^^^^^^
lib/features/billing/presentation/providers/coupon_provider.dart:317:36:
Error: Undefined name 'createCouponUseCaseProvider'.
    createCouponUseCase: ref.watch(createCouponUseCaseProvider),
                                   ^^^^^^^^^^^^^^^^^^^^^^^^^^^
lib/features/billing/presentation/providers/coupon_provider.dart:318:36:
Error: Undefined name 'updateCouponUseCaseProvider'.
    updateCouponUseCase: ref.watch(updateCouponUseCaseProvider),
                                   ^^^^^^^^^^^^^^^^^^^^^^^^^^^
lib/features/billing/presentation/providers/referral_provider.dart:253:19:
Error: Undefined name 'getOrCreateReferralCodeUseCaseProvider'.
        ref.watch(getOrCreateReferralCodeUseCaseProvider),
                  ^^^^^^^^^^^^^^^^^^^^^^^^^^^^^^^^^^^^^^
lib/features/billing/presentation/providers/referral_provider.dart:254:41:
Error: Undefined name 'applyReferralCodeUseCaseProvider'.
    applyReferralCodeUseCase: ref.watch(applyReferralCodeUseCaseProvider),
                                        ^^^^^^^^^^^^^^^^^^^^^^^^^^^^^^^^
lib/features/billing/presentation/providers/referral_provider.dart:256:19:
Error: Undefined name 'getReferralTrackingUseCaseProvider'.
        ref.watch(getReferralTrackingUseCaseProvider),
                  ^^^^^^^^^^^^^^^^^^^^^^^^^^^^^^^^^^
lib/features/billing/presentation/providers/license_provider.dart:198:35:
Error: Undefined name 'getLicensesUseCaseProvider'.
    getLicensesUseCase: ref.watch(getLicensesUseCaseProvider),
                                  ^^^^^^^^^^^^^^^^^^^^^^^^^^
lib/features/billing/presentation/providers/license_provider.dart:199:37:
Error: Undefined name 'revokeLicenseUseCaseProvider'.
    revokeLicenseUseCase: ref.watch(revokeLicenseUseCaseProvider),
                                    ^^^^^^^^^^^^^^^^^^^^^^^^^^^^
lib/features/billing/presentation/providers/revenue_provider.dart:180:38:
Error: Undefined name 'getRevenueDataUseCaseProvider'.
    getRevenueDataUseCase: ref.watch(getRevenueDataUseCaseProvider),
                                     ^^^^^^^^^^^^^^^^^^^^^^^^^^^^^
lib/features/billing/presentation/providers/revenue_provider.dart:182:19:
Error: Undefined name 'getBillingDashboardSummaryUseCaseProvider'.
        ref.watch(getBillingDashboardSummaryUseCaseProvider),
                  ^^^^^^^^^^^^^^^^^^^^^^^^^^^^^^^^^^^^^^^^^
lib/features/billing/presentation/providers/school_billing_provider.dart:187:19:
Error: Undefined name 'getSchoolBillingProfileUseCaseProvider'.
        ref.watch(getSchoolBillingProfileUseCaseProvider),
                  ^^^^^^^^^^^^^^^^^^^^^^^^^^^^^^^^^^^^^^
lib/features/billing/presentation/providers/school_billing_provider.dart:189:19:
Error: Undefined name 'updateSchoolBillingProfileUseCaseProvider'.
        ref.watch(updateSchoolBillingProfileUseCaseProvider),
                  ^^^^^^^^^^^^^^^^^^^^^^^^^^^^^^^^^^^^^^^^^
lib/features/billing/presentation/providers/billing_notification_provider.dart:253:19:
Error: Undefined name 'getBillingNotificationsUseCaseProvider'.
        ref.watch(getBillingNotificationsUseCaseProvider),
                  ^^^^^^^^^^^^^^^^^^^^^^^^^^^^^^^^^^^^^^
lib/features/billing/presentation/providers/billing_notification_provider.dart:255:19:
Error: Undefined name 'markNotificationReadUseCaseProvider'.
        ref.watch(markNotificationReadUseCaseProvider),
                  ^^^^^^^^^^^^^^^^^^^^^^^^^^^^^^^^^^^
lib/features/billing/presentation/providers/billing_notification_provider.dart:257:19:
Error: Undefined name 'updateNotificationPreferencesUseCaseProvider'.
        ref.watch(updateNotificationPreferencesUseCaseProvider),
                  ^^^^^^^^^^^^^^^^^^^^^^^^^^^^^^^^^^^^^^^^^^^^
lib/features/ccms/presentation/providers/ccms_providers.dart:44:48:
Error: 'CcmsRemoteDatasource' isn't a type.
final _ccmsRemoteDatasourceProvider = Provider<CcmsRemoteDatasource>((ref) {
                                               ^^^^^^^^^^^^^^^^^^^^
lib/features/ccms/presentation/providers/ccms_providers.dart:45:10:
Error: Method not found: 'CcmsRemoteDatasourceImpl'.
  return CcmsRemoteDatasourceImpl();
         ^^^^^^^^^^^^^^^^^^^^^^^^
lib/features/ccms/presentation/providers/ccms_providers.dart:49:29:
Error: No named parameter with the name 'remoteDatasource'.
  return CcmsRepositoryImpl(remoteDatasource: ref.watch(_ccmsRemoteDatasourceProvider));
                            ^^^^^^^^^^^^^^^^
lib/features/ccms/data/repositories/ccms_repository_impl.dart:18:3:
Info: Found this candidate, but the arguments don't match.
  CcmsRepositoryImpl({
  ^^^^^^^^^^^^^^^^^^
lib/features/student_portal/data/models/student_portal_models.dart:888:59:
Error: Constant expression expected.
  StudyPlanEntity toEntity({List<StudyTaskEntity> tasks = []}) =>
                                                          ^
lib/features/communication/data/models/communication_models.dart:1086:27:
Error: Constant expression expected.
    this.targetAudience = ['all'],
                          ^
lib/features/communication/data/models/communication_models.dart:2480:27:
Error: Constant expression expected.
    this.targetAudience = ['all'],
                          ^
lib/features/communication/data/models/communication_models.dart:2490:28:
Error: Constant expression expected.
    this.reminderMinutes = [15, 60],
                           ^
lib/features/communication/domain/entities/communication_entities.dart:615:27:
Error: Constant expression expected.
    this.targetAudience = ['all'],
                          ^
lib/features/communication/domain/entities/communication_entities.dart:1161:27:
Error: Constant expression expected.
    this.targetAudience = ['all'],
                          ^
lib/features/communication/domain/entities/communication_entities.dart:1171:28:
Error: Constant expression expected.
    this.reminderMinutes = [15, 60],
                           ^
lib/features/cbt_engine/domain/usecases/create_exam_usecase.dart:250:19:
Error: The getter 'ExamType' isn't defined for the type 'CreateExamUseCase'.
 - 'CreateExamUseCase' is from 'package:examforge_ai/features/cbt_engine/domain/usecases/create_exam_usecase.dart' ('lib/features/cbt_engine/domain/usecases/create_exam_usecase.dart').
        examType: ExamType.custom,
                  ^^^^^^^^
lib/features/cbt_engine/domain/usecases/get_exam_statistics_usecase.dart:48:19:
Error: The getter 'ExamType' isn't defined for the type 'GetExamStatisticsUseCase'.
 - 'GetExamStatisticsUseCase' is from 'package:examforge_ai/features/cbt_engine/domain/usecases/get_exam_statistics_usecase.dart' ('lib/features/cbt_engine/domain/usecases/get_exam_statistics_usecase.dart').
        examType: ExamType.custom,
                  ^^^^^^^^
lib/features/cbt_engine/domain/usecases/get_live_exam_stats_usecase.dart:55:19:
Error: The getter 'ExamType' isn't defined for the type 'GetLiveExamStatsUseCase'.
 - 'GetLiveExamStatsUseCase' is from 'package:examforge_ai/features/cbt_engine/domain/usecases/get_live_exam_stats_usecase.dart' ('lib/features/cbt_engine/domain/usecases/get_live_exam_stats_usecase.dart').
        examType: ExamType.custom,
                  ^^^^^^^^
lib/features/cbt_engine/domain/usecases/grade_exam_usecase.dart:92:19:
Error: The getter 'ExamType' isn't defined for the type 'GradeExamUseCase'.
 - 'GradeExamUseCase' is from 'package:examforge_ai/features/cbt_engine/domain/usecases/grade_exam_usecase.dart' ('lib/features/cbt_engine/domain/usecases/grade_exam_usecase.dart').
        examType: ExamType.custom,
                  ^^^^^^^^
lib/features/cbt_engine/domain/usecases/manage_exam_status_usecase.dart:62:19:
Error: The getter 'ExamType' isn't defined for the type 'ManageExamStatusUseCase'.
 - 'ManageExamStatusUseCase' is from 'package:examforge_ai/features/cbt_engine/domain/usecases/manage_exam_status_usecase.dart' ('lib/features/cbt_engine/domain/usecases/manage_exam_status_usecase.dart').
        examType: ExamType.custom,
                  ^^^^^^^^
lib/features/cbt_engine/domain/usecases/save_answer_usecase.dart:75:20:
Error: Cannot invoke a non-'const' constructor where a const expression is expected.
        startedAt: DateTime(2000),
                   ^^^^^^^^
lib/features/cbt_engine/domain/usecases/save_answer_usecase.dart:77:20:
Error: Cannot invoke a non-'const' constructor where a const expression is expected.
        createdAt: DateTime(2000),
                   ^^^^^^^^
lib/features/cbt_engine/domain/usecases/save_answer_usecase.dart:78:20:
Error: Cannot invoke a non-'const' constructor where a const expression is expected.
        updatedAt: DateTime(2000),
                   ^^^^^^^^
lib/features/cbt_engine/domain/usecases/start_exam_attempt_usecase.dart:53:16:
Error: The method 'SuccessResult' isn't defined for the type 'StartExamAttemptUseCase'.
 - 'StartExamAttemptUseCase' is from 'package:examforge_ai/features/cbt_engine/domain/usecases/start_exam_attempt_usecase.dart' ('lib/features/cbt_engine/domain/usecases/start_exam_attempt_usecase.dart').
        return SuccessResult(attempt);
               ^^^^^^^^^^^^^
lib/features/cbt_engine/domain/usecases/submit_exam_attempt_usecase.dart:52:18:
Error: The method 'SuccessResult' isn't defined for the type 'SubmitExamAttemptUseCase'.
 - 'SubmitExamAttemptUseCase' is from 'package:examforge_ai/features/cbt_engine/domain/usecases/submit_exam_attempt_usecase.dart' ('lib/features/cbt_engine/domain/usecases/submit_exam_attempt_usecase.dart').
          return SuccessResult(examResult);
                 ^^^^^^^^^^^^^
lib/features/cbt_engine/domain/usecases/submit_exam_attempt_usecase.dart:54:16:
Error: The method 'SuccessResult' isn't defined for the type 'SubmitExamAttemptUseCase'.
 - 'SubmitExamAttemptUseCase' is from 'package:examforge_ai/features/cbt_engine/domain/usecases/submit_exam_attempt_usecase.dart' ('lib/features/cbt_engine/domain/usecases/submit_exam_attempt_usecase.dart').
        return SuccessResult(examResult);
               ^^^^^^^^^^^^^
lib/features/cbt_engine/domain/usecases/update_exam_usecase.dart:60:19:
Error: The getter 'ExamType' isn't defined for the type 'UpdateExamUseCase'.
 - 'UpdateExamUseCase' is from 'package:examforge_ai/features/cbt_engine/domain/usecases/update_exam_usecase.dart' ('lib/features/cbt_engine/domain/usecases/update_exam_usecase.dart').
        examType: ExamType.custom,
                  ^^^^^^^^
lib/features/question_bank/presentation/providers/collection_provider.dart:294:39:
Error: Cannot invoke a non-'const' constructor where a const expression is expected.
                  createdAt: DateTime.now(),
                                      ^^^
lib/features/question_bank/presentation/providers/collection_provider.dart:295:39:
Error: Cannot invoke a non-'const' constructor where a const expression is expected.
                  updatedAt: DateTime.now(),
                                      ^^^
lib/services/ai/ai_service.dart:332:30:
Error: The getter 'subject' isn't defined for the type 'GenerationInputEntity'.
 - 'GenerationInputEntity' is from 'package:examforge_ai/features/ai_generator/domain/entities/ai_entities.dart' ('lib/features/ai_generator/domain/entities/ai_entities.dart').
            'subject': input.subject,
                             ^^^^^^^
lib/services/ai/ai_service.dart:333:28:
Error: The getter 'topic' isn't defined for the type 'GenerationInputEntity'.
 - 'GenerationInputEntity' is from 'package:examforge_ai/features/ai_generator/domain/entities/ai_entities.dart' ('lib/features/ai_generator/domain/entities/ai_entities.dart').
            'topic': input.topic,
                           ^^^^^
lib/services/ai/ai_service.dart:336:28:
Error: The getter 'questionCount' isn't defined for the type 'GenerationInputEntity'.
 - 'GenerationInputEntity' is from 'package:examforge_ai/features/ai_generator/domain/entities/ai_entities.dart' ('lib/features/ai_generator/domain/entities/ai_entities.dart').
            'count': input.questionCount,
                           ^^^^^^^^^^^^^
lib/services/ai/ai_service.dart:337:34:
Error: The getter 'classLevel' isn't defined for the type 'GenerationInputEntity'.
 - 'GenerationInputEntity' is from 'package:examforge_ai/features/ai_generator/domain/entities/ai_entities.dart' ('lib/features/ai_generator/domain/entities/ai_entities.dart').
            'class_level': input.classLevel?.name,
                                 ^^^^^^^^^^
lib/services/ai/ai_service.dart:397:30:
Error: The getter 'subject' isn't defined for the type 'GenerationInputEntity'.
 - 'GenerationInputEntity' is from 'package:examforge_ai/features/ai_generator/domain/entities/ai_entities.dart' ('lib/features/ai_generator/domain/entities/ai_entities.dart').
            'subject': input.subject,
                             ^^^^^^^
lib/services/ai/ai_service.dart:398:28:
Error: The getter 'topic' isn't defined for the type 'GenerationInputEntity'.
 - 'GenerationInputEntity' is from 'package:examforge_ai/features/ai_generator/domain/entities/ai_entities.dart' ('lib/features/ai_generator/domain/entities/ai_entities.dart').
            'topic': input.topic,
                           ^^^^^
lib/services/ai/ai_service.dart:401:28:
Error: The getter 'questionCount' isn't defined for the type 'GenerationInputEntity'.
 - 'GenerationInputEntity' is from 'package:examforge_ai/features/ai_generator/domain/entities/ai_entities.dart' ('lib/features/ai_generator/domain/entities/ai_entities.dart').
            'count': input.questionCount,
                           ^^^^^^^^^^^^^
lib/services/ai/ai_service.dart:402:34:
Error: The getter 'classLevel' isn't defined for the type 'GenerationInputEntity'.
 - 'GenerationInputEntity' is from 'package:examforge_ai/features/ai_generator/domain/entities/ai_entities.dart' ('lib/features/ai_generator/domain/entities/ai_entities.dart').
            'class_level': input.classLevel?.name,
                                 ^^^^^^^^^^
lib/services/ai/prompt_engine.dart:96:59:
Error: The getter 'topic' isn't defined for the type 'GenerationInputEntity'.
 - 'GenerationInputEntity' is from 'package:examforge_ai/features/ai_generator/domain/entities/ai_entities.dart' ('lib/features/ai_generator/domain/entities/ai_entities.dart').
    final topicCheck = AiSecurityService.checkInput(input.topic);
                                                          ^^^^^
lib/services/cbt/exam_timer_service.dart:166:28:
Error: The method 'clamp' isn't defined for the type 'Duration'.
 - 'Duration' is from 'dart:core'.
    _remaining = remaining.clamp(Duration.zero, _total);
                           ^^^^^
lib/services/cbt/session_recovery_service.dart:116:40:
Error: Too many positional arguments: 0 allowed, but 1 found.
      LocalEncryptionService.initialize(deviceSeed);
                                       ^
lib/core/security/local_encryption_service.dart:151:23:
Info: Found this candidate, but the arguments don't match.
  static Future<void> initialize({String? deviceSeed}) async {
                      ^^^^^^^^^^
lib/services/cbt/session_recovery_service.dart:114:33:
Error: Method 'getString' cannot be called on 'SharedPreferences?' because it is potentially null.
 - 'SharedPreferences' is from 'package:shared_preferences/src/shared_preferences_legacy.dart' ('../../.pub-cache/hosted/pub.dev/shared_preferences-2.5.3/lib/src/shared_preferences_legacy.dart').
      final deviceSeed = _prefs.getString('_device_seed') ?? 
                                ^^^^^^^^^
lib/services/cbt/session_recovery_service.dart:119:19:
Error: Method 'containsKey' cannot be called on 'SharedPreferences?' because it is potentially null.
 - 'SharedPreferences' is from 'package:shared_preferences/src/shared_preferences_legacy.dart' ('../../.pub-cache/hosted/pub.dev/shared_preferences-2.5.3/lib/src/shared_preferences_legacy.dart').
      if (!_prefs.containsKey('_device_seed')) {
                  ^^^^^^^^^^^
lib/services/cbt/session_recovery_service.dart:120:22:
Error: Method 'setString' cannot be called on 'SharedPreferences?' because it is potentially null.
 - 'SharedPreferences' is from 'package:shared_preferences/src/shared_preferences_legacy.dart' ('../../.pub-cache/hosted/pub.dev/shared_preferences-2.5.3/lib/src/shared_preferences_legacy.dart').
        await _prefs.setString('_device_seed', deviceSeed);
                     ^^^^^^^^^
lib/services/cbt/session_recovery_service.dart:130:40:
Error: Too many positional arguments: 0 allowed, but 1 found.
      LocalEncryptionService.initialize(deviceSeed);
                                       ^
lib/core/security/local_encryption_service.dart:151:23:
Info: Found this candidate, but the arguments don't match.
  static Future<void> initialize({String? deviceSeed}) async {
                      ^^^^^^^^^^
lib/services/cbt/session_recovery_service.dart:134:17:
Error: Method 'containsKey' cannot be called on 'SharedPreferences?' because it is potentially null.
 - 'SharedPreferences' is from 'package:shared_preferences/src/shared_preferences_legacy.dart' ('../../.pub-cache/hosted/pub.dev/shared_preferences-2.5.3/lib/src/shared_preferences_legacy.dart').
    if (!_prefs.containsKey('_device_seed')) {
                ^^^^^^^^^^^
lib/services/cbt/session_recovery_service.dart:135:20:
Error: Method 'setString' cannot be called on 'SharedPreferences?' because it is potentially null.
 - 'SharedPreferences' is from 'package:shared_preferences/src/shared_preferences_legacy.dart' ('../../.pub-cache/hosted/pub.dev/shared_preferences-2.5.3/lib/src/shared_preferences_legacy.dart').
      await _prefs.setString('_device_seed', deviceSeed);
                   ^^^^^^^^^
lib/features/results/data/datasources/results_remote_datasource.dart:1116:29:
Error: Too few positional arguments: 3 required, 2 given.
        query = query.filter('subject_id', 'is.null');
                            ^
lib/features/results/data/repositories/results_repository_impl.dart:250:21:
Error: The argument type 'Null' can't be assigned to the parameter type 'bool'.
        isAccepted: null,
                    ^
lib/features/student_portal/data/datasources/student_portal_remote_datasource.dart:77:25:
Error: The getter 'statusCode' isn't defined for the type 'PostgrestException'.
 - 'PostgrestException' is from 'package:postgrest/src/types.dart' ('../../.pub-cache/hosted/pub.dev/postgrest-2.8.0/lib/src/types.dart').
          statusCode: e.statusCode ?? 500,
                        ^^^^^^^^^^
lib/features/student_portal/data/datasources/student_portal_remote_datasource.dart:983:38:
Error: The argument type 'List<int>' can't be assigned to the parameter type 'Uint8List'.
 - 'List' is from 'dart:core'.
 - 'Uint8List' is from 'dart:typed_data'.
          .uploadBinary(storagePath, fileBytes);
                                     ^
lib/features/student_portal/data/datasources/student_portal_remote_datasource.dart:2193:18:
Error: Too few positional arguments: 3 required, 2 given.
          .filter('subject_id', 'is.null') // Overall progress (no specific subject)
                 ^
lib/features/student_portal/presentation/providers/ai_tutor_provider.dart:85:32:
Error: The argument type 'int?' can't be assigned to the parameter type 'int'.
      currentPage: currentPage ?? currentPage,
                               ^
lib/features/student_portal/presentation/providers/assignment_provider.dart:86:32:
Error: The argument type 'int?' can't be assigned to the parameter type 'int'.
      currentPage: currentPage ?? currentPage,
                               ^
lib/features/student_portal/presentation/providers/document_chat_provider.dart:100:32:
Error: The argument type 'int?' can't be assigned to the parameter type 'int'.
      currentPage: currentPage ?? currentPage,
                               ^
lib/features/student_portal/presentation/providers/flashcard_provider.dart:132:32:
Error: The argument type 'int?' can't be assigned to the parameter type 'int'.
      currentPage: currentPage ?? currentPage,
                               ^
lib/features/student_portal/presentation/providers/practice_provider.dart:122:32:
Error: The argument type 'int?' can't be assigned to the parameter type 'int'.
      currentPage: currentPage ?? currentPage,
                               ^
lib/features/student_portal/presentation/providers/progress_provider.dart:172:23:
Error: 'Result' isn't a type.
        results[0] as Result<List<StudentProgressEntity>>;
                      ^^^^^^
lib/features/student_portal/presentation/providers/progress_provider.dart:174:23:
Error: 'Result' isn't a type.
        results[1] as Result<StudentProgressEntity>;
                      ^^^^^^
lib/features/student_portal/presentation/providers/resource_provider.dart:101:32:
Error: The argument type 'int?' can't be assigned to the parameter type 'int'.
      currentPage: currentPage ?? currentPage,
                               ^
lib/features/student_portal/presentation/providers/student_dashboard_provider.dart:150:39:
Error: 'Result' isn't a type.
    final statsResult = results[0] as Result<StudentDashboardStats>;
                                      ^^^^^^
lib/features/student_portal/presentation/providers/student_dashboard_provider.dart:152:23:
Error: 'Result' isn't a type.
        results[1] as Result<List<AiTutorConversationEntity>>;
                      ^^^^^^
lib/features/student_portal/presentation/providers/student_dashboard_provider.dart:154:23:
Error: 'Result' isn't a type.
        results[2] as Result<List<StudentNotificationEntity>>;
                      ^^^^^^
lib/features/student_portal/presentation/providers/student_dashboard_provider.dart:156:23:
Error: 'Result' isn't a type.
        results[3] as Result<List<AssignmentSubmissionEntity>>;
                      ^^^^^^
lib/features/student_portal/presentation/providers/student_dashboard_provider.dart:158:23:
Error: 'Result' isn't a type.
        results[4] as Result<List<PracticeSessionEntity>>;
                      ^^^^^^
lib/features/student_portal/presentation/providers/student_notification_provider.dart:69:32:
Error: The argument type 'int?' can't be assigned to the parameter type 'int'.
      currentPage: currentPage ?? currentPage,
                               ^
lib/features/student_portal/presentation/providers/study_planner_provider.dart:95:34:
Error: The argument type 'bool?' can't be assigned to the parameter type 'bool'.
      isSuggesting: isSuggesting ?? isSuggesting,
                                 ^
lib/features/parent_portal/presentation/providers/parent_messaging_provider.dart:213:31:
Error: No named parameter with the name 'isRead'.
            return m.copyWith(isRead: true);
                              ^^^^^^
lib/features/parent_portal/presentation/providers/parent_messaging_provider.dart:217:42:
Error: The argument type 'List<dynamic>' can't be assigned to the parameter type 'List<ParentMessageEntity>?'.
 - 'List' is from 'dart:core'.
 - 'ParentMessageEntity' is from 'package:examforge_ai/features/parent_portal/domain/entities/parent_portal_entities.dart' ('lib/features/parent_portal/domain/entities/parent_portal_entities.dart').
        state = state.copyWith(messages: updatedMessages);
                                         ^
lib/features/parent_portal/presentation/providers/parent_reports_provider.dart:106:37:
Error: The getter 'downloadUrl' isn't defined for the type 'Object?'.
 - 'Object' is from 'dart:core'.
          lastDownloadUrl: download.downloadUrl,
                                    ^^^^^^^^^^^
lib/features/parent_portal/presentation/providers/parent_reports_provider.dart:104:22:
Error: The argument type 'List<Object?>' can't be assigned to the parameter type 'List<ParentReportDownloadEntity>?'.
 - 'List' is from 'dart:core'.
 - 'Object' is from 'dart:core'.
 - 'ParentReportDownloadEntity' is from 'package:examforge_ai/features/parent_portal/domain/entities/parent_portal_entities.dart' ('lib/features/parent_portal/domain/entities/parent_portal_entities.dart').
          downloads: updatedDownloads,
                     ^
lib/features/super_admin/presentation/providers/super_admin_providers.dart:264:71:
Error: The method 'copyWith' isn't defined for the type 'SchoolManagementDetail'.
 - 'SchoolManagementDetail' is from 'package:examforge_ai/features/super_admin/domain/entities/super_admin_entities.dart' ('lib/features/super_admin/domain/entities/super_admin_entities.dart').
        final updated = state.schools.map((s) => s.id == schoolId ? s.copyWith(isActive: false) : s).toList();
                                                                      ^^^^^^^^
lib/features/super_admin/presentation/providers/super_admin_providers.dart:265:41:
Error: The argument type 'List<dynamic>' can't be assigned to the parameter type 'List<SchoolManagementDetail>?'.
 - 'List' is from 'dart:core'.
 - 'SchoolManagementDetail' is from 'package:examforge_ai/features/super_admin/domain/entities/super_admin_entities.dart' ('lib/features/super_admin/domain/entities/super_admin_entities.dart').
        state = state.copyWith(schools: updated, successMessage: 'School suspended');
                                        ^
lib/features/super_admin/presentation/providers/super_admin_providers.dart:275:71:
Error: The method 'copyWith' isn't defined for the type 'SchoolManagementDetail'.
 - 'SchoolManagementDetail' is from 'package:examforge_ai/features/super_admin/domain/entities/super_admin_entities.dart' ('lib/features/super_admin/domain/entities/super_admin_entities.dart').
        final updated = state.schools.map((s) => s.id == schoolId ? s.copyWith(isActive: true) : s).toList();
                                                                      ^^^^^^^^
lib/features/super_admin/presentation/providers/super_admin_providers.dart:276:41:
Error: The argument type 'List<dynamic>' can't be assigned to the parameter type 'List<SchoolManagementDetail>?'.
 - 'List' is from 'dart:core'.
 - 'SchoolManagementDetail' is from 'package:examforge_ai/features/super_admin/domain/entities/super_admin_entities.dart' ('lib/features/super_admin/domain/entities/super_admin_entities.dart').
        state = state.copyWith(schools: updated, successMessage: 'School reactivated');
                                        ^
lib/features/super_admin/presentation/providers/super_admin_providers.dart:286:71:
Error: The method 'copyWith' isn't defined for the type 'SchoolManagementDetail'.
 - 'SchoolManagementDetail' is from 'package:examforge_ai/features/super_admin/domain/entities/super_admin_entities.dart' ('lib/features/super_admin/domain/entities/super_admin_entities.dart').
        final updated = state.schools.map((s) => s.id == schoolId ? s.copyWith(isVerified: true) : s).toList();
                                                                      ^^^^^^^^
lib/features/super_admin/presentation/providers/super_admin_providers.dart:287:41:
Error: The argument type 'List<dynamic>' can't be assigned to the parameter type 'List<SchoolManagementDetail>?'.
 - 'List' is from 'dart:core'.
 - 'SchoolManagementDetail' is from 'package:examforge_ai/features/super_admin/domain/entities/super_admin_entities.dart' ('lib/features/super_admin/domain/entities/super_admin_entities.dart').
        state = state.copyWith(schools: updated, successMessage: 'School verified');
                                        ^
lib/features/super_admin/presentation/providers/super_admin_providers.dart:363:67:
Error: The method 'copyWith' isn't defined for the type 'UserManagementDetail'.
 - 'UserManagementDetail' is from 'package:examforge_ai/features/super_admin/domain/entities/super_admin_entities.dart' ('lib/features/super_admin/domain/entities/super_admin_entities.dart').
        final updated = state.users.map((u) => u.id == userId ? u.copyWith(isActive: false) : u).toList();
                                                                  ^^^^^^^^
lib/features/super_admin/presentation/providers/super_admin_providers.dart:364:39:
Error: The argument type 'List<dynamic>' can't be assigned to the parameter type 'List<UserManagementDetail>?'.
 - 'List' is from 'dart:core'.
 - 'UserManagementDetail' is from 'package:examforge_ai/features/super_admin/domain/entities/super_admin_entities.dart' ('lib/features/super_admin/domain/entities/super_admin_entities.dart').
        state = state.copyWith(users: updated, successMessage: 'User suspended');
                                      ^
lib/features/super_admin/presentation/providers/super_admin_providers.dart:374:67:
Error: The method 'copyWith' isn't defined for the type 'UserManagementDetail'.
 - 'UserManagementDetail' is from 'package:examforge_ai/features/super_admin/domain/entities/super_admin_entities.dart' ('lib/features/super_admin/domain/entities/super_admin_entities.dart').
        final updated = state.users.map((u) => u.id == userId ? u.copyWith(isActive: true) : u).toList();
                                                                  ^^^^^^^^
lib/features/super_admin/presentation/providers/super_admin_providers.dart:375:39:
Error: The argument type 'List<dynamic>' can't be assigned to the parameter type 'List<UserManagementDetail>?'.
 - 'List' is from 'dart:core'.
 - 'UserManagementDetail' is from 'package:examforge_ai/features/super_admin/domain/entities/super_admin_entities.dart' ('lib/features/super_admin/domain/entities/super_admin_entities.dart').
        state = state.copyWith(users: updated, successMessage: 'User activated');
                                      ^
lib/features/super_admin/presentation/providers/super_admin_providers.dart:393:67:
Error: The method 'copyWith' isn't defined for the type 'UserManagementDetail'.
 - 'UserManagementDetail' is from 'package:examforge_ai/features/super_admin/domain/entities/super_admin_entities.dart' ('lib/features/super_admin/domain/entities/super_admin_entities.dart').
        final updated = state.users.map((u) => u.id == userId ? u.copyWith(role: newRole) : u).toList();
                                                                  ^^^^^^^^
lib/features/super_admin/presentation/providers/super_admin_providers.dart:394:39:
Error: The argument type 'List<dynamic>' can't be assigned to the parameter type 'List<UserManagementDetail>?'.
 - 'List' is from 'dart:core'.
 - 'UserManagementDetail' is from 'package:examforge_ai/features/super_admin/domain/entities/super_admin_entities.dart' ('lib/features/super_admin/domain/entities/super_admin_entities.dart').
        state = state.copyWith(users: updated, successMessage: 'Role updated');
                                      ^
lib/features/super_admin/presentation/providers/super_admin_providers.dart:1257:43:
Error: The argument type 'String' can't be assigned to the parameter type 'MarketplaceStatus?'.
 - 'MarketplaceStatus' is from 'package:examforge_ai/features/super_admin/domain/entities/super_admin_entities.dart' ('lib/features/super_admin/domain/entities/super_admin_entities.dart').
      GetMarketplaceContentParams(status: 'pending_review', limit: 100),
                                          ^
lib/features/super_admin/presentation/providers/super_admin_providers.dart:1269:17:
Error: The argument type 'String?' can't be assigned to the parameter type 'MarketplaceStatus?'.
 - 'MarketplaceStatus' is from 'package:examforge_ai/features/super_admin/domain/entities/super_admin_entities.dart' ('lib/features/super_admin/domain/entities/super_admin_entities.dart').
        status: status?.value,
                ^
lib/features/super_admin/presentation/providers/super_admin_providers.dart:1270:22:
Error: The argument type 'String?' can't be assigned to the parameter type 'MarketplaceContentType?'.
 - 'MarketplaceContentType' is from 'package:examforge_ai/features/super_admin/domain/entities/super_admin_entities.dart' ('lib/features/super_admin/domain/entities/super_admin_entities.dart').
        contentType: contentType?.value,
                     ^
lib/features/marketplace/data/datasources/marketplace_remote_datasource.dart:675:39:
Error: Too few positional arguments: 3 required, 2 given.
      filterQuery = filterQuery.filter('deleted_at', 'is.null'); // exclude soft-deleted
                                      ^
lib/features/marketplace/data/datasources/marketplace_remote_datasource.dart:976:18:
Error: Too few positional arguments: 3 required, 2 given.
          .filter('deleted_at', 'is.null')
                 ^
lib/features/marketplace/data/datasources/marketplace_remote_datasource.dart:1009:18:
Error: Too few positional arguments: 3 required, 2 given.
          .filter('deleted_at', 'is.null')
                 ^
lib/features/marketplace/data/datasources/marketplace_remote_datasource.dart:1056:18:
Error: Too few positional arguments: 3 required, 2 given.
          .filter('deleted_at', 'is.null')
                 ^
lib/features/marketplace/data/datasources/marketplace_remote_datasource.dart:2841:18:
Error: Too few positional arguments: 3 required, 2 given.
          .filter('deleted_at', 'is.null')
                 ^
lib/features/marketplace/data/datasources/marketplace_remote_datasource.dart:2876:18:
Error: Too few positional arguments: 3 required, 2 given.
          .filter('deleted_at', 'is.null')
                 ^
lib/features/marketplace/presentation/providers/commission_provider.dart:185:19:
Error: The argument type 'String?' can't be assigned to the parameter type 'String'.
        sellerId: sellerId,
                  ^
lib/features/teacher_workspace/data/repositories/teacher_workspace_repository_impl.dart:30:76:
Error: Duplicated named argument 'fieldErrors'.
      return Failure.validation(fieldErrors: const {}, message: e.message, fieldErrors: e.fieldErrors);
                                                                           ^^^^^^^^^^^
lib/features/teacher_workspace/domain/usecases/generate_presentation_usecase.dart:65:45:
Error: The argument type 'GeneratePresentationParams' can't be assigned to the parameter type 'Map<String, dynamic>'.
 - 'GeneratePresentationParams' is from 'package:examforge_ai/features/teacher_workspace/domain/usecases/generate_presentation_usecase.dart' ('lib/features/teacher_workspace/domain/usecases/generate_presentation_usecase.dart').
 - 'Map' is from 'dart:core'.
    return _repository.generatePresentation(params);
                                            ^
lib/features/teacher_workspace/domain/usecases/generate_communication_usecase.dart:62:46:
Error: The argument type 'GenerateCommunicationParams' can't be assigned to the parameter type 'Map<String, dynamic>'.
 - 'GenerateCommunicationParams' is from 'package:examforge_ai/features/teacher_workspace/domain/usecases/generate_communication_usecase.dart' ('lib/features/teacher_workspace/domain/usecases/generate_communication_usecase.dart').
 - 'Map' is from 'dart:core'.
    return _repository.generateCommunication(params);
                                             ^
lib/features/teacher_workspace/domain/usecases/get_tasks_usecase.dart:37:32:
Error: Too many positional arguments: 0 allowed, but 3 found.
    return _repository.getTasks(
                               ^
lib/features/teacher_workspace/domain/usecases/generate_rubric_usecase.dart:46:39:
Error: The argument type 'GenerateRubricParams' can't be assigned to the parameter type 'Map<String, dynamic>'.
 - 'GenerateRubricParams' is from 'package:examforge_ai/features/teacher_workspace/domain/usecases/generate_rubric_usecase.dart' ('lib/features/teacher_workspace/domain/usecases/generate_rubric_usecase.dart').
 - 'Map' is from 'dart:core'.
    return _repository.generateRubric(params);
                                      ^
lib/features/teacher_workspace/domain/usecases/generate_oral_questions_usecase.dart:56:46:
Error: The argument type 'GenerateOralQuestionsParams' can't be assigned to the parameter type 'Map<String, dynamic>'.
 - 'GenerateOralQuestionsParams' is from 'package:examforge_ai/features/teacher_workspace/domain/usecases/generate_oral_questions_usecase.dart' ('lib/features/teacher_workspace/domain/usecases/generate_oral_questions_usecase.dart').
 - 'Map' is from 'dart:core'.
    return _repository.generateOralQuestions(params);
                                             ^
lib/features/teacher_workspace/domain/usecases/generate_practical_assessment_usecase.dart:48:52:
Error: The argument type 'GeneratePracticalAssessmentParams' can't be assigned to the parameter type 'Map<String, dynamic>'.
 - 'GeneratePracticalAssessmentParams' is from 'package:examforge_ai/features/teacher_workspace/domain/usecases/generate_practical_assessment_usecase.dart' ('lib/features/teacher_workspace/domain/usecases/generate_practical_assessment_usecase.dart').
 - 'Map' is from 'dart:core'.
    return _repository.generatePracticalAssessment(params);
                                                   ^
lib/features/teacher_workspace/domain/usecases/share_resource_usecase.dart:55:38:
Error: The argument type 'ShareResourceParams' can't be assigned to the parameter type 'Map<String, dynamic>'.
 - 'ShareResourceParams' is from 'package:examforge_ai/features/teacher_workspace/domain/usecases/share_resource_usecase.dart' ('lib/features/teacher_workspace/domain/usecases/share_resource_usecase.dart').
 - 'Map' is from 'dart:core'.
    return _repository.shareResource(params);
                                     ^
lib/features/teacher_workspace/domain/usecases/add_comment_usecase.dart:46:35:
Error: The argument type 'AddCommentParams' can't be assigned to the parameter type 'Map<String, dynamic>'.
 - 'AddCommentParams' is from 'package:examforge_ai/features/teacher_workspace/domain/usecases/add_comment_usecase.dart' ('lib/features/teacher_workspace/domain/usecases/add_comment_usecase.dart').
 - 'Map' is from 'dart:core'.
    return _repository.addComment(params);
                                  ^
lib/features/teacher_workspace/presentation/providers/collaboration_provider.dart:148:21:
Error: The argument type 'List<Object?>' can't be assigned to the parameter type 'List<CollaborationCommentEntity>?'.
 - 'List' is from 'dart:core'.
 - 'Object' is from 'dart:core'.
 - 'CollaborationCommentEntity' is from 'package:examforge_ai/features/teacher_workspace/domain/entities/workspace_expansion_entities.dart' ('lib/features/teacher_workspace/domain/entities/workspace_expansion_entities.dart').
          comments: updatedList,
                    ^
lib/features/teacher_workspace/presentation/providers/collaboration_provider.dart:152:50:
Error: The getter 'id' isn't defined for the type 'Object?'.
 - 'Object' is from 'dart:core'.
        AppLogger.info('Comment added: ${comment.id}');
                                                 ^^
lib/features/teacher_workspace/presentation/providers/enhanced_dashboard_provider.dart:81:22:
Error: The argument type 'Object?' can't be assigned to the parameter type 'EnhancedWorkspaceDashboardEntity?'.
 - 'Object' is from 'dart:core'.
 - 'EnhancedWorkspaceDashboardEntity' is from 'package:examforge_ai/features/teacher_workspace/domain/entities/workspace_expansion_entities.dart' ('lib/features/teacher_workspace/domain/entities/workspace_expansion_entities.dart').
          dashboard: dashboard,
                     ^
lib/features/school_management/data/repositories/school_management_repository_impl.dart:1335:25:
Error: The argument type 'String?' can't be assigned to the parameter type 'String'.
        teacherId: slot.teacherId,
                        ^
lib/features/school_management/data/repositories/school_management_repository_impl.dart:1336:23:
Error: The argument type 'String?' can't be assigned to the parameter type 'String'.
        classId: slot.classId,
                      ^
lib/features/parent_portal/data/repositories/parent_portal_repository_impl.dart:129:16:
Error: Method 'map' cannot be called on 'List<dynamic>?' because it is potentially null.
 - 'List' is from 'dart:core'.
              .map((e) => Map<String, dynamic>.from(e as Map))
               ^^^
lib/features/parent_portal/data/repositories/parent_portal_repository_impl.dart:334:18:
Error: Method 'map' cannot be called on 'List<dynamic>?' because it is potentially null.
 - 'List' is from 'dart:core'.
                .map((e) => Map<String, dynamic>.from(e as Map))
                 ^^^
lib/features/parent_portal/data/repositories/parent_portal_repository_impl.dart:339:18:
Error: Method 'cast' cannot be called on 'List<dynamic>?' because it is potentially null.
 - 'List' is from 'dart:core'.
                .cast<String>() ??
                 ^^^^
lib/features/parent_portal/domain/usecases/get_parent_insights_usecase.dart:37:24:
Error: The method 'getParentInsights' isn't defined for the type 'ParentPortalRepository'.
 - 'ParentPortalRepository' is from 'package:examforge_ai/features/parent_portal/domain/repositories/parent_portal_repository.dart' ('lib/features/parent_portal/domain/repositories/parent_portal_repository.dart').
    return _repository.getParentInsights(
                       ^^^^^^^^^^^^^^^^^
lib/features/parent_portal/domain/usecases/get_child_performance_usecase.dart:44:43:
Error: Too many positional arguments: 0 allowed, but 1 found.
    return _repository.getChildPerformance(
                                          ^
lib/features/parent_portal/domain/usecases/get_child_attendance_usecase.dart:46:42:
Error: Too many positional arguments: 0 allowed, but 1 found.
    return _repository.getChildAttendance(
                                         ^
lib/features/parent_portal/domain/usecases/get_child_assignments_usecase.dart:44:43:
Error: Too many positional arguments: 0 allowed, but 1 found.
    return _repository.getChildAssignments(
                                          ^
lib/features/parent_portal/domain/usecases/get_parent_notifications_usecase.dart:48:24:
Error: The method 'getParentNotifications' isn't defined for the type 'ParentPortalRepository'.
 - 'ParentPortalRepository' is from 'package:examforge_ai/features/parent_portal/domain/repositories/parent_portal_repository.dart' ('lib/features/parent_portal/domain/repositories/parent_portal_repository.dart').
    return _repository.getParentNotifications(
                       ^^^^^^^^^^^^^^^^^^^^^^
lib/features/parent_portal/domain/usecases/get_parent_messages_usecase.dart:48:24:
Error: The method 'getParentMessages' isn't defined for the type 'ParentPortalRepository'.
 - 'ParentPortalRepository' is from 'package:examforge_ai/features/parent_portal/domain/repositories/parent_portal_repository.dart' ('lib/features/parent_portal/domain/repositories/parent_portal_repository.dart').
    return _repository.getParentMessages(
                       ^^^^^^^^^^^^^^^^^
lib/features/parent_portal/domain/usecases/send_parent_message_usecase.dart:61:35:
Error: Too few positional arguments: 1 required, 0 given.
    return _repository.sendMessage(
                                  ^
lib/features/parent_portal/domain/usecases/get_parent_calendar_usecase.dart:50:24:
Error: The method 'getParentCalendar' isn't defined for the type 'ParentPortalRepository'.
 - 'ParentPortalRepository' is from 'package:examforge_ai/features/parent_portal/domain/repositories/parent_portal_repository.dart' ('lib/features/parent_portal/domain/repositories/parent_portal_repository.dart').
    return _repository.getParentCalendar(
                       ^^^^^^^^^^^^^^^^^
lib/features/parent_portal/domain/usecases/ask_parent_assistant_usecase.dart:46:24:
Error: The method 'askParentAssistant' isn't defined for the type 'ParentPortalRepository'.
 - 'ParentPortalRepository' is from 'package:examforge_ai/features/parent_portal/domain/repositories/parent_portal_repository.dart' ('lib/features/parent_portal/domain/repositories/parent_portal_repository.dart').
    return _repository.askParentAssistant(
                       ^^^^^^^^^^^^^^^^^^
lib/features/parent_portal/domain/usecases/download_report_usecase.dart:68:38:
Error: Too few positional arguments: 1 required, 0 given.
    return _repository.downloadReport(
                                     ^
lib/features/parent_portal/domain/usecases/record_engagement_usecase.dart:53:40:
Error: Too few positional arguments: 1 required, 0 given.
    return _repository.recordEngagement(
                                       ^
lib/features/billing/domain/usecases/manage_referrals_usecase.dart:18:9:
Error: 'ReferrerType' isn't a type.
  final ReferrerType referrerType;
        ^^^^^^^^^^^^
lib/features/billing/domain/usecases/manage_referrals_usecase.dart:54:9:
Error: 'RefereeType' isn't a type.
  final RefereeType refereeType;
        ^^^^^^^^^^^
lib/features/billing/domain/usecases/manage_school_billing_usecase.dart:28:47:
Error: Too few positional arguments: 1 required, 0 given.
    return _repository.getSchoolBillingProfile(schoolId: params.schoolId);
                                              ^
lib/features/billing/domain/usecases/manage_school_billing_usecase.dart:52:50:
Error: Too few positional arguments: 1 required, 0 given.
    return _repository.updateSchoolBillingProfile(profile: params.profile);
                                                 ^
lib/features/billing/domain/usecases/manage_billing_notifications_usecase.dart:74:44:
Error: Too few positional arguments: 1 required, 0 given.
    return _repository.markNotificationRead(
                                           ^
lib/features/billing/presentation/providers/payment_provider.dart:130:36:
Error: The getter 'checkoutUrl' isn't defined for the type 'Map<String, dynamic>'.
 - 'Map' is from 'dart:core'.
          checkoutUrl: paymentInit.checkoutUrl,
                                   ^^^^^^^^^^^
lib/features/billing/presentation/providers/payment_provider.dart:160:44:
Error: The getter 'transaction' isn't defined for the type 'TransactionEntity'.
 - 'TransactionEntity' is from 'package:examforge_ai/features/billing/domain/entities/billing_entities.dart' ('lib/features/billing/domain/entities/billing_entities.dart').
          currentTransaction: verification.transaction,
                                           ^^^^^^^^^^^
lib/features/billing/presentation/providers/payment_provider.dart:204:41:
Error: The getter 'items' isn't defined for the type 'List<TransactionEntity>'.
 - 'List' is from 'dart:core'.
 - 'TransactionEntity' is from 'package:examforge_ai/features/billing/domain/entities/billing_entities.dart' ('lib/features/billing/domain/entities/billing_entities.dart').
          transactions: paginatedResult.items,
                                        ^^^^^
lib/features/billing/presentation/providers/payment_provider.dart:208:37:
Error: The getter 'items' isn't defined for the type 'List<TransactionEntity>'.
 - 'List' is from 'dart:core'.
 - 'TransactionEntity' is from 'package:examforge_ai/features/billing/domain/entities/billing_entities.dart' ('lib/features/billing/domain/entities/billing_entities.dart').
          'Loaded ${paginatedResult.items.length} transactions',
                                    ^^^^^
lib/features/billing/presentation/providers/ai_credits_provider.dart:164:47:
Error: The getter 'items' isn't defined for the type 'List<AiCreditTransactionEntity>'.
 - 'List' is from 'dart:core'.
 - 'AiCreditTransactionEntity' is from 'package:examforge_ai/features/billing/domain/entities/billing_entities.dart' ('lib/features/billing/domain/entities/billing_entities.dart').
          creditTransactions: paginatedResult.items,
                                              ^^^^^
lib/features/billing/presentation/providers/ai_credits_provider.dart:168:37:
Error: The getter 'items' isn't defined for the type 'List<AiCreditTransactionEntity>'.
 - 'List' is from 'dart:core'.
 - 'AiCreditTransactionEntity' is from 'package:examforge_ai/features/billing/domain/entities/billing_entities.dart' ('lib/features/billing/domain/entities/billing_entities.dart').
          'Loaded ${paginatedResult.items.length} credit transactions',
                                    ^^^^^
lib/features/billing/presentation/providers/coupon_provider.dart:194:36:
Error: The getter 'items' isn't defined for the type 'List<CouponEntity>'.
 - 'List' is from 'dart:core'.
 - 'CouponEntity' is from 'package:examforge_ai/features/billing/domain/entities/billing_entities.dart' ('lib/features/billing/domain/entities/billing_entities.dart').
          coupons: paginatedResult.items,
                                   ^^^^^
lib/features/billing/presentation/providers/coupon_provider.dart:198:37:
Error: The getter 'items' isn't defined for the type 'List<CouponEntity>'.
 - 'List' is from 'dart:core'.
 - 'CouponEntity' is from 'package:examforge_ai/features/billing/domain/entities/billing_entities.dart' ('lib/features/billing/domain/entities/billing_entities.dart').
          'Loaded ${paginatedResult.items.length} coupons',
                                    ^^^^^
lib/features/billing/presentation/providers/referral_provider.dart:32:14:
Error: 'ReferralEntity' isn't a type.
  final List<ReferralEntity> referralTracking;
             ^^^^^^^^^^^^^^
lib/features/billing/presentation/providers/referral_provider.dart:55:10:
Error: 'ReferralEntity' isn't a type.
    List<ReferralEntity>? referralTracking,
         ^^^^^^^^^^^^^^
lib/features/billing/presentation/providers/referral_provider.dart:197:45:
Error: The getter 'items' isn't defined for the type 'Object?'.
 - 'Object' is from 'dart:core'.
          referralTracking: paginatedResult.items,
                                            ^^^^^
lib/features/billing/presentation/providers/referral_provider.dart:201:37:
Error: The getter 'items' isn't defined for the type 'Object?'.
 - 'Object' is from 'dart:core'.
          'Loaded ${paginatedResult.items.length} referral tracking entries',
                                    ^^^^^
lib/features/billing/presentation/providers/revenue_provider.dart:31:9:
Error: 'BillingDashboardSummaryEntity' isn't a type.
  final BillingDashboardSummaryEntity? dashboardSummary;
        ^^^^^^^^^^^^^^^^^^^^^^^^^^^^^
lib/features/billing/presentation/providers/revenue_provider.dart:46:5:
Error: 'BillingDashboardSummaryEntity' isn't a type.
    BillingDashboardSummaryEntity? dashboardSummary,
    ^^^^^^^^^^^^^^^^^^^^^^^^^^^^^
lib/features/billing/presentation/providers/revenue_provider.dart:105:42:
Error: The getter 'dataPoints' isn't defined for the type 'Object?'.
 - 'Object' is from 'dart:core'.
          revenueData: revenueDataEntity.dataPoints,
                                         ^^^^^^^^^^
lib/features/billing/presentation/providers/revenue_provider.dart:109:39:
Error: The getter 'dataPoints' isn't defined for the type 'Object?'.
 - 'Object' is from 'dart:core'.
          'Loaded ${revenueDataEntity.dataPoints.length} revenue data points',
                                      ^^^^^^^^^^
lib/features/billing/presentation/providers/billing_notification_provider.dart:108:42:
Error: The getter 'items' isn't defined for the type 'Object?'.
 - 'Object' is from 'dart:core'.
          notifications: paginatedResult.items,
                                         ^^^^^
lib/features/billing/presentation/providers/billing_notification_provider.dart:112:37:
Error: The getter 'items' isn't defined for the type 'Object?'.
 - 'Object' is from 'dart:core'.
          'Loaded ${paginatedResult.items.length} billing notifications',
                                    ^^^^^
lib/features/auth/presentation/pages/register_page.dart:185:25:
Error: A value of type '_UpperCaseTextFormatter' can't be assigned to a variable of type 'TextInputFormatter'.
 - '_UpperCaseTextFormatter' is from 'package:examforge_ai/features/auth/presentation/pages/register_page.dart' ('lib/features/auth/presentation/pages/register_page.dart').
 - 'TextInputFormatter' is from 'package:flutter/src/services/text_formatter.dart' ('../../flutter_sdk/packages/flutter/lib/src/services/text_formatter.dart').
                        _UpperCaseTextFormatter(),
                        ^
lib/features/auth/presentation/pages/verify_email_page.dart:295:48:
Error: The method 'copyWith' isn't defined for the type 'TextStyle? Function()'.
 - 'TextStyle' is from 'package:flutter/src/painting/text_style.dart' ('../../flutter_sdk/packages/flutter/lib/src/painting/text_style.dart').
          style: AppTypography.headlineMedium?.copyWith(
                                               ^^^^^^^^
lib/features/dashboard/presentation/pages/school_admin_dashboard_page.dart:160:18:
Error: The getter 'TrendDirection' isn't defined for the type 'SchoolAdminDashboardPage'.
 - 'SchoolAdminDashboardPage' is from 'package:examforge_ai/features/dashboard/presentation/pages/school_admin_dashboard_page.dart' ('lib/features/dashboard/presentation/pages/school_admin_dashboard_page.dart').
          trend: TrendDirection.up,
                 ^^^^^^^^^^^^^^
lib/features/dashboard/presentation/pages/school_admin_dashboard_page.dart:168:18:
Error: The getter 'TrendDirection' isn't defined for the type 'SchoolAdminDashboardPage'.
 - 'SchoolAdminDashboardPage' is from 'package:examforge_ai/features/dashboard/presentation/pages/school_admin_dashboard_page.dart' ('lib/features/dashboard/presentation/pages/school_admin_dashboard_page.dart').
          trend: TrendDirection.up,
                 ^^^^^^^^^^^^^^
lib/features/dashboard/presentation/pages/school_admin_dashboard_page.dart:176:18:
Error: The getter 'TrendDirection' isn't defined for the type 'SchoolAdminDashboardPage'.
 - 'SchoolAdminDashboardPage' is from 'package:examforge_ai/features/dashboard/presentation/pages/school_admin_dashboard_page.dart' ('lib/features/dashboard/presentation/pages/school_admin_dashboard_page.dart').
          trend: TrendDirection.neutral,
                 ^^^^^^^^^^^^^^
lib/features/dashboard/presentation/pages/school_admin_dashboard_page.dart:183:18:
Error: The getter 'TrendDirection' isn't defined for the type 'SchoolAdminDashboardPage'.
 - 'SchoolAdminDashboardPage' is from 'package:examforge_ai/features/dashboard/presentation/pages/school_admin_dashboard_page.dart' ('lib/features/dashboard/presentation/pages/school_admin_dashboard_page.dart').
          trend: TrendDirection.up,
                 ^^^^^^^^^^^^^^
lib/features/dashboard/presentation/pages/student_dashboard_page.dart:159:23:
Error: Member not found: 'event_upcoming_outlined'.
          icon: Icons.event_upcoming_outlined,
                      ^^^^^^^^^^^^^^^^^^^^^^^
lib/features/dashboard/presentation/pages/student_dashboard_page.dart:161:17:
Error: The getter 'TrendDirection' isn't defined for the type 'StudentDashboardPage'.
 - 'StudentDashboardPage' is from 'package:examforge_ai/features/dashboard/presentation/pages/student_dashboard_page.dart' ('lib/features/dashboard/presentation/pages/student_dashboard_page.dart').
              ? TrendDirection.up
                ^^^^^^^^^^^^^^
lib/features/dashboard/presentation/pages/student_dashboard_page.dart:162:17:
Error: The getter 'TrendDirection' isn't defined for the type 'StudentDashboardPage'.
 - 'StudentDashboardPage' is from 'package:examforge_ai/features/dashboard/presentation/pages/student_dashboard_page.dart' ('lib/features/dashboard/presentation/pages/student_dashboard_page.dart').
              : TrendDirection.neutral,
                ^^^^^^^^^^^^^^
lib/features/dashboard/presentation/pages/student_dashboard_page.dart:170:18:
Error: The getter 'TrendDirection' isn't defined for the type 'StudentDashboardPage'.
 - 'StudentDashboardPage' is from 'package:examforge_ai/features/dashboard/presentation/pages/student_dashboard_page.dart' ('lib/features/dashboard/presentation/pages/student_dashboard_page.dart').
          trend: TrendDirection.up,
                 ^^^^^^^^^^^^^^
lib/features/dashboard/presentation/pages/student_dashboard_page.dart:178:18:
Error: The getter 'TrendDirection' isn't defined for the type 'StudentDashboardPage'.
 - 'StudentDashboardPage' is from 'package:examforge_ai/features/dashboard/presentation/pages/student_dashboard_page.dart' ('lib/features/dashboard/presentation/pages/student_dashboard_page.dart').
          trend: TrendDirection.up,
                 ^^^^^^^^^^^^^^
lib/features/dashboard/presentation/pages/student_dashboard_page.dart:186:18:
Error: The getter 'TrendDirection' isn't defined for the type 'StudentDashboardPage'.
 - 'StudentDashboardPage' is from 'package:examforge_ai/features/dashboard/presentation/pages/student_dashboard_page.dart' ('lib/features/dashboard/presentation/pages/student_dashboard_page.dart').
          trend: TrendDirection.neutral,
                 ^^^^^^^^^^^^^^
lib/features/dashboard/presentation/pages/teacher_dashboard_page.dart:173:18:
Error: The getter 'TrendDirection' isn't defined for the type 'TeacherDashboardPage'.
 - 'TeacherDashboardPage' is from 'package:examforge_ai/features/dashboard/presentation/pages/teacher_dashboard_page.dart' ('lib/features/dashboard/presentation/pages/teacher_dashboard_page.dart').
          trend: TrendDirection.up,
                 ^^^^^^^^^^^^^^
lib/features/dashboard/presentation/pages/teacher_dashboard_page.dart:181:18:
Error: The getter 'TrendDirection' isn't defined for the type 'TeacherDashboardPage'.
 - 'TeacherDashboardPage' is from 'package:examforge_ai/features/dashboard/presentation/pages/teacher_dashboard_page.dart' ('lib/features/dashboard/presentation/pages/teacher_dashboard_page.dart').
          trend: TrendDirection.neutral,
                 ^^^^^^^^^^^^^^
lib/features/dashboard/presentation/pages/teacher_dashboard_page.dart:188:18:
Error: The getter 'TrendDirection' isn't defined for the type 'TeacherDashboardPage'.
 - 'TeacherDashboardPage' is from 'package:examforge_ai/features/dashboard/presentation/pages/teacher_dashboard_page.dart' ('lib/features/dashboard/presentation/pages/teacher_dashboard_page.dart').
          trend: TrendDirection.up,
                 ^^^^^^^^^^^^^^
lib/features/dashboard/presentation/pages/teacher_dashboard_page.dart:196:18:
Error: The getter 'TrendDirection' isn't defined for the type 'TeacherDashboardPage'.
 - 'TeacherDashboardPage' is from 'package:examforge_ai/features/dashboard/presentation/pages/teacher_dashboard_page.dart' ('lib/features/dashboard/presentation/pages/teacher_dashboard_page.dart').
          trend: TrendDirection.down,
                 ^^^^^^^^^^^^^^
lib/features/question_bank/presentation/pages/question_bank_dashboard_page.dart:561:29:
Error: The getter 'AppDialog' isn't defined for the type '_QuestionBankDashboardPageState'.
 - '_QuestionBankDashboardPageState' is from 'package:examforge_ai/features/question_bank/presentation/pages/question_bank_dashboard_page.dart' ('lib/features/question_bank/presentation/pages/question_bank_dashboard_page.dart').
    final confirmed = await AppDialog.showConfirm(
                            ^^^^^^^^^
lib/features/question_bank/presentation/pages/question_bank_dashboard_page.dart:577:29:
Error: The getter 'AppDialog' isn't defined for the type '_QuestionBankDashboardPageState'.
 - '_QuestionBankDashboardPageState' is from 'package:examforge_ai/features/question_bank/presentation/pages/question_bank_dashboard_page.dart' ('lib/features/question_bank/presentation/pages/question_bank_dashboard_page.dart').
    final confirmed = await AppDialog.showConfirm(
                            ^^^^^^^^^
lib/features/question_bank/presentation/pages/question_list_page.dart:376:42:
Error: The getter 'hasActiveFilters' isn't defined for the type 'QuestionFilterState'.
 - 'QuestionFilterState' is from 'package:examforge_ai/features/question_bank/presentation/providers/question_filter_provider.dart' ('lib/features/question_bank/presentation/providers/question_filter_provider.dart').
    final hasActiveFilters = filterState.hasActiveFilters;
                                         ^^^^^^^^^^^^^^^^
lib/features/question_bank/presentation/pages/question_list_page.dart:426:26:
Error: The getter 'hasActiveFilters' isn't defined for the type 'QuestionFilterState'.
 - 'QuestionFilterState' is from 'package:examforge_ai/features/question_bank/presentation/providers/question_filter_provider.dart' ('lib/features/question_bank/presentation/providers/question_filter_provider.dart').
      return filterState.hasActiveFilters
                         ^^^^^^^^^^^^^^^^
lib/features/cbt_engine/presentation/pages/teacher/exam_builder_page.dart:90:18:
Error: The getter 'examBuilderProvider' isn't defined for the type '_ExamBuilderPageState'.
 - '_ExamBuilderPageState' is from 'package:examforge_ai/features/cbt_engine/presentation/pages/teacher/exam_builder_page.dart' ('lib/features/cbt_engine/presentation/pages/teacher/exam_builder_page.dart').
        ref.read(examBuilderProvider.notifier).loadExamForEditing(widget.examId!);
                 ^^^^^^^^^^^^^^^^^^^
lib/features/cbt_engine/presentation/pages/teacher/exam_builder_page.dart:114:29:
Error: The getter 'examBuilderProvider' isn't defined for the type '_ExamBuilderPageState'.
 - '_ExamBuilderPageState' is from 'package:examforge_ai/features/cbt_engine/presentation/pages/teacher/exam_builder_page.dart' ('lib/features/cbt_engine/presentation/pages/teacher/exam_builder_page.dart').
    final state = ref.watch(examBuilderProvider);
                            ^^^^^^^^^^^^^^^^^^^
lib/features/cbt_engine/presentation/pages/teacher/exam_builder_page.dart:487:20:
Error: The method 'AppEmptyState' isn't defined for the type '_ExamBuilderPageState'.
 - '_ExamBuilderPageState' is from 'package:examforge_ai/features/cbt_engine/presentation/pages/teacher/exam_builder_page.dart' ('lib/features/cbt_engine/presentation/pages/teacher/exam_builder_page.dart').
            child: AppEmptyState(
                   ^^^^^^^^^^^^^
lib/features/cbt_engine/presentation/pages/teacher/exam_builder_page.dart:768:20:
Error: The getter 'examBuilderProvider' isn't defined for the type '_ExamBuilderPageState'.
 - '_ExamBuilderPageState' is from 'package:examforge_ai/features/cbt_engine/presentation/pages/teacher/exam_builder_page.dart' ('lib/features/cbt_engine/presentation/pages/teacher/exam_builder_page.dart').
    await ref.read(examBuilderProvider.notifier).saveDraft();
                   ^^^^^^^^^^^^^^^^^^^
lib/features/cbt_engine/presentation/pages/teacher/exam_builder_page.dart:794:22:
Error: The getter 'examBuilderProvider' isn't defined for the type '_ExamBuilderPageState'.
 - '_ExamBuilderPageState' is from 'package:examforge_ai/features/cbt_engine/presentation/pages/teacher/exam_builder_page.dart' ('lib/features/cbt_engine/presentation/pages/teacher/exam_builder_page.dart').
      await ref.read(examBuilderProvider.notifier).publishExam();
                     ^^^^^^^^^^^^^^^^^^^
lib/features/cbt_engine/presentation/pages/teacher/exam_detail_page.dart:367:50:
Error: The getter 'type' isn't defined for the type 'QuestionEntity'.
 - 'QuestionEntity' is from 'package:examforge_ai/features/question_bank/domain/entities/question_entities.dart' ('lib/features/question_bank/domain/entities/question_entities.dart').
                                  type: question.type,
                                                 ^^^^
lib/features/cbt_engine/presentation/pages/teacher/exam_monitor_page.dart:44:16:
Error: The getter 'examMonitorProvider' isn't defined for the type '_ExamMonitorPageState'.
 - '_ExamMonitorPageState' is from 'package:examforge_ai/features/cbt_engine/presentation/pages/teacher/exam_monitor_page.dart' ('lib/features/cbt_engine/presentation/pages/teacher/exam_monitor_page.dart').
      ref.read(examMonitorProvider.notifier).loadExamForMonitoring(widget.examId);
               ^^^^^^^^^^^^^^^^^^^
lib/features/cbt_engine/presentation/pages/teacher/exam_monitor_page.dart:45:16:
Error: The getter 'examMonitorProvider' isn't defined for the type '_ExamMonitorPageState'.
 - '_ExamMonitorPageState' is from 'package:examforge_ai/features/cbt_engine/presentation/pages/teacher/exam_monitor_page.dart' ('lib/features/cbt_engine/presentation/pages/teacher/exam_monitor_page.dart').
      ref.read(examMonitorProvider.notifier).startWatching(widget.examId);
               ^^^^^^^^^^^^^^^^^^^
lib/features/cbt_engine/presentation/pages/teacher/exam_monitor_page.dart:50:16:
Error: The getter 'examMonitorProvider' isn't defined for the type '_ExamMonitorPageState'.
 - '_ExamMonitorPageState' is from 'package:examforge_ai/features/cbt_engine/presentation/pages/teacher/exam_monitor_page.dart' ('lib/features/cbt_engine/presentation/pages/teacher/exam_monitor_page.dart').
      ref.read(examMonitorProvider.notifier).refreshStats();
               ^^^^^^^^^^^^^^^^^^^
lib/features/cbt_engine/presentation/pages/teacher/exam_monitor_page.dart:57:14:
Error: The getter 'examMonitorProvider' isn't defined for the type '_ExamMonitorPageState'.
 - '_ExamMonitorPageState' is from 'package:examforge_ai/features/cbt_engine/presentation/pages/teacher/exam_monitor_page.dart' ('lib/features/cbt_engine/presentation/pages/teacher/exam_monitor_page.dart').
    ref.read(examMonitorProvider.notifier).stopWatching();
             ^^^^^^^^^^^^^^^^^^^
lib/features/cbt_engine/presentation/pages/teacher/exam_monitor_page.dart:65:29:
Error: The getter 'examMonitorProvider' isn't defined for the type '_ExamMonitorPageState'.
 - '_ExamMonitorPageState' is from 'package:examforge_ai/features/cbt_engine/presentation/pages/teacher/exam_monitor_page.dart' ('lib/features/cbt_engine/presentation/pages/teacher/exam_monitor_page.dart').
    final state = ref.watch(examMonitorProvider);
                            ^^^^^^^^^^^^^^^^^^^
lib/features/cbt_engine/presentation/pages/teacher/exam_monitor_page.dart:118:28:
Error: The getter 'examMonitorProvider' isn't defined for the type '_ExamMonitorPageState'.
 - '_ExamMonitorPageState' is from 'package:examforge_ai/features/cbt_engine/presentation/pages/teacher/exam_monitor_page.dart' ('lib/features/cbt_engine/presentation/pages/teacher/exam_monitor_page.dart').
                  ref.read(examMonitorProvider.notifier).loadExamForMonitoring(widget.examId);
                           ^^^^^^^^^^^^^^^^^^^
lib/features/cbt_engine/presentation/pages/teacher/exam_monitor_page.dart:127:32:
Error: The getter 'examMonitorProvider' isn't defined for the type '_ExamMonitorPageState'.
 - '_ExamMonitorPageState' is from 'package:examforge_ai/features/cbt_engine/presentation/pages/teacher/exam_monitor_page.dart' ('lib/features/cbt_engine/presentation/pages/teacher/exam_monitor_page.dart').
                      ref.read(examMonitorProvider.notifier).refreshStats(),
                               ^^^^^^^^^^^^^^^^^^^
lib/features/cbt_engine/presentation/pages/teacher/exam_monitor_page.dart:396:26:
Error: The getter 'examMonitorProvider' isn't defined for the type '_ExamMonitorPageState'.
 - '_ExamMonitorPageState' is from 'package:examforge_ai/features/cbt_engine/presentation/pages/teacher/exam_monitor_page.dart' ('lib/features/cbt_engine/presentation/pages/teacher/exam_monitor_page.dart').
                ref.read(examMonitorProvider.notifier).resolveMonitoringEvent(event.id);
                         ^^^^^^^^^^^^^^^^^^^
lib/features/cbt_engine/presentation/pages/teacher/exam_monitor_page.dart:427:16:
Error: The getter 'examMonitorProvider' isn't defined for the type '_ExamMonitorPageState'.
 - '_ExamMonitorPageState' is from 'package:examforge_ai/features/cbt_engine/presentation/pages/teacher/exam_monitor_page.dart' ('lib/features/cbt_engine/presentation/pages/teacher/exam_monitor_page.dart').
      ref.read(examMonitorProvider.notifier).forceSubmitStudent(attemptId);
               ^^^^^^^^^^^^^^^^^^^
lib/features/cbt_engine/presentation/pages/teacher/exam_results_page.dart:41:16:
Error: The getter 'examResultsProvider' isn't defined for the type '_ExamResultsPageState'.
 - '_ExamResultsPageState' is from 'package:examforge_ai/features/cbt_engine/presentation/pages/teacher/exam_results_page.dart' ('lib/features/cbt_engine/presentation/pages/teacher/exam_results_page.dart').
      ref.read(examResultsProvider.notifier).loadResults(widget.examId);
               ^^^^^^^^^^^^^^^^^^^
lib/features/cbt_engine/presentation/pages/teacher/exam_results_page.dart:42:16:
Error: The getter 'examResultsProvider' isn't defined for the type '_ExamResultsPageState'.
 - '_ExamResultsPageState' is from 'package:examforge_ai/features/cbt_engine/presentation/pages/teacher/exam_results_page.dart' ('lib/features/cbt_engine/presentation/pages/teacher/exam_results_page.dart').
      ref.read(examResultsProvider.notifier).loadStatistics(widget.examId);
               ^^^^^^^^^^^^^^^^^^^
lib/features/cbt_engine/presentation/pages/teacher/exam_results_page.dart:50:29:
Error: The getter 'examResultsProvider' isn't defined for the type '_ExamResultsPageState'.
 - '_ExamResultsPageState' is from 'package:examforge_ai/features/cbt_engine/presentation/pages/teacher/exam_results_page.dart' ('lib/features/cbt_engine/presentation/pages/teacher/exam_results_page.dart').
    final state = ref.watch(examResultsProvider);
                            ^^^^^^^^^^^^^^^^^^^
lib/features/cbt_engine/presentation/pages/teacher/exam_results_page.dart:536:16:
Error: The getter 'examResultsProvider' isn't defined for the type '_ExamResultsPageState'.
 - '_ExamResultsPageState' is from 'package:examforge_ai/features/cbt_engine/presentation/pages/teacher/exam_results_page.dart' ('lib/features/cbt_engine/presentation/pages/teacher/exam_results_page.dart').
      ref.read(examResultsProvider.notifier).releaseResults(widget.examId);
               ^^^^^^^^^^^^^^^^^^^
lib/features/cbt_engine/presentation/pages/teacher/exam_templates_page.dart:52:16:
Error: The getter 'examTemplateProvider' isn't defined for the type '_ExamTemplatesPageState'.
 - '_ExamTemplatesPageState' is from 'package:examforge_ai/features/cbt_engine/presentation/pages/teacher/exam_templates_page.dart' ('lib/features/cbt_engine/presentation/pages/teacher/exam_templates_page.dart').
      ref.read(examTemplateProvider.notifier).loadTemplates();
               ^^^^^^^^^^^^^^^^^^^^
lib/features/cbt_engine/presentation/pages/teacher/exam_templates_page.dart:76:29:
Error: The getter 'examTemplateProvider' isn't defined for the type '_ExamTemplatesPageState'.
 - '_ExamTemplatesPageState' is from 'package:examforge_ai/features/cbt_engine/presentation/pages/teacher/exam_templates_page.dart' ('lib/features/cbt_engine/presentation/pages/teacher/exam_templates_page.dart').
    final state = ref.watch(examTemplateProvider);
                            ^^^^^^^^^^^^^^^^^^^^
lib/features/cbt_engine/presentation/pages/teacher/exam_templates_page.dart:80:35:
Error: The getter 'examTemplateProvider' isn't defined for the type '_ExamTemplatesPageState'.
 - '_ExamTemplatesPageState' is from 'package:examforge_ai/features/cbt_engine/presentation/pages/teacher/exam_templates_page.dart' ('lib/features/cbt_engine/presentation/pages/teacher/exam_templates_page.dart').
    ref.listen<ExamTemplateState>(examTemplateProvider, (prev, next) {
                                  ^^^^^^^^^^^^^^^^^^^^
lib/features/cbt_engine/presentation/pages/teacher/exam_templates_page.dart:90:18:
Error: The getter 'examTemplateProvider' isn't defined for the type '_ExamTemplatesPageState'.
 - '_ExamTemplatesPageState' is from 'package:examforge_ai/features/cbt_engine/presentation/pages/teacher/exam_templates_page.dart' ('lib/features/cbt_engine/presentation/pages/teacher/exam_templates_page.dart').
        ref.read(examTemplateProvider.notifier).clearSuccess();
                 ^^^^^^^^^^^^^^^^^^^^
lib/features/cbt_engine/presentation/pages/teacher/exam_templates_page.dart:100:18:
Error: The getter 'examTemplateProvider' isn't defined for the type '_ExamTemplatesPageState'.
 - '_ExamTemplatesPageState' is from 'package:examforge_ai/features/cbt_engine/presentation/pages/teacher/exam_templates_page.dart' ('lib/features/cbt_engine/presentation/pages/teacher/exam_templates_page.dart').
        ref.read(examTemplateProvider.notifier).clearError();
                 ^^^^^^^^^^^^^^^^^^^^
lib/features/cbt_engine/presentation/pages/teacher/exam_templates_page.dart:135:37:
Error: The getter 'examTemplateProvider' isn't defined for the type '_ExamTemplatesPageState'.
 - '_ExamTemplatesPageState' is from 'package:examforge_ai/features/cbt_engine/presentation/pages/teacher/exam_templates_page.dart' ('lib/features/cbt_engine/presentation/pages/teacher/exam_templates_page.dart').
                              .read(examTemplateProvider.notifier)
                                    ^^^^^^^^^^^^^^^^^^^^
lib/features/cbt_engine/presentation/pages/teacher/exam_templates_page.dart:125:28:
Error: The getter 'examTemplateProvider' isn't defined for the type '_ExamTemplatesPageState'.
 - '_ExamTemplatesPageState' is from 'package:examforge_ai/features/cbt_engine/presentation/pages/teacher/exam_templates_page.dart' ('lib/features/cbt_engine/presentation/pages/teacher/exam_templates_page.dart').
                  ref.read(examTemplateProvider.notifier).refresh(),
                           ^^^^^^^^^^^^^^^^^^^^
lib/features/cbt_engine/presentation/pages/teacher/exam_templates_page.dart:217:29:
Error: The getter 'examTemplateProvider' isn't defined for the type '_ExamTemplatesPageState'.
 - '_ExamTemplatesPageState' is from 'package:examforge_ai/features/cbt_engine/presentation/pages/teacher/exam_templates_page.dart' ('lib/features/cbt_engine/presentation/pages/teacher/exam_templates_page.dart').
                      .read(examTemplateProvider.notifier)
                            ^^^^^^^^^^^^^^^^^^^^
lib/features/cbt_engine/presentation/pages/teacher/exam_templates_page.dart:305:15:
Error: The getter 'examTemplateProvider' isn't defined for the type '_ExamTemplatesPageState'.
 - '_ExamTemplatesPageState' is from 'package:examforge_ai/features/cbt_engine/presentation/pages/teacher/exam_templates_page.dart' ('lib/features/cbt_engine/presentation/pages/teacher/exam_templates_page.dart').
        .read(examTemplateProvider.notifier)
              ^^^^^^^^^^^^^^^^^^^^
lib/features/cbt_engine/presentation/pages/teacher/exam_templates_page.dart:337:25:
Error: The getter 'examTemplateProvider' isn't defined for the type '_ExamTemplatesPageState'.
 - '_ExamTemplatesPageState' is from 'package:examforge_ai/features/cbt_engine/presentation/pages/teacher/exam_templates_page.dart' ('lib/features/cbt_engine/presentation/pages/teacher/exam_templates_page.dart').
                  .read(examTemplateProvider.notifier)
                        ^^^^^^^^^^^^^^^^^^^^
lib/features/cbt_engine/presentation/pages/student/student_exams_page.dart:37:16:
Error: The getter 'studentExamsProvider' isn't defined for the type '_StudentExamsPageState'.
 - '_StudentExamsPageState' is from 'package:examforge_ai/features/cbt_engine/presentation/pages/student/student_exams_page.dart' ('lib/features/cbt_engine/presentation/pages/student/student_exams_page.dart').
      ref.read(studentExamsProvider.notifier).loadExams();
               ^^^^^^^^^^^^^^^^^^^^
lib/features/cbt_engine/presentation/pages/student/student_exams_page.dart:93:40:
Error: Member not found: 'event_upcoming_rounded'.
                      emptyIcon: Icons.event_upcoming_rounded,
                                       ^^^^^^^^^^^^^^^^^^^^^^
lib/features/cbt_engine/presentation/pages/student/student_exams_page.dart:51:29:
Error: The getter 'studentExamsProvider' isn't defined for the type '_StudentExamsPageState'.
 - '_StudentExamsPageState' is from 'package:examforge_ai/features/cbt_engine/presentation/pages/student/student_exams_page.dart' ('lib/features/cbt_engine/presentation/pages/student/student_exams_page.dart').
    final state = ref.watch(studentExamsProvider);
                            ^^^^^^^^^^^^^^^^^^^^
lib/features/cbt_engine/presentation/pages/student/student_exams_page.dart:83:32:
Error: The getter 'studentExamsProvider' isn't defined for the type '_StudentExamsPageState'.
 - '_StudentExamsPageState' is from 'package:examforge_ai/features/cbt_engine/presentation/pages/student/student_exams_page.dart' ('lib/features/cbt_engine/presentation/pages/student/student_exams_page.dart').
                      ref.read(studentExamsProvider.notifier).refreshExams();
                               ^^^^^^^^^^^^^^^^^^^^
lib/features/cbt_engine/presentation/pages/student/student_exams_page.dart:138:33:
Error: The getter 'studentExamsProvider' isn't defined for the type '_StudentExamsPageState'.
 - '_StudentExamsPageState' is from 'package:examforge_ai/features/cbt_engine/presentation/pages/student/student_exams_page.dart' ('lib/features/cbt_engine/presentation/pages/student/student_exams_page.dart').
      onRefresh: () => ref.read(studentExamsProvider.notifier).refreshExams(),
                                ^^^^^^^^^^^^^^^^^^^^
lib/features/cbt_engine/presentation/pages/student/exam_result_view_page.dart:35:29:
Error: The getter 'examResultsProvider' isn't defined for the type 'ExamResultViewPage'.
 - 'ExamResultViewPage' is from 'package:examforge_ai/features/cbt_engine/presentation/pages/student/exam_result_view_page.dart' ('lib/features/cbt_engine/presentation/pages/student/exam_result_view_page.dart').
    final state = ref.watch(examResultsProvider);
                            ^^^^^^^^^^^^^^^^^^^
lib/features/cbt_engine/presentation/pages/student/submission_receipt_page.dart:36:29:
Error: The getter 'submissionReceiptProvider' isn't defined for the type 'SubmissionReceiptPage'.
 - 'SubmissionReceiptPage' is from 'package:examforge_ai/features/cbt_engine/presentation/pages/student/submission_receipt_page.dart' ('lib/features/cbt_engine/presentation/pages/student/submission_receipt_page.dart').
    final state = ref.watch(submissionReceiptProvider);
                            ^^^^^^^^^^^^^^^^^^^^^^^^^
lib/features/cbt_engine/presentation/pages/student/submission_receipt_page.dart:56:31:
Error: The getter 'submissionReceiptProvider' isn't defined for the type 'SubmissionReceiptPage'.
 - 'SubmissionReceiptPage' is from 'package:examforge_ai/features/cbt_engine/presentation/pages/student/submission_receipt_page.dart' ('lib/features/cbt_engine/presentation/pages/student/submission_receipt_page.dart').
                        .read(submissionReceiptProvider.notifier)
                              ^^^^^^^^^^^^^^^^^^^^^^^^^
lib/features/results/presentation/pages/teacher/class_results_page.dart:55:51:
Error: The method 'loadLockStatus' isn't defined for the type 'ResultManagementNotifier'.
 - 'ResultManagementNotifier' is from 'package:examforge_ai/features/results/presentation/providers/results_providers.dart' ('lib/features/results/presentation/providers/results_providers.dart').
      ref.read(resultManagementProvider.notifier).loadLockStatus(
                                                  ^^^^^^^^^^^^^^
lib/features/results/presentation/pages/admin/reports_page.dart:297:37:
Error: Member not found: 'data_table_rounded'.
          ReportFormat.csv => Icons.data_table_rounded,
                                    ^^^^^^^^^^^^^^^^^^
lib/features/results/presentation/pages/admin/reports_page.dart:596:45:
Error: Member not found: 'data_table_rounded'.
                  ReportFormat.csv => Icons.data_table_rounded,
                                            ^^^^^^^^^^^^^^^^^^
lib/features/teacher_workspace/presentation/pages/lesson_plan_generator_page.dart:318:33:
Error: Member not found: 'curriculum_outlined'.
              prefixIcon: Icons.curriculum_outlined,
                                ^^^^^^^^^^^^^^^^^^^
lib/features/teacher_workspace/presentation/pages/lesson_plan_generator_page.dart:529:34:
Error: Required named parameter 'resourceName' must be provided.
          GenerateQuestionsButton(
                                 ^
lib/features/teacher_workspace/presentation/widgets/generate_questions_button.dart:31:9:
Info: Found this candidate, but the arguments don't match.
  const GenerateQuestionsButton({
        ^^^^^^^^^^^^^^^^^^^^^^^
lib/features/teacher_workspace/presentation/pages/lesson_plan_generator_page.dart:639:25:
Error: Member not found: 'curriculum_outlined'.
            icon: Icons.curriculum_outlined,
                        ^^^^^^^^^^^^^^^^^^^
lib/features/teacher_workspace/presentation/pages/lesson_plan_list_page.dart:607:17:
Error: No named parameter with the name 'compact'.
                compact: true,
                ^^^^^^^
lib/features/teacher_workspace/presentation/widgets/generate_questions_button.dart:31:9:
Info: Found this candidate, but the arguments don't match.
  const GenerateQuestionsButton({
        ^^^^^^^^^^^^^^^^^^^^^^^
lib/features/teacher_workspace/presentation/pages/lesson_plan_detail_page.dart:465:34:
Error: Required named parameter 'resourceName' must be provided.
          GenerateQuestionsButton(
                                 ^
lib/features/teacher_workspace/presentation/widgets/generate_questions_button.dart:31:9:
Info: Found this candidate, but the arguments don't match.
  const GenerateQuestionsButton({
        ^^^^^^^^^^^^^^^^^^^^^^^
lib/features/teacher_workspace/presentation/pages/lesson_plan_detail_page.dart:602:36:
Error: Member not found: 'curriculum_outlined'.
              _buildMetaChip(Icons.curriculum_outlined, plan.curriculum.label, cs.secondary),
                                   ^^^^^^^^^^^^^^^^^^^
lib/features/teacher_workspace/presentation/pages/scheme_of_work_generator_page.dart:720:43:
Error: Required named parameter 'resourceName' must be provided.
            child: GenerateQuestionsButton(
                                          ^
lib/features/teacher_workspace/presentation/widgets/generate_questions_button.dart:31:9:
Info: Found this candidate, but the arguments don't match.
  const GenerateQuestionsButton({
        ^^^^^^^^^^^^^^^^^^^^^^^
lib/features/teacher_workspace/presentation/pages/scheme_of_work_list_page.dart:411:38:
Error: Required named parameter 'resourceName' must be provided.
              GenerateQuestionsButton(
                                     ^
lib/features/teacher_workspace/presentation/widgets/generate_questions_button.dart:31:9:
Info: Found this candidate, but the arguments don't match.
  const GenerateQuestionsButton({
        ^^^^^^^^^^^^^^^^^^^^^^^
lib/features/teacher_workspace/presentation/pages/worksheet_generator_page.dart:794:34:
Error: Required named parameter 'resourceName' must be provided.
          GenerateQuestionsButton(
                                 ^
lib/features/teacher_workspace/presentation/widgets/generate_questions_button.dart:31:9:
Info: Found this candidate, but the arguments don't match.
  const GenerateQuestionsButton({
        ^^^^^^^^^^^^^^^^^^^^^^^
lib/features/teacher_workspace/presentation/pages/worksheet_list_page.dart:465:38:
Error: Required named parameter 'resourceName' must be provided.
              GenerateQuestionsButton(
                                     ^
lib/features/teacher_workspace/presentation/widgets/generate_questions_button.dart:31:9:
Info: Found this candidate, but the arguments don't match.
  const GenerateQuestionsButton({
        ^^^^^^^^^^^^^^^^^^^^^^^
lib/features/teacher_workspace/presentation/pages/assignment_generator_page.dart:581:11:
Error: No named parameter with the name 'difficulty'.
          difficulty: assignment.difficulty,
          ^^^^^^^^^^
lib/features/teacher_workspace/presentation/widgets/generate_questions_button.dart:31:9:
Info: Found this candidate, but the arguments don't match.
  const GenerateQuestionsButton({
        ^^^^^^^^^^^^^^^^^^^^^^^
lib/features/teacher_workspace/presentation/pages/assignment_list_page.dart:365:15:
Error: No named parameter with the name 'difficulty'.
              difficulty: assignment.difficulty,
              ^^^^^^^^^^
lib/features/teacher_workspace/presentation/widgets/generate_questions_button.dart:31:9:
Info: Found this candidate, but the arguments don't match.
  const GenerateQuestionsButton({
        ^^^^^^^^^^^^^^^^^^^^^^^
lib/features/teacher_workspace/presentation/pages/resource_library_page.dart:443:24:
Error: The argument type 'void Function({required String Function(dynamic) itemLabel, required List<dynamic> items, required String label, required void Function(dynamic) onSelected, required dynamic selectedValue})' can't be assigned to the parameter type 'void Function()?'.
 - 'List' is from 'dart:core'.
            onPressed: _showFilterSheet,
                       ^
lib/features/teacher_workspace/presentation/pages/calendar_planner_page.dart:421:13:
Error: The method 'CreateEventParams' isn't defined for the type '_CalendarPlannerPageState'.
 - '_CalendarPlannerPageState' is from 'package:examforge_ai/features/teacher_workspace/presentation/pages/calendar_planner_page.dart' ('lib/features/teacher_workspace/presentation/pages/calendar_planner_page.dart').
            CreateEventParams(event: event),
            ^^^^^^^^^^^^^^^^^
lib/features/teacher_workspace/presentation/pages/calendar_planner_page.dart:1737:12:
Error: The getter 'AppErrorState' isn't defined for the type '_CalendarPlannerPageState'.
 - '_CalendarPlannerPageState' is from 'package:examforge_ai/features/teacher_workspace/presentation/pages/calendar_planner_page.dart' ('lib/features/teacher_workspace/presentation/pages/calendar_planner_page.dart').
    return AppErrorState.genericError(
           ^^^^^^^^^^^^^
lib/features/teacher_workspace/presentation/pages/enhanced_workspace_dashboard_page.dart:1343:47:
Error: Member not found: 'xxs'.
              const SizedBox(height: Spacings.xxs),
                                              ^^^
lib/features/teacher_workspace/presentation/pages/presentation_generator_page.dart:337:33:
Error: Member not found: 'curriculum_outlined'.
              prefixIcon: Icons.curriculum_outlined,
                                ^^^^^^^^^^^^^^^^^^^
lib/features/teacher_workspace/presentation/pages/presentation_generator_page.dart:683:31:
Error: Member not found: 'curriculum_outlined'.
                  icon: Icons.curriculum_outlined,
                              ^^^^^^^^^^^^^^^^^^^
lib/features/teacher_workspace/presentation/pages/rubric_list_page.dart:201:46:
Error: Not a constant expression.
            const SliverFillRemaining(child: _buildEmptyState())
                                             ^^^^^^^^^^^^^^^^
lib/features/teacher_workspace/presentation/pages/oral_question_generator_page.dart:319:33:
Error: Member not found: 'curriculum_outlined'.
              prefixIcon: Icons.curriculum_outlined,
                                ^^^^^^^^^^^^^^^^^^^
lib/features/teacher_workspace/presentation/pages/oral_question_list_page.dart:200:46:
Error: Not a constant expression.
            const SliverFillRemaining(child: _buildEmptyState())
                                             ^^^^^^^^^^^^^^^^
lib/features/teacher_workspace/presentation/pages/practical_assessment_generator_page.dart:877:29:
Error: No named parameter with the name 'borderRadius'.
                            borderRadius:
                            ^^^^^^^^^^^^
../../flutter_sdk/packages/flutter/lib/src/material/input_decorator.dart:2789:9:
Info: Found this candidate, but the arguments don't match.
  const InputDecoration({
        ^^^^^^^^^^^^^^^
lib/features/teacher_workspace/presentation/pages/practical_assessment_generator_page.dart:931:15:
Error: No named parameter with the name 'borderRadius'.
              borderRadius: BorderRadius.circular(Spacings.smRadius),
              ^^^^^^^^^^^^
../../flutter_sdk/packages/flutter/lib/src/material/input_decorator.dart:2789:9:
Info: Found this candidate, but the arguments don't match.
  const InputDecoration({
        ^^^^^^^^^^^^^^^
lib/features/teacher_workspace/presentation/pages/practical_assessment_list_page.dart:204:46:
Error: Not a constant expression.
            const SliverFillRemaining(child: _buildEmptyState())
                                             ^^^^^^^^^^^^^^^^
lib/features/student_portal/presentation/pages/student_portal_dashboard_page.dart:235:25:
Error: Member not found: 'event_upcoming_outlined'.
            icon: Icons.event_upcoming_outlined,
                        ^^^^^^^^^^^^^^^^^^^^^^^
lib/features/student_portal/presentation/pages/student_portal_dashboard_page.dart:671:53:
Error: Member not found: 'event_upcoming_outlined'.
      StudentNotificationType.upcomingExam => Icons.event_upcoming_outlined,
                                                    ^^^^^^^^^^^^^^^^^^^^^^^
lib/features/student_portal/presentation/pages/student_portal_dashboard_page.dart:730:7:
Error: No named parameter with the name 'width'.
      width: 160,
      ^^^^^
lib/shared/widgets/app_card.dart:36:9:
Info: Found this candidate, but the arguments don't match.
  const AppCard({
        ^^^^^^^
lib/features/student_portal/presentation/pages/student_notifications_page.dart:204:15:
Error: Member not found: 'event_upcoming_outlined'.
        Icons.event_upcoming_outlined,
              ^^^^^^^^^^^^^^^^^^^^^^^
lib/features/student_portal/presentation/pages/student_notifications_page.dart:360:15:
Error: Member not found: 'event_upcoming_outlined'.
        Icons.event_upcoming_outlined,
              ^^^^^^^^^^^^^^^^^^^^^^^
lib/features/school_management/presentation/pages/admin/school_detail_page.dart:571:15:
Error: The method 'AppTextField' isn't defined for the type '_BranchesTab'.
 - '_BranchesTab' is from 'package:examforge_ai/features/school_management/presentation/pages/admin/school_detail_page.dart' ('lib/features/school_management/presentation/pages/admin/school_detail_page.dart').
              AppTextField(label: 'Branch Name', controller: nameCtrl, isRequired: true),
              ^^^^^^^^^^^^
lib/features/school_management/presentation/pages/admin/school_detail_page.dart:573:15:
Error: The method 'AppTextField' isn't defined for the type '_BranchesTab'.
 - '_BranchesTab' is from 'package:examforge_ai/features/school_management/presentation/pages/admin/school_detail_page.dart' ('lib/features/school_management/presentation/pages/admin/school_detail_page.dart').
              AppTextField(label: 'Branch Code', controller: codeCtrl, isRequired: true),
              ^^^^^^^^^^^^
lib/features/school_management/presentation/pages/admin/school_detail_page.dart:575:15:
Error: The method 'AppTextField' isn't defined for the type '_BranchesTab'.
 - '_BranchesTab' is from 'package:examforge_ai/features/school_management/presentation/pages/admin/school_detail_page.dart' ('lib/features/school_management/presentation/pages/admin/school_detail_page.dart').
              AppTextField(label: 'City', controller: cityCtrl),
              ^^^^^^^^^^^^
lib/features/school_management/presentation/pages/admin/school_detail_page.dart:577:15:
Error: The method 'AppTextField' isn't defined for the type '_BranchesTab'.
 - '_BranchesTab' is from 'package:examforge_ai/features/school_management/presentation/pages/admin/school_detail_page.dart' ('lib/features/school_management/presentation/pages/admin/school_detail_page.dart').
              AppTextField(label: 'Head Name', controller: headCtrl),
              ^^^^^^^^^^^^
lib/features/school_management/presentation/pages/admin/school_detail_page.dart:729:15:
Error: The method 'AppTextField' isn't defined for the type '_DepartmentsTab'.
 - '_DepartmentsTab' is from 'package:examforge_ai/features/school_management/presentation/pages/admin/school_detail_page.dart' ('lib/features/school_management/presentation/pages/admin/school_detail_page.dart').
              AppTextField(label: 'Department Name', controller: nameCtrl, isRequired: true),
              ^^^^^^^^^^^^
lib/features/school_management/presentation/pages/admin/school_detail_page.dart:731:15:
Error: The method 'AppTextField' isn't defined for the type '_DepartmentsTab'.
 - '_DepartmentsTab' is from 'package:examforge_ai/features/school_management/presentation/pages/admin/school_detail_page.dart' ('lib/features/school_management/presentation/pages/admin/school_detail_page.dart').
              AppTextField(label: 'Department Code', controller: codeCtrl, isRequired: true),
              ^^^^^^^^^^^^
lib/features/school_management/presentation/pages/admin/school_detail_page.dart:733:15:
Error: The method 'AppTextField' isn't defined for the type '_DepartmentsTab'.
 - '_DepartmentsTab' is from 'package:examforge_ai/features/school_management/presentation/pages/admin/school_detail_page.dart' ('lib/features/school_management/presentation/pages/admin/school_detail_page.dart').
              AppTextField(label: 'Head Teacher', controller: headCtrl),
              ^^^^^^^^^^^^
lib/features/school_management/presentation/pages/admin/school_detail_page.dart:735:15:
Error: The method 'AppTextField' isn't defined for the type '_DepartmentsTab'.
 - '_DepartmentsTab' is from 'package:examforge_ai/features/school_management/presentation/pages/admin/school_detail_page.dart' ('lib/features/school_management/presentation/pages/admin/school_detail_page.dart').
              AppTextField(label: 'Description', controller: descCtrl, maxLines: 3),
              ^^^^^^^^^^^^
lib/features/school_management/presentation/pages/student/student_list_page.dart:306:30:
Error: The getter 'cs' isn't defined for the type '_StudentListPageState'.
 - '_StudentListPageState' is from 'package:examforge_ai/features/school_management/presentation/pages/student/student_list_page.dart' ('lib/features/school_management/presentation/pages/student/student_list_page.dart').
                activeColor: cs.primary,
                             ^^
lib/features/school_management/presentation/pages/student/student_detail_page.dart:185:28:
Error: The getter 'cs' isn't defined for the type '_StudentDetailPageState'.
 - '_StudentDetailPageState' is from 'package:examforge_ai/features/school_management/presentation/pages/student/student_detail_page.dart' ('lib/features/school_management/presentation/pages/student/student_detail_page.dart').
              activeColor: cs.primary,
                           ^^
lib/features/school_management/presentation/pages/student/student_detail_page.dart:225:21:
Error: The getter 'state' isn't defined for the type '_StudentDetailPageState'.
 - '_StudentDetailPageState' is from 'package:examforge_ai/features/school_management/presentation/pages/student/student_detail_page.dart' ('lib/features/school_management/presentation/pages/student/student_detail_page.dart').
                    state.student!.userId,
                    ^^^^^
lib/features/school_management/presentation/pages/student/student_form_page.dart:386:34:
Error: The getter 'id' isn't defined for the type 'String'.
                        value: c.id,
                                 ^^
lib/features/school_management/presentation/pages/student/student_form_page.dart:388:29:
Error: The getter 'name' isn't defined for the type 'String'.
                          c.name,
                            ^^^^
lib/features/school_management/presentation/pages/student/student_form_page.dart:382:78:
Error: The getter 'id' isn't defined for the type 'String'.
                      onChanged: (v) => setState(() => _selectedClassId = v?.id),
                                                                             ^^
lib/features/school_management/presentation/pages/student/student_form_page.dart:384:43:
Error: The getter 'name' isn't defined for the type 'String'.
                      itemLabel: (c) => c.name,
                                          ^^^^
lib/features/school_management/presentation/pages/student/student_form_page.dart:376:41:
Error: The argument type 'List<ClassEntity>' can't be assigned to the parameter type 'List<String>'.
 - 'List' is from 'dart:core'.
 - 'ClassEntity' is from 'package:examforge_ai/features/school_management/domain/entities/school_management_entities.dart' ('lib/features/school_management/domain/entities/school_management_entities.dart').
                      items: classState.classes,
                                        ^
lib/features/school_management/presentation/pages/student/student_form_page.dart:378:27:
Error: The argument type 'ClassEntity?' can't be assigned to the parameter type 'String?'.
 - 'ClassEntity' is from 'package:examforge_ai/features/school_management/domain/entities/school_management_entities.dart' ('lib/features/school_management/domain/entities/school_management_entities.dart').
                          ? classState.classes
                          ^
lib/features/school_management/presentation/pages/parent/parent_portal_page.dart:255:38:
Error: Member not found: 'parentTeacherConference'.
              type: AnnouncementType.parentTeacherConference,
                                     ^^^^^^^^^^^^^^^^^^^^^^^
lib/features/school_management/presentation/pages/parent/parent_portal_page.dart:128:22:
Error: The getter 'tt' isn't defined for the type '_ParentPortalPageState'.
 - '_ParentPortalPageState' is from 'package:examforge_ai/features/school_management/presentation/pages/parent/parent_portal_page.dart' ('lib/features/school_management/presentation/pages/parent/parent_portal_page.dart').
              style: tt.headlineSmall?.copyWith(
                     ^^
lib/features/school_management/presentation/pages/parent/parent_portal_page.dart:130:24:
Error: The getter 'cs' isn't defined for the type '_ParentPortalPageState'.
 - '_ParentPortalPageState' is from 'package:examforge_ai/features/school_management/presentation/pages/parent/parent_portal_page.dart' ('lib/features/school_management/presentation/pages/parent/parent_portal_page.dart').
                color: cs.onSurface,
                       ^^
lib/features/school_management/presentation/pages/parent/parent_portal_page.dart:136:22:
Error: The getter 'tt' isn't defined for the type '_ParentPortalPageState'.
 - '_ParentPortalPageState' is from 'package:examforge_ai/features/school_management/presentation/pages/parent/parent_portal_page.dart' ('lib/features/school_management/presentation/pages/parent/parent_portal_page.dart').
              style: tt.bodyMedium?.copyWith(
                     ^^
lib/features/school_management/presentation/pages/parent/parent_portal_page.dart:137:24:
Error: The getter 'cs' isn't defined for the type '_ParentPortalPageState'.
 - '_ParentPortalPageState' is from 'package:examforge_ai/features/school_management/presentation/pages/parent/parent_portal_page.dart' ('lib/features/school_management/presentation/pages/parent/parent_portal_page.dart').
                color: cs.onSurfaceVariant,
                       ^^
lib/features/school_management/presentation/pages/parent/parent_portal_page.dart:146:22:
Error: The getter 'tt' isn't defined for the type '_ParentPortalPageState'.
 - '_ParentPortalPageState' is from 'package:examforge_ai/features/school_management/presentation/pages/parent/parent_portal_page.dart' ('lib/features/school_management/presentation/pages/parent/parent_portal_page.dart').
              style: tt.titleSmall?.copyWith(
                     ^^
lib/features/school_management/presentation/pages/parent/parent_portal_page.dart:148:24:
Error: The getter 'cs' isn't defined for the type '_ParentPortalPageState'.
 - '_ParentPortalPageState' is from 'package:examforge_ai/features/school_management/presentation/pages/parent/parent_portal_page.dart' ('lib/features/school_management/presentation/pages/parent/parent_portal_page.dart').
                color: cs.primary,
                       ^^
lib/features/school_management/presentation/pages/parent/parent_portal_page.dart:209:22:
Error: The getter 'tt' isn't defined for the type '_ParentPortalPageState'.
 - '_ParentPortalPageState' is from 'package:examforge_ai/features/school_management/presentation/pages/parent/parent_portal_page.dart' ('lib/features/school_management/presentation/pages/parent/parent_portal_page.dart').
              style: tt.titleSmall?.copyWith(
                     ^^
lib/features/school_management/presentation/pages/parent/parent_portal_page.dart:211:24:
Error: The getter 'cs' isn't defined for the type '_ParentPortalPageState'.
 - '_ParentPortalPageState' is from 'package:examforge_ai/features/school_management/presentation/pages/parent/parent_portal_page.dart' ('lib/features/school_management/presentation/pages/parent/parent_portal_page.dart').
                color: cs.primary,
                       ^^
lib/features/school_management/presentation/pages/parent/parent_portal_page.dart:238:22:
Error: The getter 'tt' isn't defined for the type '_ParentPortalPageState'.
 - '_ParentPortalPageState' is from 'package:examforge_ai/features/school_management/presentation/pages/parent/parent_portal_page.dart' ('lib/features/school_management/presentation/pages/parent/parent_portal_page.dart').
              style: tt.titleSmall?.copyWith(
                     ^^
lib/features/school_management/presentation/pages/parent/parent_portal_page.dart:240:24:
Error: The getter 'cs' isn't defined for the type '_ParentPortalPageState'.
 - '_ParentPortalPageState' is from 'package:examforge_ai/features/school_management/presentation/pages/parent/parent_portal_page.dart' ('lib/features/school_management/presentation/pages/parent/parent_portal_page.dart').
                color: cs.primary,
                       ^^
lib/features/school_management/presentation/pages/class_group/class_detail_page.dart:226:65:
Error: The getter 'warning' isn't defined for the type 'ColorScheme'.
 - 'ColorScheme' is from 'package:flutter/src/material/color_scheme.dart' ('../../flutter_sdk/packages/flutter/lib/src/material/color_scheme.dart').
                leading: Icon(Icons.archive_outlined, color: cs.warning),
                                                                ^^^^^^^
lib/features/school_management/presentation/pages/attendance/attendance_page.dart:285:48:
Error: The getter 'cs' isn't defined for the type '_AttendancePageState'.
 - '_AttendancePageState' is from 'package:examforge_ai/features/school_management/presentation/pages/attendance/attendance_page.dart' ('lib/features/school_management/presentation/pages/attendance/attendance_page.dart').
              Icon(Icons.class_rounded, color: cs.primary, size: 32),
                                               ^^
lib/features/school_management/presentation/pages/attendance/attendance_report_page.dart:350:31:
Error: The argument type 'String?' can't be assigned to the parameter type 'String'.
                        stats.className,
                              ^
lib/features/school_management/presentation/pages/homework/homework_submissions_page.dart:261:14:
Error: The method 'SliverFill' isn't defined for the type '_HomeworkSubmissionsPageState'.
 - '_HomeworkSubmissionsPageState' is from 'package:examforge_ai/features/school_management/presentation/pages/homework/homework_submissions_page.dart' ('lib/features/school_management/presentation/pages/homework/homework_submissions_page.dart').
      return SliverFill(
             ^^^^^^^^^^
lib/features/school_management/presentation/pages/report/attendance_report_page.dart:190:24:
Error: The getter 'tt' isn't defined for the type '_AttendanceReportPageState'.
 - '_AttendanceReportPageState' is from 'package:examforge_ai/features/school_management/presentation/pages/report/attendance_report_page.dart' ('lib/features/school_management/presentation/pages/report/attendance_report_page.dart').
                style: tt.titleMedium?.copyWith(
                       ^^
lib/features/school_management/presentation/pages/report/attendance_report_page.dart:192:26:
Error: The getter 'cs' isn't defined for the type '_AttendanceReportPageState'.
 - '_AttendanceReportPageState' is from 'package:examforge_ai/features/school_management/presentation/pages/report/attendance_report_page.dart' ('lib/features/school_management/presentation/pages/report/attendance_report_page.dart').
                  color: cs.onSurface,
                         ^^
lib/features/parent_portal/presentation/pages/parent_messaging_page.dart:119:14:
Error: The argument type 'Row' can't be assigned to the parameter type 'String?'.
 - 'Row' is from 'package:flutter/src/widgets/basic.dart' ('../../flutter_sdk/packages/flutter/lib/src/widgets/basic.dart').
      title: Row(
             ^
lib/features/parent_portal/presentation/pages/parent_assistant_page.dart:203:9:
Error: No named parameter with the name 'icon'.
        icon: Icons.auto_awesome_outlined,
        ^^^^
lib/shared/widgets/app_empty_state.dart:54:24:
Info: Found this candidate, but the arguments don't match.
  static AppEmptyState noData({
                       ^^^^^^
lib/features/parent_portal/presentation/pages/parent_notifications_page.dart:483:54:
Error: The getter '_filterLabel' isn't defined for the type '_State'.
 - '_State' is from 'package:examforge_ai/features/parent_portal/presentation/pages/parent_notifications_page.dart' ('lib/features/parent_portal/presentation/pages/parent_notifications_page.dart').
        subtitle: 'You\'re all caught up! No unread $_filterLabel notifications.',
                                                     ^^^^^^^^^^^^
lib/features/parent_portal/presentation/pages/parent_insights_page.dart:102:19:
Error: No named parameter with the name 'icon'.
                  icon: Icons.auto_awesome_outlined,
                  ^^^^
lib/shared/widgets/app_empty_state.dart:54:24:
Info: Found this candidate, but the arguments don't match.
  static AppEmptyState noData({
                       ^^^^^^
lib/features/parent_portal/presentation/pages/parent_reports_page.dart:478:15:
Error: No named parameter with the name 'icon'.
              icon: Icons.download_outlined,
              ^^^^
lib/shared/widgets/app_empty_state.dart:54:24:
Info: Found this candidate, but the arguments don't match.
  static AppEmptyState noData({
                       ^^^^^^
lib/features/parent_portal/presentation/pages/parent_engagement_dashboard_page.dart:635:19:
Error: No named parameter with the name 'icon'.
                  icon: Icons.check_circle_outline,
                  ^^^^
lib/shared/widgets/app_empty_state.dart:54:24:
Info: Found this candidate, but the arguments don't match.
  static AppEmptyState noData({
                       ^^^^^^
lib/features/communication/presentation/pages/communication_dashboard_page.dart:52:15:
Error: Not a constant expression.
        const GetAnnouncementsParams(page: 1, perPage: 5),
              ^^^^^^^^^^^^^^^^^^^^^^
lib/features/communication/presentation/pages/communication_dashboard_page.dart:107:19:
Error: Not a constant expression.
            const GetAnnouncementsParams(page: 1, perPage: 5),
                  ^^^^^^^^^^^^^^^^^^^^^^
lib/features/communication/presentation/pages/chat_page.dart:578:7:
Error: The method 'SendMessageParams' isn't defined for the type '_State'.
 - '_State' is from 'package:examforge_ai/features/communication/presentation/pages/chat_page.dart' ('lib/features/communication/presentation/pages/chat_page.dart').
      SendMessageParams(
      ^^^^^^^^^^^^^^^^^
lib/features/communication/presentation/pages/create_conversation_page.dart:400:7:
Error: The method 'CreateConversationParams' isn't defined for the type '_State'.
 - '_State' is from 'package:examforge_ai/features/communication/presentation/pages/create_conversation_page.dart' ('lib/features/communication/presentation/pages/create_conversation_page.dart').
      CreateConversationParams(
      ^^^^^^^^^^^^^^^^^^^^^^^^
lib/features/communication/presentation/pages/announcement_list_page.dart:60:15:
Error: Not a constant expression.
        const GetAnnouncementsParams(page: 1, perPage: 50),
              ^^^^^^^^^^^^^^^^^^^^^^
lib/features/communication/presentation/pages/announcement_list_page.dart:110:17:
Error: Not a constant expression.
          const GetAnnouncementsParams(page: 1, perPage: 50),
                ^^^^^^^^^^^^^^^^^^^^^^
lib/features/communication/presentation/pages/announcement_list_page.dart:126:15:
Error: Not a constant expression.
        const GetAnnouncementsParams(page: 1, perPage: 50),
              ^^^^^^^^^^^^^^^^^^^^^^
lib/features/communication/presentation/pages/notification_center_page.dart:63:15:
Error: Not a constant expression.
        const GetNotificationsParams(page: 1, perPage: 50),
              ^^^^^^^^^^^^^^^^^^^^^^
lib/features/communication/presentation/pages/notification_center_page.dart:113:17:
Error: Not a constant expression.
          const GetNotificationsParams(page: 1, perPage: 50),
                ^^^^^^^^^^^^^^^^^^^^^^
lib/features/communication/presentation/pages/notification_center_page.dart:137:27:
Error: Not a constant expression.
                    const GetNotificationsParams(page: 1, perPage: 50),
                          ^^^^^^^^^^^^^^^^^^^^^^
lib/features/communication/presentation/pages/forum_list_page.dart:59:15:
Error: Not a constant expression.
        const GetForumsParams(page: 1, perPage: 50),
              ^^^^^^^^^^^^^^^
lib/features/communication/presentation/pages/forum_list_page.dart:113:17:
Error: Not a constant expression.
          const GetForumsParams(page: 1, perPage: 50),
                ^^^^^^^^^^^^^^^
lib/features/communication/presentation/pages/forum_list_page.dart:136:27:
Error: Not a constant expression.
                    const GetForumsParams(page: 1, perPage: 50),
                          ^^^^^^^^^^^^^^^
lib/features/communication/presentation/pages/forum_post_detail_page.dart:351:7:
Error: The method 'CreateForumCommentParams' isn't defined for the type '_State'.
 - '_State' is from 'package:examforge_ai/features/communication/presentation/pages/forum_post_detail_page.dart' ('lib/features/communication/presentation/pages/forum_post_detail_page.dart').
      CreateForumCommentParams(
      ^^^^^^^^^^^^^^^^^^^^^^^^
lib/features/communication/presentation/pages/calendar_page.dart:72:7:
Error: The method 'GetCalendarEventsParams' isn't defined for the type '_State'.
 - '_State' is from 'package:examforge_ai/features/communication/presentation/pages/calendar_page.dart' ('lib/features/communication/presentation/pages/calendar_page.dart').
      GetCalendarEventsParams(
      ^^^^^^^^^^^^^^^^^^^^^^^
lib/features/communication/presentation/pages/create_event_page.dart:344:7:
Error: The method 'CreateCalendarEventParams' isn't defined for the type '_State'.
 - '_State' is from 'package:examforge_ai/features/communication/presentation/pages/create_event_page.dart' ('lib/features/communication/presentation/pages/create_event_page.dart').
      CreateCalendarEventParams(
      ^^^^^^^^^^^^^^^^^^^^^^^^^
lib/features/communication/presentation/pages/ai_assistant_page.dart:391:36:
Error: The method 'AiDraftAnnouncementParams' isn't defined for the type '_State'.
 - '_State' is from 'package:examforge_ai/features/communication/presentation/pages/ai_assistant_page.dart' ('lib/features/communication/presentation/pages/ai_assistant_page.dart').
        notifier.draftAnnouncement(AiDraftAnnouncementParams(topic: input, tone: _selectedTone.toLowerCase()));
                                   ^^^^^^^^^^^^^^^^^^^^^^^^^
lib/features/communication/presentation/pages/ai_assistant_page.dart:393:33:
Error: The method 'AiRewriteMessageParams' isn't defined for the type '_State'.
 - '_State' is from 'package:examforge_ai/features/communication/presentation/pages/ai_assistant_page.dart' ('lib/features/communication/presentation/pages/ai_assistant_page.dart').
        notifier.rewriteMessage(AiRewriteMessageParams(text: input, tone: _selectedTone.toLowerCase()));
                                ^^^^^^^^^^^^^^^^^^^^^^
lib/features/communication/presentation/pages/ai_assistant_page.dart:397:35:
Error: The method 'AiTranslateMessageParams' isn't defined for the type '_State'.
 - '_State' is from 'package:examforge_ai/features/communication/presentation/pages/ai_assistant_page.dart' ('lib/features/communication/presentation/pages/ai_assistant_page.dart').
        notifier.translateMessage(AiTranslateMessageParams(text: input, targetLanguage: _selectedLanguage));
                                  ^^^^^^^^^^^^^^^^^^^^^^^^
lib/features/communication/presentation/pages/ai_assistant_page.dart:399:31:
Error: The method 'AiSuggestReplyParams' isn't defined for the type '_State'.
 - '_State' is from 'package:examforge_ai/features/communication/presentation/pages/ai_assistant_page.dart' ('lib/features/communication/presentation/pages/ai_assistant_page.dart').
        notifier.suggestReply(AiSuggestReplyParams(messageId: input, tone: _selectedTone.toLowerCase()));
                              ^^^^^^^^^^^^^^^^^^^^
lib/features/communication/presentation/pages/ai_assistant_page.dart:401:33:
Error: The method 'AiCorrectGrammarParams' isn't defined for the type '_State'.
 - '_State' is from 'package:examforge_ai/features/communication/presentation/pages/ai_assistant_page.dart' ('lib/features/communication/presentation/pages/ai_assistant_page.dart').
        notifier.correctGrammar(AiCorrectGrammarParams(text: input));
                                ^^^^^^^^^^^^^^^^^^^^^^
lib/features/communication/presentation/pages/ai_assistant_page.dart:403:29:
Error: The method 'AiAdjustToneParams' isn't defined for the type '_State'.
 - '_State' is from 'package:examforge_ai/features/communication/presentation/pages/ai_assistant_page.dart' ('lib/features/communication/presentation/pages/ai_assistant_page.dart').
        notifier.adjustTone(AiAdjustToneParams(text: input, targetTone: _selectedTone.toLowerCase()));
                            ^^^^^^^^^^^^^^^^^^
lib/features/communication/presentation/pages/knowledge_assistant_page.dart:60:15:
Error: Not a constant expression.
        const GetKnowledgeDocumentsParams(page: 1, perPage: 50),
              ^^^^^^^^^^^^^^^^^^^^^^^^^^^
lib/features/communication/presentation/pages/moderation_audit_page.dart:40:56:
Error: Too few positional arguments: 1 required, 0 given.
    ref.read(moderationProvider.notifier).loadAuditLogs(
                                                       ^
lib/features/communication/presentation/pages/moderation_audit_page.dart:68:20:
Error: Not a constant expression.
      return const AppLoading();
                   ^^^^^^^^^^
lib/features/communication/presentation/pages/moderation_audit_page.dart:121:45:
Error: The method 'copyWith' isn't defined for the type 'TextStyle? Function()'.
 - 'TextStyle' is from 'package:flutter/src/painting/text_style.dart' ('../../flutter_sdk/packages/flutter/lib/src/painting/text_style.dart').
            style: AppTypography.labelSmall.copyWith(
                                            ^^^^^^^^
lib/features/communication/presentation/pages/moderation_audit_page.dart:149:44:
Error: The method 'copyWith' isn't defined for the type 'TextStyle? Function()'.
 - 'TextStyle' is from 'package:flutter/src/painting/text_style.dart' ('../../flutter_sdk/packages/flutter/lib/src/painting/text_style.dart').
            style: AppTypography.bodySmall.copyWith(color: cs.onSurfaceVariant),
                                           ^^^^^^^^
lib/features/communication/presentation/pages/moderation_audit_page.dart:209:49:
Error: The argument type 'TextStyle? Function()' can't be assigned to the parameter type 'TextStyle?'.
 - 'TextStyle' is from 'package:flutter/src/painting/text_style.dart' ('../../flutter_sdk/packages/flutter/lib/src/painting/text_style.dart').
            Text('Action', style: AppTypography.titleSmall),
                                                ^
lib/features/communication/presentation/pages/moderation_audit_page.dart:225:56:
Error: The argument type 'TextStyle? Function()' can't be assigned to the parameter type 'TextStyle?'.
 - 'TextStyle' is from 'package:flutter/src/painting/text_style.dart' ('../../flutter_sdk/packages/flutter/lib/src/painting/text_style.dart').
            Text('Resource Type', style: AppTypography.titleSmall),
                                                       ^
lib/features/billing/presentation/pages/coupon_management_page.dart:159:22:
Error: Member not found: 'Switch.adapted'.
              Switch.adapted(
                     ^^^^^^^
lib/features/billing/presentation/pages/coupon_management_page.dart:175:20:
Error: The getter 'filtered' isn't defined for the type '_CouponManagementPageState'.
 - '_CouponManagementPageState' is from 'package:examforge_ai/features/billing/presentation/pages/coupon_management_page.dart' ('lib/features/billing/presentation/pages/coupon_management_page.dart').
                '${filtered.length} coupon${filtered.length == 1 ? '' : 's'}',
                   ^^^^^^^^
lib/features/billing/presentation/pages/coupon_management_page.dart:175:45:
Error: The getter 'filtered' isn't defined for the type '_CouponManagementPageState'.
 - '_CouponManagementPageState' is from 'package:examforge_ai/features/billing/presentation/pages/coupon_management_page.dart' ('lib/features/billing/presentation/pages/coupon_management_page.dart').
                '${filtered.length} coupon${filtered.length == 1 ? '' : 's'}',
                                            ^^^^^^^^
lib/features/billing/presentation/pages/referral_program_page.dart:281:51:
Error: 'ReferralEntity' isn't a type.
  Widget _buildReferralTile(BuildContext context, ReferralEntity referral) {
                                                  ^^^^^^^^^^^^^^
lib/features/billing/presentation/pages/license_management_page.dart:249:22:
Error: Member not found: 'Switch.adapted'.
              Switch.adapted(
                     ^^^^^^^
lib/features/billing/presentation/pages/revenue_dashboard_page.dart:358:29:
Error: The getter 'textTheme' isn't defined for the type 'ColorScheme'.
 - 'ColorScheme' is from 'package:flutter/src/material/color_scheme.dart' ('../../flutter_sdk/packages/flutter/lib/src/material/color_scheme.dart').
                  style: cs.textTheme.labelSmall?.copyWith(
                            ^^^^^^^^^
lib/features/billing/presentation/pages/revenue_dashboard_page.dart:465:52:
Error: Member not found: 'borderRadiusXs'.
                            borderRadius: Spacings.borderRadiusXs,
                                                   ^^^^^^^^^^^^^^
lib/features/marketplace/presentation/pages/seller_dashboard_page.dart:977:51:
Error: Member not found: 'onSurfaceVariant'.
      MarketplaceProductStatus.draft => AppColors.onSurfaceVariant,
                                                  ^^^^^^^^^^^^^^^^
lib/features/marketplace/presentation/pages/seller_dashboard_page.dart:982:54:
Error: Member not found: 'onSurfaceVariant'.
      MarketplaceProductStatus.archived => AppColors.onSurfaceVariant,
                                                     ^^^^^^^^^^^^^^^^
lib/features/marketplace/presentation/pages/create_product_page.dart:1047:31:
Error: Too many positional arguments: 0 allowed, but 1 found.
                    Positioned(
                              ^
../../flutter_sdk/packages/flutter/lib/src/widgets/basic.dart:5022:9:
Info: Found this candidate, but the arguments don't match.
  const Positioned({
        ^^^^^^^^^^
lib/features/marketplace/presentation/pages/marketplace_moderation_page.dart:1031:16:
Error: The getter 'context' isn't defined for the type '_SellerCard'.
 - '_SellerCard' is from 'package:examforge_ai/features/marketplace/presentation/pages/marketplace_moderation_page.dart' ('lib/features/marketplace/presentation/pages/marketplace_moderation_page.dart').
    final tt = context.textTheme;
               ^^^^^^^
lib/features/marketplace/presentation/pages/marketplace_moderation_page.dart:1054:16:
Error: The getter 'context' isn't defined for the type '_SellerCard'.
 - '_SellerCard' is from 'package:examforge_ai/features/marketplace/presentation/pages/marketplace_moderation_page.dart' ('lib/features/marketplace/presentation/pages/marketplace_moderation_page.dart').
        return context.colorScheme.onSurfaceVariant;
               ^^^^^^^
lib/features/marketplace/presentation/pages/marketplace_moderation_page.dart:1270:16:
Error: The getter 'context' isn't defined for the type '_DisputeCard'.
 - '_DisputeCard' is from 'package:examforge_ai/features/marketplace/presentation/pages/marketplace_moderation_page.dart' ('lib/features/marketplace/presentation/pages/marketplace_moderation_page.dart').
    final tt = context.textTheme;
               ^^^^^^^
lib/features/marketplace/presentation/pages/marketplace_moderation_page.dart:1293:16:
Error: The getter 'context' isn't defined for the type '_DisputeCard'.
 - '_DisputeCard' is from 'package:examforge_ai/features/marketplace/presentation/pages/marketplace_moderation_page.dart' ('lib/features/marketplace/presentation/pages/marketplace_moderation_page.dart').
        return context.colorScheme.onSurfaceVariant;
               ^^^^^^^
lib/features/offline/presentation/pages/offline_center_page.dart:422:28:
Error: Member not found: 'AppEmptyState.generic'.
      return AppEmptyState.generic(
                           ^^^^^^^
lib/features/offline/presentation/pages/offline_center_page.dart:457:24:
Error: Not a constant expression.
                  top: index == 0 ? 0 : Spacings.lg,
                       ^^^^^
lib/features/offline/presentation/pages/offline_center_page.dart:563:28:
Error: Member not found: 'AppEmptyState.generic'.
      return AppEmptyState.generic(
                           ^^^^^^^
lib/features/offline/presentation/pages/offline_center_page.dart:665:28:
Error: Member not found: 'AppEmptyState.generic'.
      return AppEmptyState.generic(
                           ^^^^^^^
lib/features/offline/presentation/pages/offline_exam_page.dart:138:24:
Error: The argument type 'Object' can't be assigned to the parameter type 'String'.
 - 'Object' is from 'dart:core'.
        userId: userId ?? '',
                       ^
lib/features/offline/presentation/pages/offline_exam_page.dart:159:66:
Error: A value of type 'Object' can't be assigned to a variable of type 'String?'.
 - 'Object' is from 'dart:core'.
        _studentId = examData['student_id'] as String? ?? userId ?? '';
                                                                 ^
lib/features/offline/presentation/pages/offline_exam_page.dart:459:25:
Error: Couldn't find constructor 'AppDialog'.
      builder: (ctx) => AppDialog(
                        ^^^^^^^^^
lib/features/offline/presentation/pages/offline_exam_page.dart:1182:31:
Error: The argument type 'BorderSide' can't be assigned to the parameter type 'BoxBorder?'.
 - 'BorderSide' is from 'package:flutter/src/painting/borders.dart' ('../../flutter_sdk/packages/flutter/lib/src/painting/borders.dart').
 - 'BoxBorder' is from 'package:flutter/src/painting/box_border.dart' ('../../flutter_sdk/packages/flutter/lib/src/painting/box_border.dart').
                      border: border,
                              ^
lib/features/offline/presentation/pages/offline_exam_page.dart:1356:25:
Error: Couldn't find constructor 'AppDialog'.
      builder: (ctx) => AppDialog(
                        ^^^^^^^^^
lib/features/ccms/presentation/pages/ccms_dashboard_page.dart:208:23:
Error: The getter 'averageQualityScore' isn't defined for the type 'CcmsStats'.
 - 'CcmsStats' is from 'package:examforge_ai/features/ccms/domain/entities/ccms_entities.dart' ('lib/features/ccms/domain/entities/ccms_entities.dart').
        value: stats?.averageQualityScore.toStringAsFixed(1) ?? '0.0',
                      ^^^^^^^^^^^^^^^^^^^
lib/features/ccms/presentation/pages/ccms_dashboard_page.dart:444:46:
Error: The method 'copyWith' isn't defined for the type 'TextStyle? Function()'.
 - 'TextStyle' is from 'package:flutter/src/painting/text_style.dart' ('../../flutter_sdk/packages/flutter/lib/src/painting/text_style.dart').
            style: AppTypography.labelMedium.copyWith(
                                             ^^^^^^^^
lib/features/ccms/presentation/pages/curricula_management_page.dart:115:64:
Error: Too few positional arguments: 2 required, 1 given.
                                              .updateCurriculum(Curriculum(
                                                               ^
lib/features/ccms/presentation/pages/curricula_management_page.dart:296:44:
Error: The method 'copyWith' isn't defined for the type 'TextStyle? Function()'.
 - 'TextStyle' is from 'package:flutter/src/painting/text_style.dart' ('../../flutter_sdk/packages/flutter/lib/src/painting/text_style.dart').
                                          .copyWith(
                                           ^^^^^^^^
lib/features/ccms/presentation/pages/curricula_management_page.dart:516:71:
Error: Too few positional arguments: 2 required, 1 given.
                ref.read(curriculumProvider.notifier).updateCurriculum(
                                                                      ^
lib/features/ccms/presentation/pages/subjects_management_page.dart:64:25:
Error: Property 'isNotEmpty' cannot be accessed on 'String?' because it is potentially null.
        .where((g) => g.isNotEmpty)
                        ^^^^^^^^^^
lib/features/ccms/presentation/pages/subjects_management_page.dart:137:63:
Error: The argument type 'String?' can't be assigned to the parameter type 'String'.
                                        value: g, child: Text(g))),
                                                              ^
lib/features/ccms/presentation/pages/subjects_management_page.dart:364:65:
Error: Too few positional arguments: 2 required, 1 given.
                ref.read(subjectProvider.notifier).updateSubject(Subject(
                                                                ^
lib/features/ccms/presentation/pages/topic_management_page.dart:199:47:
Error: The getter 'learningObjectives' isn't defined for the type 'Topic'.
 - 'Topic' is from 'package:examforge_ai/features/ccms/domain/entities/ccms_entities.dart' ('lib/features/ccms/domain/entities/ccms_entities.dart').
                                    if (topic.learningObjectives !=
                                              ^^^^^^^^^^^^^^^^^^
lib/features/ccms/presentation/pages/topic_management_page.dart:201:47:
Error: The getter 'learningObjectives' isn't defined for the type 'Topic'.
 - 'Topic' is from 'package:examforge_ai/features/ccms/domain/entities/ccms_entities.dart' ('lib/features/ccms/domain/entities/ccms_entities.dart').
                                        topic.learningObjectives!
                                              ^^^^^^^^^^^^^^^^^^
lib/features/ccms/presentation/pages/topic_management_page.dart:235:50:
Error: The getter 'learningObjectives' isn't defined for the type 'Topic'.
 - 'Topic' is from 'package:examforge_ai/features/ccms/domain/entities/ccms_entities.dart' ('lib/features/ccms/domain/entities/ccms_entities.dart').
                                                .learningObjectives!
                                                 ^^^^^^^^^^^^^^^^^^
lib/features/ccms/presentation/pages/topic_management_page.dart:381:19:
Error: No named parameter with the name 'learningObjectives'.
                  learningObjectives:
                  ^^^^^^^^^^^^^^^^^^
lib/features/ccms/domain/entities/ccms_entities.dart:839:9:
Info: Found this candidate, but the arguments don't match.
  const Topic({
        ^^^^^
lib/features/ccms/presentation/pages/topic_management_page.dart:306:54:
Error: The method 'copyWith' isn't defined for the type 'TextStyle? Function()'.
 - 'TextStyle' is from 'package:flutter/src/painting/text_style.dart' ('../../flutter_sdk/packages/flutter/lib/src/painting/text_style.dart').
                    style: AppTypography.labelMedium.copyWith(
                                                     ^^^^^^^^
lib/features/ccms/presentation/pages/topic_management_page.dart:316:56:
Error: The argument type 'TextStyle? Function()' can't be assigned to the parameter type 'TextStyle?'.
 - 'TextStyle' is from 'package:flutter/src/painting/text_style.dart' ('../../flutter_sdk/packages/flutter/lib/src/painting/text_style.dart').
                                  style: AppTypography.bodySmall)),
                                                       ^
lib/features/ccms/presentation/pages/topic_management_page.dart:525:19:
Error: No named parameter with the name 'learningObjectives'.
                  learningObjectives:
                  ^^^^^^^^^^^^^^^^^^
lib/features/ccms/domain/entities/ccms_entities.dart:839:9:
Info: Found this candidate, but the arguments don't match.
  const Topic({
        ^^^^^
lib/features/ccms/presentation/pages/topic_management_page.dart:403:48:
Error: The getter 'learningObjectives' isn't defined for the type 'Topic'.
 - 'Topic' is from 'package:examforge_ai/features/ccms/domain/entities/ccms_entities.dart' ('lib/features/ccms/domain/entities/ccms_entities.dart').
    final objectives = List<String>.from(topic.learningObjectives ?? []);
                                               ^^^^^^^^^^^^^^^^^^
lib/features/ccms/presentation/pages/topic_management_page.dart:450:54:
Error: The method 'copyWith' isn't defined for the type 'TextStyle? Function()'.
 - 'TextStyle' is from 'package:flutter/src/painting/text_style.dart' ('../../flutter_sdk/packages/flutter/lib/src/painting/text_style.dart').
                    style: AppTypography.labelMedium.copyWith(
                                                     ^^^^^^^^
lib/features/ccms/presentation/pages/topic_management_page.dart:460:56:
Error: The argument type 'TextStyle? Function()' can't be assigned to the parameter type 'TextStyle?'.
 - 'TextStyle' is from 'package:flutter/src/painting/text_style.dart' ('../../flutter_sdk/packages/flutter/lib/src/painting/text_style.dart').
                                  style: AppTypography.bodySmall)),
                                                       ^
lib/features/ccms/presentation/pages/content_editor_page.dart:39:3:
Error: 'SourceType' isn't a type.
  SourceType _sourceType = SourceType.original;
  ^^^^^^^^^^
lib/features/ccms/presentation/pages/content_editor_page.dart:39:28:
Error: Undefined name 'SourceType'.
  SourceType _sourceType = SourceType.original;
                           ^^^^^^^^^^
lib/features/ccms/presentation/pages/content_editor_page.dart:264:15:
Error: No named parameter with the name 'onChanged'.
              onChanged: (levels) =>
              ^^^^^^^^^
lib/features/ccms/presentation/widgets/bloom_taxonomy_selector.dart:19:9:
Info: Found this candidate, but the arguments don't match.
  const BloomTaxonomySelector({
        ^^^^^^^^^^^^^^^^^^^^^
lib/features/ccms/presentation/pages/content_editor_page.dart:548:37:
Error: 'SourceType' isn't a type.
            DropdownButtonFormField<SourceType>(
                                    ^^^^^^^^^^
lib/features/ccms/presentation/pages/content_editor_page.dart:216:48:
Error: The getter 'name' isn't defined for the type 'Topic'.
 - 'Topic' is from 'package:examforge_ai/features/ccms/domain/entities/ccms_entities.dart' ('lib/features/ccms/domain/entities/ccms_entities.dart').
                    value: t.id, child: Text(t.name))),
                                               ^^^^
lib/features/ccms/presentation/pages/content_editor_page.dart:258:50:
Error: The method 'copyWith' isn't defined for the type 'TextStyle? Function()'.
 - 'TextStyle' is from 'package:flutter/src/painting/text_style.dart' ('../../flutter_sdk/packages/flutter/lib/src/painting/text_style.dart').
                style: AppTypography.labelMedium.copyWith(
                                                 ^^^^^^^^
lib/features/ccms/presentation/pages/content_editor_page.dart:553:22:
Error: The getter 'SourceType' isn't defined for the type '_ContentEditorPageState'.
 - '_ContentEditorPageState' is from 'package:examforge_ai/features/ccms/presentation/pages/content_editor_page.dart' ('lib/features/ccms/presentation/pages/content_editor_page.dart').
              items: SourceType.values
                     ^^^^^^^^^^
lib/features/ccms/presentation/pages/content_editor_page.dart:619:28:
Error: The method 'copyWith' isn't defined for the type 'TextStyle? Function()'.
 - 'TextStyle' is from 'package:flutter/src/painting/text_style.dart' ('../../flutter_sdk/packages/flutter/lib/src/painting/text_style.dart').
                          .copyWith(color: cs.onSurfaceVariant),
                           ^^^^^^^^
lib/features/ccms/presentation/pages/content_editor_page.dart:675:7:
Error: No named parameter with the name 'explanation'.
      explanation: _explanationCtrl.text.isEmpty ? null : _explanationCtrl.text,
      ^^^^^^^^^^^
lib/features/ccms/domain/entities/ccms_entities.dart:1110:9:
Info: Found this candidate, but the arguments don't match.
  const ContentItem({
        ^^^^^^^^^^^
lib/features/ccms/presentation/pages/content_import_page.dart:278:43:
Error: The getter 'errorCount' isn't defined for the type 'ContentImport'.
 - 'ContentImport' is from 'package:examforge_ai/features/ccms/domain/entities/ccms_entities.dart' ('lib/features/ccms/domain/entities/ccms_entities.dart').
                          if (importEntry.errorCount > 0) ...[
                                          ^^^^^^^^^^
lib/features/ccms/presentation/pages/content_import_page.dart:281:46:
Error: The getter 'errorCount' isn't defined for the type 'ContentImport'.
 - 'ContentImport' is from 'package:examforge_ai/features/ccms/domain/entities/ccms_entities.dart' ('lib/features/ccms/domain/entities/ccms_entities.dart').
                              '${importEntry.errorCount} errors · Tap to view details',
                                             ^^^^^^^^^^
lib/features/ccms/presentation/pages/content_import_page.dart:312:43:
Error: The method 'copyWith' isn't defined for the type 'TextStyle? Function()'.
 - 'TextStyle' is from 'package:flutter/src/painting/text_style.dart' ('../../flutter_sdk/packages/flutter/lib/src/painting/text_style.dart').
          style: AppTypography.labelSmall.copyWith(
                                          ^^^^^^^^
lib/features/ccms/presentation/pages/content_import_page.dart:338:26:
Error: 'ContentImportEntry' isn't a type.
  void _showImportDetail(ContentImportEntry importEntry) {
                         ^^^^^^^^^^^^^^^^^^
lib/features/ccms/presentation/pages/answer_repository_page.dart:160:54:
Error: The argument type 'Map<String, dynamic>' can't be assigned to the parameter type 'String'.
 - 'Map' is from 'dart:core'.
                          .answerEntry!.markingScheme!,
                                                     ^
lib/features/ccms/presentation/pages/answer_repository_page.dart:203:53:
Error: The argument type 'Map<String, dynamic>' can't be assigned to the parameter type 'String'.
 - 'Map' is from 'dart:core'.
                                      child: Text(e.value,
                                                    ^
lib/features/ccms/presentation/pages/answer_repository_page.dart:266:30:
Error: 'AnswerEntry' isn't a type.
  void _showEditAnswerDialog(AnswerEntry entry) {
                             ^^^^^^^^^^^
lib/features/ccms/presentation/pages/answer_repository_page.dart:317:21:
Error: The method 'AnswerEntry' isn't defined for the type '_AnswerRepositoryPageState'.
 - '_AnswerRepositoryPageState' is from 'package:examforge_ai/features/ccms/presentation/pages/answer_repository_page.dart' ('lib/features/ccms/presentation/pages/answer_repository_page.dart').
                    AnswerEntry(
                    ^^^^^^^^^^^
lib/features/ccms/presentation/pages/audit_trail_page.dart:49:19:
Error: The getter 'timestamp' isn't defined for the type 'AuditEntry'.
 - 'AuditEntry' is from 'package:examforge_ai/features/ccms/domain/entities/ccms_entities.dart' ('lib/features/ccms/domain/entities/ccms_entities.dart').
        if (entry.timestamp.isBefore(_dateRange!.start) ||
                  ^^^^^^^^^
lib/features/ccms/presentation/pages/audit_trail_page.dart:50:19:
Error: The getter 'timestamp' isn't defined for the type 'AuditEntry'.
 - 'AuditEntry' is from 'package:examforge_ai/features/ccms/domain/entities/ccms_entities.dart' ('lib/features/ccms/domain/entities/ccms_entities.dart').
            entry.timestamp.isAfter(_dateRange!.end)) return false;
                  ^^^^^^^^^
lib/features/ccms/presentation/pages/audit_trail_page.dart:217:47:
Error: The argument type 'String?' can't be assigned to the parameter type 'String'.
              _detailRow('Resource ID', entry.resourceId),
                                              ^
lib/features/ccms/presentation/pages/audit_trail_page.dart:219:54:
Error: The getter 'timestamp' isn't defined for the type 'AuditEntry'.
 - 'AuditEntry' is from 'package:examforge_ai/features/ccms/domain/entities/ccms_entities.dart' ('lib/features/ccms/domain/entities/ccms_entities.dart').
                  'Timestamp', _formatDateTime(entry.timestamp)),
                                                     ^^^^^^^^^
lib/features/ccms/presentation/pages/audit_trail_page.dart:238:44:
Error: The argument type 'TextStyle? Function()' can't be assigned to the parameter type 'TextStyle?'.
 - 'TextStyle' is from 'package:flutter/src/painting/text_style.dart' ('../../flutter_sdk/packages/flutter/lib/src/painting/text_style.dart').
                      style: AppTypography.bodySmall),
                                           ^
lib/features/ccms/presentation/pages/audit_trail_page.dart:258:44:
Error: The argument type 'TextStyle? Function()' can't be assigned to the parameter type 'TextStyle?'.
 - 'TextStyle' is from 'package:flutter/src/painting/text_style.dart' ('../../flutter_sdk/packages/flutter/lib/src/painting/text_style.dart').
                      style: AppTypography.bodySmall),
                                           ^
lib/features/ccms/presentation/pages/audit_trail_page.dart:284:48:
Error: The method 'copyWith' isn't defined for the type 'TextStyle? Function()'.
 - 'TextStyle' is from 'package:flutter/src/painting/text_style.dart' ('../../flutter_sdk/packages/flutter/lib/src/painting/text_style.dart').
                style: AppTypography.bodySmall.copyWith(
                                               ^^^^^^^^
lib/features/ccms/presentation/pages/audit_trail_page.dart:288:55:
Error: The argument type 'TextStyle? Function()' can't be assigned to the parameter type 'TextStyle?'.
 - 'TextStyle' is from 'package:flutter/src/painting/text_style.dart' ('../../flutter_sdk/packages/flutter/lib/src/painting/text_style.dart').
              child: Text(value, style: AppTypography.bodySmall)),
                                                      ^
lib/features/ccms/presentation/pages/security_center_page.dart:82:23:
Error: 'EnterpriseState' isn't a type.
  Widget _buildMfaTab(EnterpriseState state, ColorScheme cs, TextTheme tt) {
                      ^^^^^^^^^^^^^^^
lib/features/ccms/presentation/pages/security_center_page.dart:215:27:
Error: 'EnterpriseState' isn't a type.
  Widget _buildApiKeysTab(EnterpriseState state, ColorScheme cs, TextTheme tt) {
                          ^^^^^^^^^^^^^^^
lib/features/ccms/presentation/pages/security_center_page.dart:308:7:
Error: 'EnterpriseState' isn't a type.
      EnterpriseState state, ColorScheme cs, TextTheme tt) {
      ^^^^^^^^^^^^^^^
lib/features/ccms/presentation/pages/security_center_page.dart:333:65:
Error: The method 'copyWith' isn't defined for the type 'TextStyle? Function()'.
 - 'TextStyle' is from 'package:flutter/src/painting/text_style.dart' ('../../flutter_sdk/packages/flutter/lib/src/painting/text_style.dart').
                                style: AppTypography.labelSmall.copyWith(
                                                                ^^^^^^^^
lib/features/ccms/presentation/pages/security_center_page.dart:379:7:
Error: 'EnterpriseState' isn't a type.
      EnterpriseState state, ColorScheme cs, TextTheme tt) {
      ^^^^^^^^^^^^^^^
lib/features/ccms/presentation/pages/security_center_page.dart:453:7:
Error: 'EnterpriseState' isn't a type.
      EnterpriseState state, ColorScheme cs, TextTheme tt) {
      ^^^^^^^^^^^^^^^
lib/features/ccms/presentation/pages/security_center_page.dart:517:47:
Error: The method 'copyWith' isn't defined for the type 'TextStyle? Function()'.
 - 'TextStyle' is from 'package:flutter/src/painting/text_style.dart' ('../../flutter_sdk/packages/flutter/lib/src/painting/text_style.dart').
              style: AppTypography.bodyMedium.copyWith(
                                              ^^^^^^^^
lib/features/ccms/presentation/pages/security_center_page.dart:566:54:
Error: The method 'copyWith' isn't defined for the type 'TextStyle? Function()'.
 - 'TextStyle' is from 'package:flutter/src/painting/text_style.dart' ('../../flutter_sdk/packages/flutter/lib/src/painting/text_style.dart').
                    style: AppTypography.labelMedium.copyWith(
                                                     ^^^^^^^^
lib/features/exam_ecosystem/presentation/pages/mock_exam_take_page.dart:71:50:
Error: The method 'loadMockExams' isn't defined for the type 'ExamEcosystemNotifier'.
 - 'ExamEcosystemNotifier' is from 'package:examforge_ai/features/exam_ecosystem/presentation/providers/exam_ecosystem_provider.dart' ('lib/features/exam_ecosystem/presentation/providers/exam_ecosystem_provider.dart').
        ref.read(examEcosystemProvider.notifier).loadMockExams();
                                                 ^^^^^^^^^^^^^
lib/features/exam_ecosystem/presentation/pages/mock_exam_take_page.dart:111:9:
Error: A value of type 'bool?' can't be assigned to a variable of type 'bool'.
        await _showSubmitConfirmation(isTimedOut: isTimedOut);
        ^
lib/features/exam_ecosystem/presentation/pages/study_planner_page.dart:500:11:
Error: The parameter 'dailyStudyMinutes' can't have a value of 'null' because of its type 'int', but the implicit default value is 'null'.
          dailyStudyMinutes,
          ^^^^^^^^^^^^^^^^^
lib/features/admission_hub/presentation/pages/admission_hub_dashboard_page.dart:311:31:
Error: Not a constant expression.
        builder: (_) => const UniversitySearchPage(),
                              ^^^^^^^^^^^^^^^^^^^^
lib/features/admission_hub/presentation/pages/admission_hub_dashboard_page.dart:319:31:
Error: Not a constant expression.
        builder: (_) => const AdmissionCheckerPage(),
                              ^^^^^^^^^^^^^^^^^^^^
lib/features/admission_hub/presentation/pages/admission_hub_dashboard_page.dart:327:31:
Error: Not a constant expression.
        builder: (_) => const PostUtmeCenterPage(),
                              ^^^^^^^^^^^^^^^^^^
lib/features/admission_hub/presentation/pages/admission_hub_dashboard_page.dart:335:31:
Error: Not a constant expression.
        builder: (_) => const AdmissionChecklistPage(),
                              ^^^^^^^^^^^^^^^^^^^^^^
lib/features/admission_hub/presentation/pages/university_search_page.dart:358:41:
Error: The method 'AdmissionCheckerPage' isn't defined for the type '_UniversitySearchPageState'.
 - '_UniversitySearchPageState' is from 'package:examforge_ai/features/admission_hub/presentation/pages/university_search_page.dart' ('lib/features/admission_hub/presentation/pages/university_search_page.dart').
                        builder: (_) => AdmissionCheckerPage(
                                        ^^^^^^^^^^^^^^^^^^^^
lib/features/ai_coach/presentation/pages/ai_coach_dashboard_page.dart:318:31:
Error: Not a constant expression.
        builder: (_) => const CoachChatPage(),
                              ^^^^^^^^^^^^^
lib/features/ai_coach/presentation/pages/ai_coach_dashboard_page.dart:326:31:
Error: Not a constant expression.
        builder: (_) => const CoachChatPage(),
                              ^^^^^^^^^^^^^
lib/features/ai_coach/presentation/pages/ai_coach_dashboard_page.dart:334:31:
Error: Not a constant expression.
        builder: (_) => const WeakTopicsPage(),
                              ^^^^^^^^^^^^^^
lib/features/marketing/presentation/pages/referral_program_page.dart:95:47:
Error: Member not found: 'limit'.
                  _buildInfoChip(theme, Icons.limit, 'Max: ${program.maxReferrals}'),
                                              ^^^^^
lib/features/edu_os/presentation/pages/edu_os_dashboard_page.dart:28:16:
Error: The getter 'eduOsProvider' isn't defined for the type '_EduOsDashboardPageState'.
 - '_EduOsDashboardPageState' is from 'package:examforge_ai/features/edu_os/presentation/pages/edu_os_dashboard_page.dart' ('lib/features/edu_os/presentation/pages/edu_os_dashboard_page.dart').
      ref.read(eduOsProvider).loadModules();
               ^^^^^^^^^^^^^
lib/features/edu_os/presentation/pages/edu_os_dashboard_page.dart:57:38:
Error: The getter 'eduOsProvider' isn't defined for the type '_EduOsDashboardPageState'.
 - '_EduOsDashboardPageState' is from 'package:examforge_ai/features/edu_os/presentation/pages/edu_os_dashboard_page.dart' ('lib/features/edu_os/presentation/pages/edu_os_dashboard_page.dart').
          final provider = ref.watch(eduOsProvider);
                                     ^^^^^^^^^^^^^
lib/features/edu_os/presentation/pages/edu_os_dashboard_page.dart:119:13:
Error: The getter 'provider' isn't defined for the type '_EduOsDashboardPageState'.
 - '_EduOsDashboardPageState' is from 'package:examforge_ai/features/edu_os/presentation/pages/edu_os_dashboard_page.dart' ('lib/features/edu_os/presentation/pages/edu_os_dashboard_page.dart').
            provider.selectModule(filtered[index]);
            ^^^^^^^^
lib/features/edu_os/presentation/pages/edu_os_dashboard_page.dart:106:33:
Error: The getter 'eduOsProvider' isn't defined for the type '_EduOsDashboardPageState'.
 - '_EduOsDashboardPageState' is from 'package:examforge_ai/features/edu_os/presentation/pages/edu_os_dashboard_page.dart' ('lib/features/edu_os/presentation/pages/edu_os_dashboard_page.dart').
      onRefresh: () => ref.read(eduOsProvider).loadModules(),
                                ^^^^^^^^^^^^^
lib/features/edu_os/presentation/pages/module_detail_page.dart:25:36:
Error: The getter 'eduOsProvider' isn't defined for the type '_ModuleDetailPageState'.
 - '_ModuleDetailPageState' is from 'package:examforge_ai/features/edu_os/presentation/pages/module_detail_page.dart' ('lib/features/edu_os/presentation/pages/module_detail_page.dart').
        final provider = ref.watch(eduOsProvider);
                                   ^^^^^^^^^^^^^
lib/features/edu_os/presentation/pages/school_modules_page.dart:86:17:
Error: The getter 'ref' isn't defined for the type 'SchoolModulesPage'.
 - 'SchoolModulesPage' is from 'package:examforge_ai/features/edu_os/presentation/pages/school_modules_page.dart' ('lib/features/edu_os/presentation/pages/school_modules_page.dart').
                ref.read(eduOsProvider).toggleModuleEnabled(sub.id, value);
                ^^^
lib/features/edu_os/presentation/pages/school_modules_page.dart:86:26:
Error: The getter 'eduOsProvider' isn't defined for the type 'SchoolModulesPage'.
 - 'SchoolModulesPage' is from 'package:examforge_ai/features/edu_os/presentation/pages/school_modules_page.dart' ('lib/features/edu_os/presentation/pages/school_modules_page.dart').
                ref.read(eduOsProvider).toggleModuleEnabled(sub.id, value);
                         ^^^^^^^^^^^^^
lib/features/super_admin/presentation/pages/super_admin_dashboard_page.dart:138:27:
Error: Member not found: 'paddingXl'.
        padding: Spacings.paddingXl,
                          ^^^^^^^^^
lib/features/super_admin/presentation/pages/billing_management_page.dart:141:27:
Error: Member not found: 'paddingXl'.
        padding: Spacings.paddingXl,
                          ^^^^^^^^^
lib/features/super_admin/presentation/pages/support_center_page.dart:670:38:
Error: The method 'icon' isn't defined for the type 'FilledButton Function({bool autofocus, required Widget? child, Clip? clipBehavior, FocusNode? focusNode, Key? key, void Function(bool)? onFocusChange, void Function(bool)? onHover, void Function()? onLongPress, required void Function()? onPressed, WidgetStatesController? statesController, ButtonStyle? style})'.
 - 'FilledButton' is from 'package:flutter/src/material/filled_button.dart' ('../../flutter_sdk/packages/flutter/lib/src/material/filled_button.dart').
 - 'Widget' is from 'package:flutter/src/widgets/framework.dart' ('../../flutter_sdk/packages/flutter/lib/src/widgets/framework.dart').
 - 'Clip' is from 'dart:ui'.
 - 'FocusNode' is from 'package:flutter/src/widgets/focus_manager.dart' ('../../flutter_sdk/packages/flutter/lib/src/widgets/focus_manager.dart').
 - 'Key' is from 'package:flutter/src/foundation/key.dart' ('../../flutter_sdk/packages/flutter/lib/src/foundation/key.dart').
 - 'WidgetStatesController' is from 'package:flutter/src/widgets/widget_state.dart' ('../../flutter_sdk/packages/flutter/lib/src/widgets/widget_state.dart').
 - 'ButtonStyle' is from 'package:flutter/src/material/button_style.dart' ('../../flutter_sdk/packages/flutter/lib/src/material/button_style.dart').
                  FilledButton.tonal.icon(
                                     ^^^^
lib/features/super_admin/presentation/pages/infrastructure_monitoring_page.dart:149:27:
Error: Member not found: 'paddingXl'.
        padding: Spacings.paddingXl,
                          ^^^^^^^^^
lib/features/super_admin/presentation/pages/platform_analytics_page.dart:59:14:
Error: 'GetSchoolGrowthUseCase' isn't a type.
    required GetSchoolGrowthUseCase schoolGrowthUseCase,
             ^^^^^^^^^^^^^^^^^^^^^^
lib/features/super_admin/presentation/pages/platform_analytics_page.dart:60:14:
Error: 'GetUserGrowthUseCase' isn't a type.
    required GetUserGrowthUseCase userGrowthUseCase,
             ^^^^^^^^^^^^^^^^^^^^
lib/features/super_admin/presentation/pages/platform_analytics_page.dart:61:14:
Error: 'GetFeatureUsageUseCase' isn't a type.
    required GetFeatureUsageUseCase featureUsageUseCase,
             ^^^^^^^^^^^^^^^^^^^^^^
lib/features/super_admin/presentation/pages/platform_analytics_page.dart:62:14:
Error: 'GetRetentionMetricsUseCase' isn't a type.
    required GetRetentionMetricsUseCase retentionUseCase,
             ^^^^^^^^^^^^^^^^^^^^^^^^^^
lib/features/super_admin/presentation/pages/platform_analytics_page.dart:69:9:
Error: 'GetSchoolGrowthUseCase' isn't a type.
  final GetSchoolGrowthUseCase _schoolGrowthUseCase;
        ^^^^^^^^^^^^^^^^^^^^^^
lib/features/super_admin/presentation/pages/platform_analytics_page.dart:70:9:
Error: 'GetUserGrowthUseCase' isn't a type.
  final GetUserGrowthUseCase _userGrowthUseCase;
        ^^^^^^^^^^^^^^^^^^^^
lib/features/super_admin/presentation/pages/platform_analytics_page.dart:71:9:
Error: 'GetFeatureUsageUseCase' isn't a type.
  final GetFeatureUsageUseCase _featureUsageUseCase;
        ^^^^^^^^^^^^^^^^^^^^^^
lib/features/super_admin/presentation/pages/platform_analytics_page.dart:72:9:
Error: 'GetRetentionMetricsUseCase' isn't a type.
  final GetRetentionMetricsUseCase _retentionUseCase;
        ^^^^^^^^^^^^^^^^^^^^^^^^^^
lib/features/super_admin/presentation/pages/platform_analytics_page.dart:86:53:
Error: Not a constant expression.
    final result = await _schoolGrowthUseCase(const GetPlatformAnalyticsParams());
                                                    ^^^^^^^^^^^^^^^^^^^^^^^^^^
lib/features/super_admin/presentation/pages/platform_analytics_page.dart:94:51:
Error: Not a constant expression.
    final result = await _userGrowthUseCase(const GetPlatformAnalyticsParams());
                                                  ^^^^^^^^^^^^^^^^^^^^^^^^^^
lib/features/super_admin/presentation/pages/platform_analytics_page.dart:102:53:
Error: Not a constant expression.
    final result = await _featureUsageUseCase(const GetPlatformAnalyticsParams());
                                                    ^^^^^^^^^^^^^^^^^^^^^^^^^^
lib/features/super_admin/presentation/pages/platform_analytics_page.dart:117:15:
Error: 'Failure' isn't a type.
  String _map(Failure f) => f.when(
              ^^^^^^^
lib/features/super_admin/presentation/pages/platform_analytics_page.dart:385:56:
Error: The argument type 'FontWeight' can't be assigned to the parameter type 'TextStyle?'.
 - 'FontWeight' is from 'dart:ui'.
 - 'TextStyle' is from 'package:flutter/src/painting/text_style.dart' ('../../flutter_sdk/packages/flutter/lib/src/painting/text_style.dart').
                title: Text(name, style: AppTypography.wSemiBold),
                                                       ^
lib/features/super_admin/presentation/pages/platform_analytics_page.dart:456:55:
Error: The argument type 'FontWeight' can't be assigned to the parameter type 'TextStyle?'.
 - 'FontWeight' is from 'dart:ui'.
 - 'TextStyle' is from 'package:flutter/src/painting/text_style.dart' ('../../flutter_sdk/packages/flutter/lib/src/painting/text_style.dart').
                    Text(cohort, style: AppTypography.wSemiBold),
                                                      ^
lib/features/super_admin/presentation/pages/platform_analytics_page.dart:505:56:
Error: The argument type 'FontWeight' can't be assigned to the parameter type 'TextStyle?'.
 - 'FontWeight' is from 'dart:ui'.
 - 'TextStyle' is from 'package:flutter/src/painting/text_style.dart' ('../../flutter_sdk/packages/flutter/lib/src/painting/text_style.dart').
                title: Text(name, style: AppTypography.wSemiBold),
                                                       ^
lib/features/cbt_engine/data/models/exam_template_models.dart:921:34:
Error: Too many positional arguments: 20 allowed, but 34 found.
  int get hashCode => Object.hash(
                                 ^
org-dartlang-sdk:///dart-sdk/lib/core/object.dart@7726+4:
Info: Found this candidate, but the arguments don't match.
lib/features/cbt_engine/domain/entities/exam_template_entities.dart:571:9:
Error: 'SubmissionType' isn't a type.
  final SubmissionType submissionType;
        ^^^^^^^^^^^^^^
lib/features/cbt_engine/domain/entities/exam_template_entities.dart:589:5:
Error: 'SubmissionType' isn't a type.
    SubmissionType? submissionType,
    ^^^^^^^^^^^^^^
lib/features/question_bank/data/models/question_models.dart:2845:34:
Error: Too many positional arguments: 20 allowed, but 25 found.
  int get hashCode => Object.hash(
                                 ^
org-dartlang-sdk:///dart-sdk/lib/core/object.dart@7726+4:
Info: Found this candidate, but the arguments don't match.
lib/features/results/data/models/results_models.dart:678:34:
Error: Too many positional arguments: 20 allowed, but 25 found.
  int get hashCode => Object.hash(
                                 ^
org-dartlang-sdk:///dart-sdk/lib/core/object.dart@7726+4:
Info: Found this candidate, but the arguments don't match.
lib/features/results/data/models/results_models.dart:1225:34:
Error: Too many positional arguments: 20 allowed, but 24 found.
  int get hashCode => Object.hash(
                                 ^
org-dartlang-sdk:///dart-sdk/lib/core/object.dart@7726+4:
Info: Found this candidate, but the arguments don't match.
lib/features/results/data/models/results_models.dart:1574:34:
Error: Too many positional arguments: 20 allowed, but 25 found.
  int get hashCode => Object.hash(
                                 ^
org-dartlang-sdk:///dart-sdk/lib/core/object.dart@7726+4:
Info: Found this candidate, but the arguments don't match.
lib/features/marketplace/data/models/marketplace_models.dart:928:34:
Error: Too many positional arguments: 20 allowed, but 39 found.
  int get hashCode => Object.hash(
                                 ^
org-dartlang-sdk:///dart-sdk/lib/core/object.dart@7726+4:
Info: Found this candidate, but the arguments don't match.
lib/features/teacher_workspace/data/models/teacher_workspace_models.dart:427:34:
Error: Too many positional arguments: 20 allowed, but 35 found.
  int get hashCode => Object.hash(
                                 ^
org-dartlang-sdk:///dart-sdk/lib/core/object.dart@7726+4:
Info: Found this candidate, but the arguments don't match.
lib/features/teacher_workspace/data/models/teacher_workspace_models.dart:810:34:
Error: Too many positional arguments: 20 allowed, but 28 found.
  int get hashCode => Object.hash(
                                 ^
org-dartlang-sdk:///dart-sdk/lib/core/object.dart@7726+4:
Info: Found this candidate, but the arguments don't match.
lib/features/teacher_workspace/data/models/teacher_workspace_models.dart:1169:34:
Error: Too many positional arguments: 20 allowed, but 27 found.
  int get hashCode => Object.hash(
                                 ^
org-dartlang-sdk:///dart-sdk/lib/core/object.dart@7726+4:
Info: Found this candidate, but the arguments don't match.
lib/features/teacher_workspace/data/models/teacher_workspace_models.dart:1529:34:
Error: Too many positional arguments: 20 allowed, but 27 found.
  int get hashCode => Object.hash(
                                 ^
org-dartlang-sdk:///dart-sdk/lib/core/object.dart@7726+4:
Info: Found this candidate, but the arguments don't match.
lib/features/teacher_workspace/data/models/teacher_workspace_models.dart:1835:34:
Error: Too many positional arguments: 20 allowed, but 22 found.
  int get hashCode => Object.hash(
                                 ^
org-dartlang-sdk:///dart-sdk/lib/core/object.dart@7726+4:
Info: Found this candidate, but the arguments don't match.
lib/features/teacher_workspace/data/models/teacher_workspace_models.dart:2183:34:
Error: Too many positional arguments: 20 allowed, but 27 found.
  int get hashCode => Object.hash(
                                 ^
org-dartlang-sdk:///dart-sdk/lib/core/object.dart@7726+4:
Info: Found this candidate, but the arguments don't match.
lib/features/teacher_workspace/data/models/teacher_workspace_models.dart:2932:34:
Error: Too many positional arguments: 20 allowed, but 22 found.
  int get hashCode => Object.hash(
                                 ^
org-dartlang-sdk:///dart-sdk/lib/core/object.dart@7726+4:
Info: Found this candidate, but the arguments don't match.
lib/features/teacher_workspace/data/models/workspace_expansion_models.dart:360:34:
Error: Too many positional arguments: 20 allowed, but 30 found.
  int get hashCode => Object.hash(
                                 ^
org-dartlang-sdk:///dart-sdk/lib/core/object.dart@7726+4:
Info: Found this candidate, but the arguments don't match.
lib/features/teacher_workspace/data/models/workspace_expansion_models.dart:829:34:
Error: Too many positional arguments: 20 allowed, but 25 found.
  int get hashCode => Object.hash(
                                 ^
org-dartlang-sdk:///dart-sdk/lib/core/object.dart@7726+4:
Info: Found this candidate, but the arguments don't match.
lib/features/teacher_workspace/data/models/workspace_expansion_models.dart:1148:34:
Error: Too many positional arguments: 20 allowed, but 21 found.
  int get hashCode => Object.hash(
                                 ^
org-dartlang-sdk:///dart-sdk/lib/core/object.dart@7726+4:
Info: Found this candidate, but the arguments don't match.
lib/features/teacher_workspace/data/models/workspace_expansion_models.dart:2081:34:
Error: Too many positional arguments: 20 allowed, but 26 found.
  int get hashCode => Object.hash(
                                 ^
org-dartlang-sdk:///dart-sdk/lib/core/object.dart@7726+4:
Info: Found this candidate, but the arguments don't match.
lib/features/billing/data/models/billing_models.dart:421:34:
Error: Too many positional arguments: 20 allowed, but 31 found.
  int get hashCode => Object.hash(
                                 ^
org-dartlang-sdk:///dart-sdk/lib/core/object.dart@7726+4:
Info: Found this candidate, but the arguments don't match.
lib/features/billing/data/models/billing_models.dart:721:34:
Error: Too many positional arguments: 20 allowed, but 26 found.
  int get hashCode => Object.hash(
                                 ^
org-dartlang-sdk:///dart-sdk/lib/core/object.dart@7726+4:
Info: Found this candidate, but the arguments don't match.
lib/features/billing/data/models/billing_models.dart:1045:34:
Error: Too many positional arguments: 20 allowed, but 29 found.
  int get hashCode => Object.hash(
                                 ^
org-dartlang-sdk:///dart-sdk/lib/core/object.dart@7726+4:
Info: Found this candidate, but the arguments don't match.
lib/features/billing/data/models/billing_models.dart:1355:34:
Error: Too many positional arguments: 20 allowed, but 27 found.
  int get hashCode => Object.hash(
                                 ^
org-dartlang-sdk:///dart-sdk/lib/core/object.dart@7726+4:
Info: Found this candidate, but the arguments don't match.
lib/features/billing/data/models/billing_models.dart:2164:34:
Error: Too many positional arguments: 20 allowed, but 23 found.
  int get hashCode => Object.hash(
                                 ^
org-dartlang-sdk:///dart-sdk/lib/core/object.dart@7726+4:
Info: Found this candidate, but the arguments don't match.
lib/shared/widgets/app_text_field.dart:376:7:
Error: No named parameter with the name 'autofocus'.
      autofocus: widget.autofocus,
      ^^^^^^^^^
lib/shared/widgets/app_text_field.dart:24:9:
Info: Found this candidate, but the arguments don't match.
  const AppTextField({
        ^^^^^^^^^^^^
lib/shared/widgets/app_loading.dart:106:7:
Error: No named parameter with the name 'busy'.
      busy: true,
      ^^^^
../../flutter_sdk/packages/flutter/lib/src/widgets/basic.dart:7952:3:
Info: Found this candidate, but the arguments don't match.
  Semantics({
  ^^^^^^^^^
lib/features/notifications/presentation/providers/notification_provider.dart:23:62:
Error: A value of type 'NotificationType?' can't be returned from a function with return type 'NotificationType'.
 - 'NotificationType' is from 'package:examforge_ai/features/notifications/presentation/providers/notification_provider.dart' ('lib/features/notifications/presentation/providers/notification_provider.dart').
    return NotificationType.values.cast<NotificationType?>().firstWhere(
                                                             ^
lib/features/question_bank/presentation/widgets/stats_overview.dart:469:34:
Error: The getter 'QuestionTypeBadgeVariant' isn't defined for the type 'StatsOverview'.
 - 'StatsOverview' is from 'package:examforge_ai/features/question_bank/presentation/widgets/stats_overview.dart' ('lib/features/question_bank/presentation/widgets/stats_overview.dart').
                        variant: QuestionTypeBadgeVariant.iconOnly,
                                 ^^^^^^^^^^^^^^^^^^^^^^^^
lib/features/question_bank/presentation/widgets/stats_overview.dart:470:31:
Error: The getter 'QuestionTypeBadgeSize' isn't defined for the type 'StatsOverview'.
 - 'StatsOverview' is from 'package:examforge_ai/features/question_bank/presentation/widgets/stats_overview.dart' ('lib/features/question_bank/presentation/widgets/stats_overview.dart').
                        size: QuestionTypeBadgeSize.small,
                              ^^^^^^^^^^^^^^^^^^^^^
lib/features/question_bank/presentation/widgets/stats_overview.dart:467:23:
Error: The method 'QuestionTypeBadge' isn't defined for the type 'StatsOverview'.
 - 'StatsOverview' is from 'package:examforge_ai/features/question_bank/presentation/widgets/stats_overview.dart' ('lib/features/question_bank/presentation/widgets/stats_overview.dart').
                      QuestionTypeBadge(
                      ^^^^^^^^^^^^^^^^^
lib/features/question_bank/presentation/widgets/answer_options_editor.dart:482:21:
Error: The argument type 'void Function()?' can't be assigned to the parameter type 'void Function()'.
                    ? () => _removeOption(index)
                    ^
lib/features/question_bank/presentation/widgets/fill_in_blank_editor.dart:87:37:
Error: Member not found: 'match_case_rounded'.
                            ? Icons.match_case_rounded
                                    ^^^^^^^^^^^^^^^^^^
lib/features/cbt_engine/presentation/widgets/question_selector_widget.dart:90:44:
Error: The getter 'type' isn't defined for the type 'QuestionEntity'.
 - 'QuestionEntity' is from 'package:examforge_ai/features/question_bank/domain/entities/question_entities.dart' ('lib/features/question_bank/domain/entities/question_entities.dart').
      questions = questions.where((q) => q.type == _typeFilter).toList();
                                           ^^^^
lib/features/cbt_engine/presentation/widgets/question_selector_widget.dart:466:44:
Error: The getter 'type' isn't defined for the type 'QuestionEntity'.
 - 'QuestionEntity' is from 'package:examforge_ai/features/question_bank/domain/entities/question_entities.dart' ('lib/features/question_bank/domain/entities/question_entities.dart').
                            type: question.type,
                                           ^^^^
lib/features/cbt_engine/presentation/widgets/question_selector_widget.dart:474:41:
Error: The getter 'options' isn't defined for the type 'QuestionEntity'.
 - 'QuestionEntity' is from 'package:examforge_ai/features/question_bank/domain/entities/question_entities.dart' ('lib/features/question_bank/domain/entities/question_entities.dart').
                            '${question.options.length} options',
                                        ^^^^^^^
lib/features/cbt_engine/presentation/widgets/question_navigator.dart:200:33:
Error: Too many positional arguments: 0 allowed, but 1 found.
                      Positioned(
                                ^
../../flutter_sdk/packages/flutter/lib/src/widgets/basic.dart:5022:9:
Info: Found this candidate, but the arguments don't match.
  const Positioned({
        ^^^^^^^^^^
lib/features/cbt_engine/presentation/widgets/question_display_widget.dart:102:59:
Error: The argument type 'List<QuestionAttachmentEntity>' can't be assigned to the parameter type 'List<String>'.
 - 'List' is from 'dart:core'.
 - 'QuestionAttachmentEntity' is from 'package:examforge_ai/features/question_bank/domain/entities/question_entities.dart' ('lib/features/question_bank/domain/entities/question_entities.dart').
              _buildAttachments(context, cs, tt, question.attachments),
                                                          ^
lib/features/cbt_engine/presentation/widgets/question_display_widget.dart:193:38:
Error: The getter 'type' isn't defined for the type 'QuestionEntity'.
 - 'QuestionEntity' is from 'package:examforge_ai/features/question_bank/domain/entities/question_entities.dart' ('lib/features/question_bank/domain/entities/question_entities.dart').
                      type: question.type,
                                     ^^^^
lib/features/cbt_engine/presentation/widgets/question_display_widget.dart:353:34:
Error: The getter 'type' isn't defined for the type 'QuestionEntity'.
 - 'QuestionEntity' is from 'package:examforge_ai/features/question_bank/domain/entities/question_entities.dart' ('lib/features/question_bank/domain/entities/question_entities.dart').
          questionType: question.type,
                                 ^^^^
lib/features/cbt_engine/presentation/widgets/question_display_widget.dart:354:29:
Error: The getter 'options' isn't defined for the type 'QuestionEntity'.
 - 'QuestionEntity' is from 'package:examforge_ai/features/question_bank/domain/entities/question_entities.dart' ('lib/features/question_bank/domain/entities/question_entities.dart').
          options: question.options,
                            ^^^^^^^
lib/features/cbt_engine/presentation/widgets/question_display_widget.dart:358:35:
Error: The getter 'type' isn't defined for the type 'QuestionEntity'.
 - 'QuestionEntity' is from 'package:examforge_ai/features/question_bank/domain/entities/question_entities.dart' ('lib/features/question_bank/domain/entities/question_entities.dart').
          maxCharacters: question.type == QuestionType.essay ? 5000 : null,
                                  ^^^^
lib/features/cbt_engine/presentation/widgets/question_display_widget.dart:359:28:
Error: The getter 'type' isn't defined for the type 'QuestionEntity'.
 - 'QuestionEntity' is from 'package:examforge_ai/features/question_bank/domain/entities/question_entities.dart' ('lib/features/question_bank/domain/entities/question_entities.dart').
          blanks: question.type == QuestionType.fillInBlank
                           ^^^^
lib/features/cbt_engine/presentation/widgets/question_display_widget.dart:365:35:
Error: The getter 'type' isn't defined for the type 'QuestionEntity'.
 - 'QuestionEntity' is from 'package:examforge_ai/features/question_bank/domain/entities/question_entities.dart' ('lib/features/question_bank/domain/entities/question_entities.dart').
          matchingPairs: question.type == QuestionType.matching
                                  ^^^^
lib/features/cbt_engine/presentation/widgets/question_display_widget.dart:370:32:
Error: The getter 'type' isn't defined for the type 'QuestionEntity'.
 - 'QuestionEntity' is from 'package:examforge_ai/features/question_bank/domain/entities/question_entities.dart' ('lib/features/question_bank/domain/entities/question_entities.dart').
          orderItems: question.type == QuestionType.ordering
                               ^^^^
lib/features/cbt_engine/presentation/widgets/question_display_widget.dart:371:26:
Error: The getter 'options' isn't defined for the type 'QuestionEntity'.
 - 'QuestionEntity' is from 'package:examforge_ai/features/question_bank/domain/entities/question_entities.dart' ('lib/features/question_bank/domain/entities/question_entities.dart').
              ? question.options.map((o) => o.text).toList()
                         ^^^^^^^
lib/features/school_management/presentation/providers/school_provider.dart:354:51:
Error: The argument type 'List<dynamic> Function()' can't be assigned to the parameter type 'List<SchoolBranchEntity>'.
 - 'List' is from 'dart:core'.
 - 'SchoolBranchEntity' is from 'package:examforge_ai/features/school_management/domain/entities/school_management_entities.dart' ('lib/features/school_management/domain/entities/school_management_entities.dart').
        final branches = branchesResult.getOrElse(() => []);
                                                  ^
lib/features/school_management/presentation/providers/school_provider.dart:355:57:
Error: The argument type 'List<dynamic> Function()' can't be assigned to the parameter type 'List<DepartmentEntity>'.
 - 'List' is from 'dart:core'.
 - 'DepartmentEntity' is from 'package:examforge_ai/features/school_management/domain/entities/school_management_entities.dart' ('lib/features/school_management/domain/entities/school_management_entities.dart').
        final departments = departmentsResult.getOrElse(() => []);
                                                        ^
lib/features/school_management/presentation/providers/student_provider.dart:464:45:
Error: The argument type 'List<dynamic> Function()' can't be assigned to the parameter type 'List<ParentStudentLinkEntity>'.
 - 'List' is from 'dart:core'.
 - 'ParentStudentLinkEntity' is from 'package:examforge_ai/features/school_management/domain/entities/school_management_entities.dart' ('lib/features/school_management/domain/entities/school_management_entities.dart').
        final links = linksResult.getOrElse(() => []);
                                            ^
lib/features/school_management/presentation/providers/student_provider.dart:465:49:
Error: The argument type 'List<dynamic> Function()' can't be assigned to the parameter type 'List<PromotionHistoryEntity>'.
 - 'List' is from 'dart:core'.
 - 'PromotionHistoryEntity' is from 'package:examforge_ai/features/school_management/domain/entities/school_management_entities.dart' ('lib/features/school_management/domain/entities/school_management_entities.dart').
        final history = historyResult.getOrElse(() => []);
                                                ^
lib/features/school_management/presentation/providers/homework_provider.dart:339:57:
Error: The argument type 'List<dynamic> Function()' can't be assigned to the parameter type 'List<HomeworkSubmissionEntity>'.
 - 'List' is from 'dart:core'.
 - 'HomeworkSubmissionEntity' is from 'package:examforge_ai/features/school_management/domain/entities/school_management_entities.dart' ('lib/features/school_management/domain/entities/school_management_entities.dart').
        final submissions = submissionsResult.getOrElse(() => []);
                                                        ^
lib/features/exam_ecosystem/presentation/widgets/exam_body_card.dart:225:22:
Error: Member not found: 'university_rounded'.
        return Icons.university_rounded;
                     ^^^^^^^^^^^^^^^^^^
lib/features/admission_hub/presentation/providers/admission_hub_provider.dart:130:32:
Error: The argument type 'int?' can't be assigned to the parameter type 'int'.
      currentPage: currentPage ?? currentPage,
                               ^
lib/features/ai_coach/presentation/providers/ai_coach_provider.dart:120:32:
Error: The argument type 'int?' can't be assigned to the parameter type 'int'.
      currentPage: currentPage ?? currentPage,
                               ^
lib/features/marketing/presentation/providers/marketing_provider.dart:47:26:
Error: 'Failure' isn't a type.
  String _extractMessage(Failure failure) => failure.when(
                         ^^^^^^^
lib/features/edu_os/domain/entities/edu_os_entities.dart:41:42:
Error: Not a constant expression.
      case ModuleTier.free: return const Color(0xFF9CA3AF);
                                         ^^^^^
lib/features/edu_os/domain/entities/edu_os_entities.dart:42:45:
Error: Not a constant expression.
      case ModuleTier.starter: return const Color(0xFF22C55E);
                                            ^^^^^
lib/features/edu_os/domain/entities/edu_os_entities.dart:43:50:
Error: Not a constant expression.
      case ModuleTier.professional: return const Color(0xFF8B5CF6);
                                                 ^^^^^
lib/features/edu_os/domain/entities/edu_os_entities.dart:44:48:
Error: Not a constant expression.
      case ModuleTier.enterprise: return const Color(0xFFF59E0B);
                                               ^^^^^
lib/features/edu_os/presentation/providers/edu_os_provider.dart:57:26:
Error: 'Failure' isn't a type.
  String _extractMessage(Failure failure) => failure.when(
                         ^^^^^^^
lib/features/analytics_dashboard/presentation/providers/analytics_dashboard_provider.dart:62:26:
Error: 'Failure' isn't a type.
  String _extractMessage(Failure failure) => failure.when(
                         ^^^^^^^
lib/features/super_admin/presentation/widgets/super_admin_widgets.dart:435:27:
Error: Member not found: 'paddingXl'.
        padding: Spacings.paddingXl,
                          ^^^^^^^^^
lib/features/cbt_engine/presentation/widgets/answer_input_widget.dart:144:32:
Error: The getter 'text' isn't defined for the type 'AnswerOptionEntity'.
 - 'AnswerOptionEntity' is from 'package:examforge_ai/features/question_bank/domain/entities/question_entities.dart' ('lib/features/question_bank/domain/entities/question_entities.dart').
                        option.text,
                               ^^^^
lib/features/cbt_engine/presentation/widgets/answer_input_widget.dart:219:32:
Error: The getter 'text' isn't defined for the type 'AnswerOptionEntity'.
 - 'AnswerOptionEntity' is from 'package:examforge_ai/features/question_bank/domain/entities/question_entities.dart' ('lib/features/question_bank/domain/entities/question_entities.dart').
                        option.text,
                               ^^^^
lib/features/cbt_engine/presentation/widgets/answer_input_widget.dart:259:20:
Error: The getter 'AppColors' isn't defined for the type 'AnswerInputWidget'.
 - 'AnswerInputWidget' is from 'package:examforge_ai/features/cbt_engine/presentation/widgets/answer_input_widget.dart' ('lib/features/cbt_engine/presentation/widgets/answer_input_widget.dart').
            color: AppColors.successOf(cs.brightness),
                   ^^^^^^^^^
lib/features/cbt_engine/presentation/widgets/answer_input_widget.dart:272:20:
Error: The getter 'AppColors' isn't defined for the type 'AnswerInputWidget'.
 - 'AnswerInputWidget' is from 'package:examforge_ai/features/cbt_engine/presentation/widgets/answer_input_widget.dart' ('lib/features/cbt_engine/presentation/widgets/answer_input_widget.dart').
            color: AppColors.errorOf(cs.brightness),
                   ^^^^^^^^^
lib/features/cbt_engine/presentation/widgets/answer_input_widget.dart:589:19:
Error: The getter 'AppColors' isn't defined for the type 'AnswerInputWidget'.
 - 'AnswerInputWidget' is from 'package:examforge_ai/features/cbt_engine/presentation/widgets/answer_input_widget.dart' ('lib/features/cbt_engine/presentation/widgets/answer_input_widget.dart').
                ? AppColors.errorOf(cs.brightness)
                  ^^^^^^^^^
lib/features/cbt_engine/presentation/widgets/answer_input_widget.dart:616:27:
Error: The argument type 'IconData' can't be assigned to the parameter type 'Widget?'.
 - 'IconData' is from 'package:flutter/src/widgets/icon_data.dart' ('../../flutter_sdk/packages/flutter/lib/src/widgets/icon_data.dart').
 - 'Widget' is from 'package:flutter/src/widgets/framework.dart' ('../../flutter_sdk/packages/flutter/lib/src/widgets/framework.dart').
        prefixIcon: Icons.calculate_rounded,
                          ^
lib/features/ccms/data/datasources/ccms_remote_datasource.dart:576:31:
Error: Too few positional arguments: 3 required, 2 given.
          query = query.filter('parent_topic_id', 'is.null');
                              ^
lib/features/ccms/data/datasources/ccms_remote_datasource.dart:726:31:
Error: Too few positional arguments: 3 required, 2 given.
          query = query.filter('subtopic_id', 'is.null');
                              ^
lib/features/ccms/presentation/widgets/level_category_card.dart:146:51:
Error: The method 'copyWith' isn't defined for the type 'TextStyle? Function()'.
 - 'TextStyle' is from 'package:flutter/src/painting/text_style.dart' ('../../flutter_sdk/packages/flutter/lib/src/painting/text_style.dart').
                  style: AppTypography.labelSmall.copyWith(
                                                  ^^^^^^^^
lib/features/ccms/presentation/widgets/subject_card.dart:255:57:
Error: The method 'copyWith' isn't defined for the type 'TextStyle? Function()'.
 - 'TextStyle' is from 'package:flutter/src/painting/text_style.dart' ('../../flutter_sdk/packages/flutter/lib/src/painting/text_style.dart').
                        style: AppTypography.labelSmall.copyWith(
                                                        ^^^^^^^^
lib/features/ccms/presentation/widgets/subject_card.dart:344:45:
Error: The method 'copyWith' isn't defined for the type 'TextStyle? Function()'.
 - 'TextStyle' is from 'package:flutter/src/painting/text_style.dart' ('../../flutter_sdk/packages/flutter/lib/src/painting/text_style.dart').
            style: AppTypography.labelSmall.copyWith(
                                            ^^^^^^^^
lib/features/ccms/presentation/widgets/content_item_card.dart:141:55:
Error: The method 'copyWith' isn't defined for the type 'TextStyle? Function()'.
 - 'TextStyle' is from 'package:flutter/src/painting/text_style.dart' ('../../flutter_sdk/packages/flutter/lib/src/painting/text_style.dart').
                      style: AppTypography.labelSmall.copyWith(
                                                      ^^^^^^^^
lib/features/ccms/presentation/widgets/content_item_card.dart:175:59:
Error: The method 'copyWith' isn't defined for the type 'TextStyle? Function()'.
 - 'TextStyle' is from 'package:flutter/src/painting/text_style.dart' ('../../flutter_sdk/packages/flutter/lib/src/painting/text_style.dart').
                          style: AppTypography.labelSmall.copyWith(
                                                          ^^^^^^^^
lib/features/ccms/presentation/widgets/content_item_card.dart:214:61:
Error: The method 'copyWith' isn't defined for the type 'TextStyle? Function()'.
 - 'TextStyle' is from 'package:flutter/src/painting/text_style.dart' ('../../flutter_sdk/packages/flutter/lib/src/painting/text_style.dart').
                            style: AppTypography.labelSmall.copyWith(
                                                            ^^^^^^^^
lib/features/ccms/presentation/widgets/content_type_badge.dart:101:47:
Error: The method 'copyWith' isn't defined for the type 'TextStyle? Function()'.
 - 'TextStyle' is from 'package:flutter/src/painting/text_style.dart' ('../../flutter_sdk/packages/flutter/lib/src/painting/text_style.dart').
              style: AppTypography.labelSmall.copyWith(
                                              ^^^^^^^^
lib/features/ccms/presentation/widgets/difficulty_indicator.dart:93:45:
Error: The method 'copyWith' isn't defined for the type 'TextStyle? Function()'.
 - 'TextStyle' is from 'package:flutter/src/painting/text_style.dart' ('../../flutter_sdk/packages/flutter/lib/src/painting/text_style.dart').
            style: AppTypography.labelSmall.copyWith(
                                            ^^^^^^^^
lib/features/ccms/presentation/widgets/difficulty_indicator.dart:146:47:
Error: The method 'copyWith' isn't defined for the type 'TextStyle? Function()'.
 - 'TextStyle' is from 'package:flutter/src/painting/text_style.dart' ('../../flutter_sdk/packages/flutter/lib/src/painting/text_style.dart').
              style: AppTypography.labelSmall.copyWith(
                                              ^^^^^^^^
lib/features/ccms/presentation/widgets/quality_score_indicator.dart:99:45:
Error: The method 'copyWith' isn't defined for the type 'TextStyle? Function()'.
 - 'TextStyle' is from 'package:flutter/src/painting/text_style.dart' ('../../flutter_sdk/packages/flutter/lib/src/painting/text_style.dart').
            style: AppTypography.labelSmall.copyWith(
                                            ^^^^^^^^
lib/features/ccms/presentation/widgets/bloom_taxonomy_selector.dart:103:44:
Error: The method 'copyWith' isn't defined for the type 'TextStyle? Function()'.
 - 'TextStyle' is from 'package:flutter/src/painting/text_style.dart' ('../../flutter_sdk/packages/flutter/lib/src/painting/text_style.dart').
          style: AppTypography.labelMedium.copyWith(
                                           ^^^^^^^^
lib/features/ccms/presentation/widgets/bloom_taxonomy_selector.dart:162:56:
Error: The method 'copyWith' isn't defined for the type 'TextStyle? Function()'.
 - 'TextStyle' is from 'package:flutter/src/painting/text_style.dart' ('../../flutter_sdk/packages/flutter/lib/src/painting/text_style.dart').
                      style: AppTypography.labelMedium.copyWith(
                                                       ^^^^^^^^
lib/features/ccms/presentation/widgets/bloom_taxonomy_selector.dart:182:44:
Error: The method 'copyWith' isn't defined for the type 'TextStyle? Function()'.
 - 'TextStyle' is from 'package:flutter/src/painting/text_style.dart' ('../../flutter_sdk/packages/flutter/lib/src/painting/text_style.dart').
            style: AppTypography.bodySmall.copyWith(
                                           ^^^^^^^^
lib/features/ccms/presentation/widgets/curriculum_type_badge.dart:86:47:
Error: The method 'copyWith' isn't defined for the type 'TextStyle? Function()'.
 - 'TextStyle' is from 'package:flutter/src/painting/text_style.dart' ('../../flutter_sdk/packages/flutter/lib/src/painting/text_style.dart').
              style: AppTypography.labelSmall.copyWith(
                                              ^^^^^^^^
lib/features/ccms/presentation/widgets/learning_objective_chip.dart:106:51:
Error: The method 'copyWith' isn't defined for the type 'TextStyle? Function()'.
 - 'TextStyle' is from 'package:flutter/src/painting/text_style.dart' ('../../flutter_sdk/packages/flutter/lib/src/painting/text_style.dart').
                  style: AppTypography.labelSmall.copyWith(
                                                  ^^^^^^^^
lib/features/ccms/presentation/widgets/learning_objective_chip.dart:120:48:
Error: The method 'copyWith' isn't defined for the type 'TextStyle? Function()'.
 - 'TextStyle' is from 'package:flutter/src/painting/text_style.dart' ('../../flutter_sdk/packages/flutter/lib/src/painting/text_style.dart').
                style: AppTypography.bodySmall.copyWith(
                                               ^^^^^^^^
lib/features/ccms/presentation/widgets/learning_objective_chip.dart:195:49:
Error: The method 'copyWith' isn't defined for the type 'TextStyle? Function()'.
 - 'TextStyle' is from 'package:flutter/src/painting/text_style.dart' ('../../flutter_sdk/packages/flutter/lib/src/painting/text_style.dart').
                style: AppTypography.labelSmall.copyWith(
                                                ^^^^^^^^
lib/features/ccms/presentation/widgets/import_progress_indicator.dart:285:45:
Error: The method 'copyWith' isn't defined for the type 'TextStyle? Function()'.
 - 'TextStyle' is from 'package:flutter/src/painting/text_style.dart' ('../../flutter_sdk/packages/flutter/lib/src/painting/text_style.dart').
            style: AppTypography.labelSmall.copyWith(
                                            ^^^^^^^^
lib/features/ccms/presentation/widgets/filter_panel.dart:177:55:
Error: The method 'copyWith' isn't defined for the type 'TextStyle? Function()'.
 - 'TextStyle' is from 'package:flutter/src/painting/text_style.dart' ('../../flutter_sdk/packages/flutter/lib/src/painting/text_style.dart').
                      style: AppTypography.labelSmall.copyWith(
                                                      ^^^^^^^^
lib/features/ccms/presentation/widgets/answer_display.dart:200:45:
Error: The method 'copyWith' isn't defined for the type 'TextStyle? Function()'.
 - 'TextStyle' is from 'package:flutter/src/painting/text_style.dart' ('../../flutter_sdk/packages/flutter/lib/src/painting/text_style.dart').
            style: AppTypography.labelSmall.copyWith(
                                            ^^^^^^^^
lib/features/ccms/presentation/widgets/answer_display.dart:279:59:
Error: The method 'copyWith' isn't defined for the type 'TextStyle? Function()'.
 - 'TextStyle' is from 'package:flutter/src/painting/text_style.dart' ('../../flutter_sdk/packages/flutter/lib/src/painting/text_style.dart').
                          style: AppTypography.labelSmall.copyWith(
                                                          ^^^^^^^^
lib/features/ccms/presentation/widgets/audit_entry_tile.dart:98:48:
Error: The getter 'timestamp' isn't defined for the type 'AuditEntry'.
 - 'AuditEntry' is from 'package:examforge_ai/features/ccms/domain/entities/ccms_entities.dart' ('lib/features/ccms/domain/entities/ccms_entities.dart').
        '${entry.userId} · ${_formatDate(entry.timestamp)}',
                                               ^^^^^^^^^
lib/features/ccms/presentation/widgets/alert_incident_card.dart:65:32:
Error: The getter 'message' isn't defined for the type 'AlertIncident'.
 - 'AlertIncident' is from 'package:examforge_ai/features/ccms/domain/entities/ccms_entities.dart' ('lib/features/ccms/domain/entities/ccms_entities.dart').
                      incident.message,
                               ^^^^^^^
lib/features/ccms/presentation/widgets/alert_incident_card.dart:81:61:
Error: The method 'copyWith' isn't defined for the type 'TextStyle? Function()'.
 - 'TextStyle' is from 'package:flutter/src/painting/text_style.dart' ('../../flutter_sdk/packages/flutter/lib/src/painting/text_style.dart').
                            style: AppTypography.labelSmall.copyWith(color: color, fontWeight: AppTypography.wBold),
                                                            ^^^^^^^^
lib/features/ccms/presentation/widgets/alert_incident_card.dart:86:48:
Error: The getter 'triggeredAt' isn't defined for the type 'AlertIncident'.
 - 'AlertIncident' is from 'package:examforge_ai/features/ccms/domain/entities/ccms_entities.dart' ('lib/features/ccms/domain/entities/ccms_entities.dart').
                          _formatDate(incident.triggeredAt),
                                               ^^^^^^^^^^^
lib/features/ai_coach/data/datasources/ai_coach_remote_datasource.dart:101:25:
Error: The getter 'statusCode' isn't defined for the type 'PostgrestException'.
 - 'PostgrestException' is from 'package:postgrest/src/types.dart' ('../../.pub-cache/hosted/pub.dev/postgrest-2.8.0/lib/src/types.dart').
          statusCode: e.statusCode ?? 500,
                        ^^^^^^^^^^
lib/features/customer_success/data/repositories/customer_success_repository_impl.dart:223:90:
Error: Duplicated named argument 'fieldErrors'.
      return FailureResult(Failure.validation(fieldErrors: const {}, message: e.message, fieldErrors: e.fieldErrors));
                                                                                         ^^^^^^^^^^^
lib/features/customer_success/data/repositories/customer_success_repository_impl.dart:301:90:
Error: Duplicated named argument 'fieldErrors'.
      return FailureResult(Failure.validation(fieldErrors: const {}, message: e.message, fieldErrors: e.fieldErrors));
                                                                                         ^^^^^^^^^^^
lib/features/marketing/data/repositories/marketing_repository_impl.dart:18:118:
Error: Duplicated named argument 'fieldErrors'.
    if (e is ValidationException) return FailureResult(Failure.validation(fieldErrors: const {}, message: e.message, fieldErrors: e.fieldErrors));
                                                                                          ^^^^^^^^^^^
lib/routing/route_names.dart:1064:54:
Error: Constant evaluation error:
  static const Set<String> protectedRoutes = <String>{
                                                     ^
lib/routing/route_names.dart:1206:5:
Info: The element '"/school-management/announcements"' conflicts with another existing element in the set.
    announcementList,
    ^
lib/routing/route_names.dart:1064:28:
Info: While analyzing:
  static const Set<String> protectedRoutes = <String>{
                           ^
lib/features/student_portal/data/models/student_portal_models.dart:888:59:
Error: Non-constant list literal is not a constant expression.
  StudyPlanEntity toEntity({List<StudyTaskEntity> tasks = []}) =>
                                                          ^
lib/features/communication/data/models/communication_models.dart:1086:27:
Error: Non-constant list literal is not a constant expression.
    this.targetAudience = ['all'],
                          ^
lib/features/communication/data/models/communication_models.dart:1086:10:
Error: Non-constant list literal is not a constant expression.
    this.targetAudience = ['all'],
         ^
lib/features/communication/data/models/communication_models.dart:2480:27:
Error: Non-constant list literal is not a constant expression.
    this.targetAudience = ['all'],
                          ^
lib/features/communication/data/models/communication_models.dart:2490:28:
Error: Non-constant list literal is not a constant expression.
    this.reminderMinutes = [15, 60],
                           ^
lib/features/communication/data/models/communication_models.dart:2480:10:
Error: Non-constant list literal is not a constant expression.
    this.targetAudience = ['all'],
         ^
lib/features/communication/data/models/communication_models.dart:2490:10:
Error: Non-constant list literal is not a constant expression.
    this.reminderMinutes = [15, 60],
         ^
lib/features/communication/domain/entities/communication_entities.dart:615:27:
Error: Non-constant list literal is not a constant expression.
    this.targetAudience = ['all'],
                          ^
lib/features/communication/domain/entities/communication_entities.dart:615:10:
Error: Non-constant list literal is not a constant expression.
    this.targetAudience = ['all'],
         ^
lib/features/communication/domain/entities/communication_entities.dart:1161:27:
Error: Non-constant list literal is not a constant expression.
    this.targetAudience = ['all'],
                          ^
lib/features/communication/domain/entities/communication_entities.dart:1171:28:
Error: Non-constant list literal is not a constant expression.
    this.reminderMinutes = [15, 60],
                           ^
lib/features/communication/domain/entities/communication_entities.dart:1161:10:
Error: Non-constant list literal is not a constant expression.
    this.targetAudience = ['all'],
         ^
lib/features/communication/domain/entities/communication_entities.dart:1171:10:
Error: Non-constant list literal is not a constant expression.
    this.reminderMinutes = [15, 60],
         ^
Error: Compilation failed.
  Command: /home/z/flutter_sdk/bin/cache/dart-sdk/bin/dart compile js --platform-binaries=/home/z/flutter_sdk/bin/cache/flutter_web_sdk/kernel --invoker=flutter_tool -Ddart.vm.product=true -DFLUTTER_VERSION=3.44.7 -DFLUTTER_CHANNEL=stable -DFLUTTER_GIT_URL=https://github.com/flutter/flutter.git -DFLUTTER_FRAMEWORK_REVISION=84fc5cbb22 -DFLUTTER_ENGINE_REVISION=69c8c61792 -DFLUTTER_DART_VERSION=3.12.2 -DFLUTTER_WEB_USE_SKIA=true -DFLUTTER_WEB_USE_SKWASM=false -DFLUTTER_WEB_CANVASKIT_URL=https://www.gstatic.com/flutter-canvaskit/69c8c61792f04cc809dfef0c910414fb9afc06cd/ --native-null-assertions --no-source-maps -O4 --minify -o /home/z/my-project/examforge_ai/.dart_tool/flutter_build/4a2b63d66e6174ae1b8f680e2beb23e0/app.dill --packages=/home/z/my-project/examforge_ai/.dart_tool/package_config.json --cfe-only /home/z/my-project/examforge_ai/.dart_tool/flutter_build/4a2b63d66e6174ae1b8f680e2beb23e0/main.dart
#0      RunResult.throwException (package:flutter_tools/src/base/process.dart:153:5)
#1      _DefaultProcessUtils.run (package:flutter_tools/src/base/process.dart:379:19)
<asynchronous suspension>
#2      Dart2JSTarget.build (package:flutter_tools/src/build_system/targets/web.dart:208:5)
<asynchronous suspension>
#3      _BuildInstance._invokeInternal (package:flutter_tools/src/build_system/build_system.dart:937:9)
<asynchronous suspension>
#4      Future.wait.<anonymous closure> (dart:async/future.dart:546:21)
<asynchronous suspension>
#5      _BuildInstance.invokeTarget (package:flutter_tools/src/build_system/build_system.dart:875:32)
<asynchronous suspension>
#6      Future.wait.<anonymous closure> (dart:async/future.dart:546:21)
<asynchronous suspension>
#7      _BuildInstance.invokeTarget (package:flutter_tools/src/build_system/build_system.dart:875:32)
<asynchronous suspension>
#8      FlutterBuildSystem.build (package:flutter_tools/src/build_system/build_system.dart:684:16)
<asynchronous suspension>
#9      WebBuilder.buildWeb (package:flutter_tools/src/web/compile.dart:107:34)
<asynchronous suspension>
#10     BuildWebCommand.runCommand (package:flutter_tools/src/commands/build_web.dart:293:5)
<asynchronous suspension>
#11     FlutterCommand.run.<anonymous closure> (package:flutter_tools/src/runner/flutter_command.dart:1630:27)
<asynchronous suspension>
#12     AppContext.run.<anonymous closure> (package:flutter_tools/src/base/context.dart:154:19)
<asynchronous suspension>
#13     CommandRunner.runCommand (package:args/command_runner.dart:212:13)
<asynchronous suspension>
#14     FlutterCommandRunner.runCommand.<anonymous closure> (package:flutter_tools/src/runner/flutter_command_runner.dart:496:9)
<asynchronous suspension>
#15     AppContext.run.<anonymous closure> (package:flutter_tools/src/base/context.dart:154:19)
<asynchronous suspension>
#16     FlutterCommandRunner.runCommand (package:flutter_tools/src/runner/flutter_command_runner.dart:431:5)
<asynchronous suspension>
#17     FlutterCommandRunner.run.<anonymous closure> (package:flutter_tools/src/runner/flutter_command_runner.dart:307:33)
<asynchronous suspension>
#18     run.<anonymous closure>.<anonymous closure> (package:flutter_tools/runner.dart:104:11)
<asynchronous suspension>
#19     AppContext.run.<anonymous closure> (package:flutter_tools/src/base/context.dart:154:19)
<asynchronous suspension>
#20     main (package:flutter_tools/executable.dart:103:3)
<asynchronous suspension>

Compiling lib/main.dart for the Web...                             76.6s
Error: Failed to compile application for the Web.
